Archive member included because of file (symbol)

c:/siliconlabs/simplicitystudio/v4/developer/toolchains/gnu_arm/4.9_2015q3/bin/../lib/gcc/arm-none-eabi/4.9.3/armv7-m\libgcc.a(unwind-arm.o)
                              ./Source/EFM32/EFM32_Timer0.o (__aeabi_unwind_cpp_pr0)
c:/siliconlabs/simplicitystudio/v4/developer/toolchains/gnu_arm/4.9_2015q3/bin/../lib/gcc/arm-none-eabi/4.9.3/armv7-m\libgcc.a(libunwind.o)
                              c:/siliconlabs/simplicitystudio/v4/developer/toolchains/gnu_arm/4.9_2015q3/bin/../lib/gcc/arm-none-eabi/4.9.3/armv7-m\libgcc.a(unwind-arm.o) (restore_core_regs)
c:/siliconlabs/simplicitystudio/v4/developer/toolchains/gnu_arm/4.9_2015q3/bin/../lib/gcc/arm-none-eabi/4.9.3/armv7-m\libgcc.a(pr-support.o)
                              c:/siliconlabs/simplicitystudio/v4/developer/toolchains/gnu_arm/4.9_2015q3/bin/../lib/gcc/arm-none-eabi/4.9.3/armv7-m\libgcc.a(unwind-arm.o) (__gnu_unwind_execute)
c:/siliconlabs/simplicitystudio/v4/developer/toolchains/gnu_arm/4.9_2015q3/bin/../lib/gcc/arm-none-eabi/4.9.3/../../../../arm-none-eabi/lib/armv7-m\libstdc++_nano.a(del_op.o)
                              ./Factory/Factory.o (operator delete(void*))
c:/siliconlabs/simplicitystudio/v4/developer/toolchains/gnu_arm/4.9_2015q3/bin/../lib/gcc/arm-none-eabi/4.9.3/../../../../arm-none-eabi/lib/armv7-m\libstdc++_nano.a(si_class_type_info.o)
                              ./Source/Application/InitState.o (vtable for __cxxabiv1::__si_class_type_info)
c:/siliconlabs/simplicitystudio/v4/developer/toolchains/gnu_arm/4.9_2015q3/bin/../lib/gcc/arm-none-eabi/4.9.3/../../../../arm-none-eabi/lib/armv7-m\libstdc++_nano.a(eh_personality.o)
                              ./Factory/Factory.o (__gxx_personality_v0)
c:/siliconlabs/simplicitystudio/v4/developer/toolchains/gnu_arm/4.9_2015q3/bin/../lib/gcc/arm-none-eabi/4.9.3/../../../../arm-none-eabi/lib/armv7-m\libstdc++_nano.a(eh_terminate.o)
                              c:/siliconlabs/simplicitystudio/v4/developer/toolchains/gnu_arm/4.9_2015q3/bin/../lib/gcc/arm-none-eabi/4.9.3/../../../../arm-none-eabi/lib/armv7-m\libstdc++_nano.a(eh_personality.o) (std::terminate())
c:/siliconlabs/simplicitystudio/v4/developer/toolchains/gnu_arm/4.9_2015q3/bin/../lib/gcc/arm-none-eabi/4.9.3/../../../../arm-none-eabi/lib/armv7-m\libstdc++_nano.a(tinfo.o)
                              c:/siliconlabs/simplicitystudio/v4/developer/toolchains/gnu_arm/4.9_2015q3/bin/../lib/gcc/arm-none-eabi/4.9.3/../../../../arm-none-eabi/lib/armv7-m\libstdc++_nano.a(si_class_type_info.o) (std::type_info::__is_pointer_p() const)
c:/siliconlabs/simplicitystudio/v4/developer/toolchains/gnu_arm/4.9_2015q3/bin/../lib/gcc/arm-none-eabi/4.9.3/../../../../arm-none-eabi/lib/armv7-m\libstdc++_nano.a(eh_arm.o)
                              ./Factory/Factory.o (__cxa_end_cleanup)
c:/siliconlabs/simplicitystudio/v4/developer/toolchains/gnu_arm/4.9_2015q3/bin/../lib/gcc/arm-none-eabi/4.9.3/../../../../arm-none-eabi/lib/armv7-m\libstdc++_nano.a(class_type_info.o)
                              c:/siliconlabs/simplicitystudio/v4/developer/toolchains/gnu_arm/4.9_2015q3/bin/../lib/gcc/arm-none-eabi/4.9.3/../../../../arm-none-eabi/lib/armv7-m\libstdc++_nano.a(si_class_type_info.o) (__cxxabiv1::__class_type_info::__do_upcast(__cxxabiv1::__class_type_info const*, void**) const)
c:/siliconlabs/simplicitystudio/v4/developer/toolchains/gnu_arm/4.9_2015q3/bin/../lib/gcc/arm-none-eabi/4.9.3/../../../../arm-none-eabi/lib/armv7-m\libstdc++_nano.a(pure.o)
                              ./Factory/Factory.o (__cxa_pure_virtual)
c:/siliconlabs/simplicitystudio/v4/developer/toolchains/gnu_arm/4.9_2015q3/bin/../lib/gcc/arm-none-eabi/4.9.3/../../../../arm-none-eabi/lib/armv7-m\libstdc++_nano.a(eh_call.o)
                              c:/siliconlabs/simplicitystudio/v4/developer/toolchains/gnu_arm/4.9_2015q3/bin/../lib/gcc/arm-none-eabi/4.9.3/../../../../arm-none-eabi/lib/armv7-m\libstdc++_nano.a(eh_personality.o) (__cxa_call_terminate)
c:/siliconlabs/simplicitystudio/v4/developer/toolchains/gnu_arm/4.9_2015q3/bin/../lib/gcc/arm-none-eabi/4.9.3/../../../../arm-none-eabi/lib/armv7-m\libstdc++_nano.a(eh_catch.o)
                              c:/siliconlabs/simplicitystudio/v4/developer/toolchains/gnu_arm/4.9_2015q3/bin/../lib/gcc/arm-none-eabi/4.9.3/../../../../arm-none-eabi/lib/armv7-m\libstdc++_nano.a(eh_call.o) (__cxa_begin_catch)
c:/siliconlabs/simplicitystudio/v4/developer/toolchains/gnu_arm/4.9_2015q3/bin/../lib/gcc/arm-none-eabi/4.9.3/../../../../arm-none-eabi/lib/armv7-m\libstdc++_nano.a(eh_term_handler.o)
                              c:/siliconlabs/simplicitystudio/v4/developer/toolchains/gnu_arm/4.9_2015q3/bin/../lib/gcc/arm-none-eabi/4.9.3/../../../../arm-none-eabi/lib/armv7-m\libstdc++_nano.a(eh_terminate.o) (__cxxabiv1::__terminate_handler)
[...]
Memory Configuration

Name             Origin             Length             Attributes
FLASH            0x00000000         0x00100000         xr
RAM              0x20000000         0x00020000         xrw
*default*        0x00000000         0xffffffff

Linker script and memory map

LOAD c:/siliconlabs/simplicitystudio/v4/developer/toolchains/gnu_arm/4.9_2015q3/bin/../lib/gcc/arm-none-eabi/4.9.3/armv7-m/crti.o
LOAD c:/siliconlabs/simplicitystudio/v4/developer/toolchains/gnu_arm/4.9_2015q3/bin/../lib/gcc/arm-none-eabi/4.9.3/armv7-m/crtbegin.o
LOAD c:/siliconlabs/simplicitystudio/v4/developer/toolchains/gnu_arm/4.9_2015q3/bin/../lib/gcc/arm-none-eabi/4.9.3/../../../../arm-none-eabi/lib/armv7-m/crt0.o
LOAD ./CMSIS/EFM32GG/startup_efm32gg.o
LOAD ./CMSIS/EFM32GG/system_efm32gg.o
LOAD ./Factory/Factory.o
LOAD ./Source/Application/InitState.o
LOAD ./Source/Application/RunState.o
LOAD ./Source/Application/StateManager.o
LOAD ./Source/Application/main.o
LOAD ./Source/EFM32/EFM32_GPIO.o
LOAD ./Source/EFM32/EFM32_Timer0.o
LOAD ./Source/Peripherals/LED.o
LOAD ./emlib/em_system.o
START GROUP
LOAD c:/siliconlabs/simplicitystudio/v4/developer/toolchains/gnu_arm/4.9_2015q3/bin/../lib/gcc/arm-none-eabi/4.9.3/armv7-m\libgcc.a
LOAD c:/siliconlabs/simplicitystudio/v4/developer/toolchains/gnu_arm/4.9_2015q3/bin/../lib/gcc/arm-none-eabi/4.9.3/../../../../arm-none-eabi/lib/armv7-m\libnosys.a
END GROUP
LOAD c:/siliconlabs/simplicitystudio/v4/developer/toolchains/gnu_arm/4.9_2015q3/bin/../lib/gcc/arm-none-eabi/4.9.3/../../../../arm-none-eabi/lib/armv7-m\libstdc++_nano.a
LOAD c:/siliconlabs/simplicitystudio/v4/developer/toolchains/gnu_arm/4.9_2015q3/bin/../lib/gcc/arm-none-eabi/4.9.3/../../../../arm-none-eabi/lib/armv7-m\libm.a
LOAD c:/siliconlabs/simplicitystudio/v4/developer/toolchains/gnu_arm/4.9_2015q3/bin/../lib/gcc/arm-none-eabi/4.9.3/../../../../arm-none-eabi/lib/armv7-m\libc_nano.a
START GROUP
LOAD c:/siliconlabs/simplicitystudio/v4/developer/toolchains/gnu_arm/4.9_2015q3/bin/../lib/gcc/arm-none-eabi/4.9.3/armv7-m\libgcc.a
LOAD c:/siliconlabs/simplicitystudio/v4/developer/toolchains/gnu_arm/4.9_2015q3/bin/../lib/gcc/arm-none-eabi/4.9.3/../../../../arm-none-eabi/lib/armv7-m\libg_nano.a
LOAD c:/siliconlabs/simplicitystudio/v4/developer/toolchains/gnu_arm/4.9_2015q3/bin/../lib/gcc/arm-none-eabi/4.9.3/../../../../arm-none-eabi/lib/armv7-m\libc_nano.a
END GROUP
START GROUP
LOAD c:/siliconlabs/simplicitystudio/v4/developer/toolchains/gnu_arm/4.9_2015q3/bin/../lib/gcc/arm-none-eabi/4.9.3/armv7-m\libgcc.a
LOAD c:/siliconlabs/simplicitystudio/v4/developer/toolchains/gnu_arm/4.9_2015q3/bin/../lib/gcc/arm-none-eabi/4.9.3/../../../../arm-none-eabi/lib/armv7-m\libc_nano.a
LOAD c:/siliconlabs/simplicitystudio/v4/developer/toolchains/gnu_arm/4.9_2015q3/bin/../lib/gcc/arm-none-eabi/4.9.3/../../../../arm-none-eabi/lib/armv7-m\libnosys.a
END GROUP
START GROUP
LOAD c:/siliconlabs/simplicitystudio/v4/developer/toolchains/gnu_arm/4.9_2015q3/bin/../lib/gcc/arm-none-eabi/4.9.3/armv7-m\libgcc.a
LOAD c:/siliconlabs/simplicitystudio/v4/developer/toolchains/gnu_arm/4.9_2015q3/bin/../lib/gcc/arm-none-eabi/4.9.3/../../../../arm-none-eabi/lib/armv7-m\libc_nano.a
LOAD c:/siliconlabs/simplicitystudio/v4/developer/toolchains/gnu_arm/4.9_2015q3/bin/../lib/gcc/arm-none-eabi/4.9.3/../../../../arm-none-eabi/lib/armv7-m\libnosys.a
END GROUP
LOAD c:/siliconlabs/simplicitystudio/v4/developer/toolchains/gnu_arm/4.9_2015q3/bin/../lib/gcc/arm-none-eabi/4.9.3/armv7-m/crtend.o
LOAD c:/siliconlabs/simplicitystudio/v4/developer/toolchains/gnu_arm/4.9_2015q3/bin/../lib/gcc/arm-none-eabi/4.9.3/armv7-m/crtn.o

.text           0x00000000     0xdcf0
 *(.vectors)
 .vectors       0x00000000       0xdc ./CMSIS/EFM32GG/startup_efm32gg.o
                0x00000000                __Vectors
                0x000000dc                __Vectors_End = .
                0x000000dc                __Vectors_Size = (__Vectors_End - __Vectors)
                0x000000dc                __end__ = .
 *(.text*)
 .text          0x000000dc       0x5c c:/siliconlabs/simplicitystudio/v4/developer/toolchains/gnu_arm/4.9_2015q3/bin/../lib/gcc/arm-none-eabi/4.9.3/armv7-m/crtbegin.o
 .text          0x00000138       0x74 c:/siliconlabs/simplicitystudio/v4/developer/toolchains/gnu_arm/4.9_2015q3/bin/../lib/gcc/arm-none-eabi/4.9.3/../../../../arm-none-eabi/lib/armv7-m/crt0.o
                0x00000138                _start
                0x00000138                _mainCRTStartup
 .text          0x000001ac       0x30 ./CMSIS/EFM32GG/startup_efm32gg.o
                0x000001ac                Reset_Handler
                0x000001d8                DebugMon_Handler
                0x000001d8                USART0_TX_IRQHandler
                0x000001d8                I2C0_IRQHandler
                0x000001d8                HardFault_Handler
                0x000001d8                LEUART1_IRQHandler
                0x000001d8                SysTick_Handler
                0x000001d8                USART1_RX_IRQHandler
                0x000001d8                PendSV_Handler
                0x000001d8                NMI_Handler
                0x000001d8                I2C1_IRQHandler
                0x000001d8                TIMER3_IRQHandler
                0x000001d8                USART1_TX_IRQHandler
                0x000001d8                MSC_IRQHandler
                0x000001d8                ADC0_IRQHandler
                0x000001d8                UsageFault_Handler
                0x000001d8                LEUART0_IRQHandler
                0x000001d8                GPIO_EVEN_IRQHandler
                0x000001d8                UART0_TX_IRQHandler
                0x000001d8                UART1_TX_IRQHandler
                0x000001d8                RTC_IRQHandler
                0x000001d8                TIMER2_IRQHandler
                0x000001d8                LCD_IRQHandler
                0x000001d8                PCNT2_IRQHandler
                0x000001d8                UART0_RX_IRQHandler
                0x000001d8                LETIMER0_IRQHandler
                0x000001d8                TIMER1_IRQHandler
                0x000001d8                USART2_RX_IRQHandler
                0x000001d8                Default_Handler
                0x000001d8                EMU_IRQHandler
                0x000001d8                PCNT0_IRQHandler
                0x000001d8                USB_IRQHandler
                0x000001d8                BURTC_IRQHandler
                0x000001d8                PCNT1_IRQHandler
                0x000001d8                ACMP0_IRQHandler
                0x000001d8                USART0_RX_IRQHandler
                0x000001d8                MemManage_Handler
                0x000001d8                SVC_Handler
                0x000001d8                DAC0_IRQHandler
                0x000001d8                UART1_RX_IRQHandler
                0x000001d8                CMU_IRQHandler
                0x000001d8                EBI_IRQHandler
                0x000001d8                LESENSE_IRQHandler
                0x000001d8                GPIO_ODD_IRQHandler
                0x000001d8                AES_IRQHandler
                0x000001d8                VCMP_IRQHandler
                0x000001d8                DMA_IRQHandler
                0x000001d8                BusFault_Handler
                0x000001d8                USART2_TX_IRQHandler
 .text.SystemInit
                0x000001dc        0xc ./CMSIS/EFM32GG/system_efm32gg.o
                0x000001dc                SystemInit
 .text._ZN6IStateD2Ev
                0x000001e8       0x28 ./Factory/Factory.o
                0x000001e8                IState::~IState()
                0x000001e8                IState::~IState()
 .text._ZN6IStateD0Ev
                0x00000210       0x20 ./Factory/Factory.o
                0x00000210                IState::~IState()
 .text._ZN9InitStateD2Ev
                0x00000230       0x30 ./Factory/Factory.o
                0x00000230                InitState::~InitState()
                0x00000230                InitState::~InitState()
 .text._ZN9InitStateD0Ev
                0x00000260       0x20 ./Factory/Factory.o
                0x00000260                InitState::~InitState()
 .text._ZN8RunStateD2Ev
                0x00000280       0x30 ./Factory/Factory.o
                0x00000280                RunState::~RunState()
                0x00000280                RunState::~RunState()
 .text._ZN8RunStateD0Ev
                0x000002b0       0x20 ./Factory/Factory.o
                0x000002b0                RunState::~RunState()
 .text._ZN4ILEDC2Ev
                0x000002d0       0x20 ./Factory/Factory.o
                0x000002d0                ILED::ILED()
                0x000002d0                ILED::ILED()
 .text._ZN4ILEDD2Ev
                0x000002f0       0x28 ./Factory/Factory.o
                0x000002f0                ILED::~ILED()
                0x000002f0                ILED::~ILED()
 .text._ZN4ILEDD0Ev
                0x00000318       0x20 ./Factory/Factory.o
                0x00000318                ILED::~ILED()
 .text._ZN5IGPIOD2Ev
                0x00000338       0x28 ./Factory/Factory.o
                0x00000338                IGPIO::~IGPIO()
                0x00000338                IGPIO::~IGPIO()
 .text._ZN5IGPIOD0Ev
                0x00000360       0x20 ./Factory/Factory.o
                0x00000360                IGPIO::~IGPIO()
 .text._ZN3LEDC2Ev
                0x00000380       0x24 ./Factory/Factory.o
                0x00000380                LED::LED()
                0x00000380                LED::LED()
 .text._ZN3LEDD2Ev
                0x000003a4       0x30 ./Factory/Factory.o
                0x000003a4                LED::~LED()
                0x000003a4                LED::~LED()
 .text._ZN3LEDD0Ev
                0x000003d4       0x20 ./Factory/Factory.o
                0x000003d4                LED::~LED()
 .text._ZN6ITimerC2Ev
                0x000003f4       0x20 ./Factory/Factory.o
                0x000003f4                ITimer::ITimer()
                0x000003f4                ITimer::ITimer()
 .text._ZN6ITimerD2Ev
                0x00000414       0x28 ./Factory/Factory.o
                0x00000414                ITimer::~ITimer()
                0x00000414                ITimer::~ITimer()
 .text._ZN6ITimerD0Ev
                0x0000043c       0x20 ./Factory/Factory.o
                0x0000043c                ITimer::~ITimer()
 .text._ZN12EFM32_Timer0C2Ev
                0x0000045c       0x24 ./Factory/Factory.o
                0x0000045c                EFM32_Timer0::EFM32_Timer0()
                0x0000045c                EFM32_Timer0::EFM32_Timer0()
 .text._ZN12EFM32_Timer0D2Ev
                0x00000480       0x30 ./Factory/Factory.o
                0x00000480                EFM32_Timer0::~EFM32_Timer0()
                0x00000480                EFM32_Timer0::~EFM32_Timer0()
 .text._ZN12EFM32_Timer0D0Ev
                0x000004b0       0x20 ./Factory/Factory.o
                0x000004b0                EFM32_Timer0::~EFM32_Timer0()
 .text._ZN10EFM32_GPIOD2Ev
                0x000004d0       0x30 ./Factory/Factory.o
                0x000004d0                EFM32_GPIO::~EFM32_GPIO()
                0x000004d0                EFM32_GPIO::~EFM32_GPIO()
 .text._ZN10EFM32_GPIOD0Ev
                0x00000500       0x20 ./Factory/Factory.o
                0x00000500                EFM32_GPIO::~EFM32_GPIO()
 .text._ZN7FactoryC2Ev
                0x00000520       0xa4 ./Factory/Factory.o
                0x00000520                Factory::Factory()
                0x00000520                Factory::Factory()
 .text._ZN7Factory18createStateManagerEv
                0x000005c4       0x5c ./Factory/Factory.o
                0x000005c4                Factory::createStateManager()
 .text._ZN6IStateaSERKS_
                0x00000620       0x18 ./Factory/Factory.o
                0x00000620                IState::operator=(IState const&)
 .text._ZN9InitStateaSERKS_
                0x00000638       0x28 ./Factory/Factory.o
                0x00000638                InitState::operator=(InitState const&)
 .text._ZN8RunStateaSERKS_
                0x00000660       0x28 ./Factory/Factory.o
                0x00000660                RunState::operator=(RunState const&)
 .text._ZN7Factory12createStatesEv
                0x00000688       0x70 ./Factory/Factory.o
                0x00000688                Factory::createStates()
 .text._ZN6ITimeraSERKS_
                0x000006f8       0x18 ./Factory/Factory.o
                0x000006f8                ITimer::operator=(ITimer const&)
 .text._ZN12EFM32_Timer0aSERKS_
                0x00000710       0x38 ./Factory/Factory.o
                0x00000710                EFM32_Timer0::operator=(EFM32_Timer0 const&)
 .text._ZN7Factory12createTimer0Ev
                0x00000748       0x64 ./Factory/Factory.o
                0x00000748                Factory::createTimer0()
 .text._ZN6IStateC2Ev
                0x000007ac       0x20 ./Source/Application/InitState.o
                0x000007ac                IState::IState()
                0x000007ac                IState::IState()
 .text._ZN9InitStateC2Ev
                0x000007cc       0x2c ./Source/Application/InitState.o
                0x000007cc                InitState::InitState()
                0x000007cc                InitState::InitState()
 .text._ZN9InitState10getStateIdEv
                0x000007f8       0x1c ./Source/Application/InitState.o
                0x000007f8                InitState::getStateId()
 .text._ZN9InitState7onEntryEv
                0x00000814       0x14 ./Source/Application/InitState.o
                0x00000814                InitState::onEntry()
 .text._ZN9InitState7executeEv
                0x00000828       0x18 ./Source/Application/InitState.o
                0x00000828                InitState::execute()
 .text._ZN9InitState6onExitEv
                0x00000840       0x14 ./Source/Application/InitState.o
                0x00000840                InitState::onExit()
 .text._ZN8RunStateC2Ev
                0x00000854       0x2c ./Source/Application/RunState.o
                0x00000854                RunState::RunState()
                0x00000854                RunState::RunState()
 .text._ZN8RunState10getStateIdEv
                0x00000880       0x1c ./Source/Application/RunState.o
                0x00000880                RunState::getStateId()
 .text._ZN8RunState7onEntryEv
                0x0000089c       0x14 ./Source/Application/RunState.o
                0x0000089c                RunState::onEntry()
 .text._ZN8RunState7executeEv
                0x000008b0       0x18 ./Source/Application/RunState.o
                0x000008b0                RunState::execute()
 .text._ZN8RunState6onExitEv
                0x000008c8       0x14 ./Source/Application/RunState.o
                0x000008c8                RunState::onExit()
 .text._ZN12StateManagerC2Ev
                0x000008dc       0x30 ./Source/Application/StateManager.o
                0x000008dc                StateManager::StateManager()
                0x000008dc                StateManager::StateManager()
 .text._ZN12StateManagerC2EP6IState
                0x0000090c       0x40 ./Source/Application/StateManager.o
                0x0000090c                StateManager::StateManager(IState*)
                0x0000090c                StateManager::StateManager(IState*)
 .text._ZN12StateManager8addStateEP6IState
                0x0000094c       0x34 ./Source/Application/StateManager.o
                0x0000094c                StateManager::addState(IState*)
 .text._ZN7FactoryD2Ev
                0x00000980       0x44 ./Source/Application/main.o
                0x00000980                Factory::~Factory()
                0x00000980                Factory::~Factory()
 .text.main     0x000009c4       0xb0 ./Source/Application/main.o
                0x000009c4                main
 .text._ZN5IGPIOC2Ev
                0x00000a74       0x20 ./Source/EFM32/EFM32_GPIO.o
                0x00000a74                IGPIO::IGPIO()
                0x00000a74                IGPIO::IGPIO()
 .text._ZN10EFM32_GPIOC2Ev
                0x00000a94       0x44 ./Source/EFM32/EFM32_GPIO.o
                0x00000a94                EFM32_GPIO::EFM32_GPIO()
                0x00000a94                EFM32_GPIO::EFM32_GPIO()
 .text._ZN10EFM32_GPIOC2Ettbi
                0x00000ad8      0x6e4 ./Source/EFM32/EFM32_GPIO.o
                0x00000ad8                EFM32_GPIO::EFM32_GPIO(unsigned short, unsigned short, bool, int)
                0x00000ad8                EFM32_GPIO::EFM32_GPIO(unsigned short, unsigned short, bool, int)
 .text._ZN10EFM32_GPIO9readInputEv
                0x000011bc       0x38 ./Source/EFM32/EFM32_GPIO.o
                0x000011bc                EFM32_GPIO::readInput()
 .text._ZN10EFM32_GPIO13setOutputHighEv
                0x000011f4       0x48 ./Source/EFM32/EFM32_GPIO.o
                0x000011f4                EFM32_GPIO::setOutputHigh()
 .text._ZN10EFM32_GPIO12setOutputLowEv
                0x0000123c       0x48 ./Source/EFM32/EFM32_GPIO.o
                0x0000123c                EFM32_GPIO::setOutputLow()
 .text._ZN10EFM32_GPIO12toggleOutputEv
                0x00001284       0x48 ./Source/EFM32/EFM32_GPIO.o
                0x00001284                EFM32_GPIO::toggleOutput()
 .text.NVIC_EnableIRQ
                0x000012cc       0x30 ./Source/EFM32/EFM32_Timer0.o
 .text._ZN12EFM32_Timer0C2Ej
                0x000012fc       0x44 ./Source/EFM32/EFM32_Timer0.o
                0x000012fc                EFM32_Timer0::EFM32_Timer0(unsigned int)
                0x000012fc                EFM32_Timer0::EFM32_Timer0(unsigned int)
 .text._ZN12EFM32_Timer028getReferenceTime_microsecondEv
                0x00001340       0x20 ./Source/EFM32/EFM32_Timer0.o
                0x00001340                EFM32_Timer0::getReferenceTime_microsecond()
 .text._ZN12EFM32_Timer026getElapsedTime_microsecondEv
                0x00001360       0x3c ./Source/EFM32/EFM32_Timer0.o
                0x00001360                EFM32_Timer0::getElapsedTime_microsecond()
 .text._ZN12EFM32_Timer026callbackForTimer0IncrementEPv
                0x0000139c       0x2c ./Source/EFM32/EFM32_Timer0.o
                0x0000139c                EFM32_Timer0::callbackForTimer0Increment(void*)
 .text.TIMER0_IRQHandler
                0x000013c8       0x24 ./Source/EFM32/EFM32_Timer0.o
                0x000013c8                TIMER0_IRQHandler
 .text._Z10initTimer0v
                0x000013ec       0x20 ./Source/EFM32/EFM32_Timer0.o
                0x000013ec                initTimer0()
 .text._Z18callbackTimer0InitPFvPvES_
                0x0000140c       0x28 ./Source/EFM32/EFM32_Timer0.o
                0x0000140c                callbackTimer0Init(void (*)(void*), void*)
 .text._ZN3LED7turnOFFEv
                0x00001434       0x18 ./Source/Peripherals/LED.o
                0x00001434                LED::turnOFF()
 .text._ZN3LED6turnONEv
                0x0000144c       0x18 ./Source/Peripherals/LED.o
                0x0000144c                LED::turnON()
 .text._ZN3LED6toggleEv
                0x00001464       0x14 ./Source/Peripherals/LED.o
                0x00001464                LED::toggle()
 .text          0x00001478      0xa54 c:/siliconlabs/simplicitystudio/v4/developer/toolchains/gnu_arm/4.9_2015q3/bin/../lib/gcc/arm-none-eabi/4.9.3/armv7-m\libgcc.a(unwind-arm.o)
                0x00001758                _Unwind_GetCFA
                0x0000175c                __gnu_Unwind_RaiseException
                0x000017bc                __gnu_Unwind_ForcedUnwind
                0x000017d0                __gnu_Unwind_Resume
                0x00001814                __gnu_Unwind_Resume_or_Rethrow
                0x00001828                _Unwind_Complete
                0x0000182c                _Unwind_DeleteException
                0x00001838                _Unwind_VRS_Get
                0x00001888                _Unwind_VRS_Set
                0x000018d8                __gnu_Unwind_Backtrace
                0x00001c1c                __aeabi_unwind_cpp_pr0
                0x00001c20                __aeabi_unwind_cpp_pr1
                0x00001c24                __aeabi_unwind_cpp_pr2
                0x00001c28                _Unwind_VRS_Pop
 .text          0x00001ecc      0x1ac c:/siliconlabs/simplicitystudio/v4/developer/toolchains/gnu_arm/4.9_2015q3/bin/../lib/gcc/arm-none-eabi/4.9.3/armv7-m\libgcc.a(libunwind.o)
                0x00001ecc                __restore_core_regs
                0x00001ecc                restore_core_regs
                0x00001ee4                __gnu_Unwind_Restore_VFP
                0x00001eec                __gnu_Unwind_Save_VFP
                0x00001ef4                __gnu_Unwind_Restore_VFP_D
                0x00001efc                __gnu_Unwind_Save_VFP_D
                0x00001f04                __gnu_Unwind_Restore_VFP_D_16_to_31
                0x00001f0c                __gnu_Unwind_Save_VFP_D_16_to_31
                0x00001f14                __gnu_Unwind_Restore_WMMXD
                0x00001f58                __gnu_Unwind_Save_WMMXD
                0x00001f9c                __gnu_Unwind_Restore_WMMXC
                0x00001fb0                __gnu_Unwind_Save_WMMXC
                0x00001fc4                ___Unwind_RaiseException
                0x00001fc4                _Unwind_RaiseException
                0x00001fe8                _Unwind_Resume
                0x00001fe8                ___Unwind_Resume
                0x0000200c                _Unwind_Resume_or_Rethrow
                0x0000200c                ___Unwind_Resume_or_Rethrow
                0x00002030                _Unwind_ForcedUnwind
                0x00002030                ___Unwind_ForcedUnwind
                0x00002054                ___Unwind_Backtrace
                0x00002054                _Unwind_Backtrace
 .text          0x00002078      0x37c c:/siliconlabs/simplicitystudio/v4/developer/toolchains/gnu_arm/4.9_2015q3/bin/../lib/gcc/arm-none-eabi/4.9.3/armv7-m\libgcc.a(pr-support.o)
                0x000020d0                __gnu_unwind_execute
                0x0000239c                __gnu_unwind_frame
                0x000023c4                _Unwind_GetRegionStart
                0x000023d0                _Unwind_GetLanguageSpecificData
                0x000023e4                _Unwind_GetDataRelBase
                0x000023ec                _Unwind_GetTextRelBase
 .text._ZdlPv   0x000023f4        0x4 c:/siliconlabs/simplicitystudio/v4/developer/toolchains/gnu_arm/4.9_2015q3/bin/../lib/gcc/arm-none-eabi/4.9.3/../../../../arm-none-eabi/lib/armv7-m\libstdc++_nano.a(del_op.o)
                0x000023f4                operator delete(void*)
 .text._ZN10__cxxabiv120__si_class_type_infoD2Ev
                0x000023f8       0x14 c:/siliconlabs/simplicitystudio/v4/developer/toolchains/gnu_arm/4.9_2015q3/bin/../lib/gcc/arm-none-eabi/4.9.3/../../../../arm-none-eabi/lib/armv7-m\libstdc++_nano.a(si_class_type_info.o)
                0x000023f8                __cxxabiv1::__si_class_type_info::~__si_class_type_info()
                0x000023f8                __cxxabiv1::__si_class_type_info::~__si_class_type_info()
 .text._ZN10__cxxabiv120__si_class_type_infoD0Ev
                0x0000240c       0x12 c:/siliconlabs/simplicitystudio/v4/developer/toolchains/gnu_arm/4.9_2015q3/bin/../lib/gcc/arm-none-eabi/4.9.3/../../../../arm-none-eabi/lib/armv7-m\libstdc++_nano.a(si_class_type_info.o)
                0x0000240c                __cxxabiv1::__si_class_type_info::~__si_class_type_info()
 .text._ZNK10__cxxabiv120__si_class_type_info20__do_find_public_srcEiPKvPKNS_17__class_type_infoES2_
                0x0000241e       0x38 c:/siliconlabs/simplicitystudio/v4/developer/toolchains/gnu_arm/4.9_2015q3/bin/../lib/gcc/arm-none-eabi/4.9.3/../../../../arm-none-eabi/lib/armv7-m\libstdc++_nano.a(si_class_type_info.o)
                0x0000241e                __cxxabiv1::__si_class_type_info::__do_find_public_src(int, void const*, __cxxabiv1::__class_type_info const*, void const*) const
 .text._ZNK10__cxxabiv120__si_class_type_info12__do_dyncastEiNS_17__class_type_info10__sub_kindEPKS1_PKvS4_S6_RNS1_16__dyncast_resultE
                0x00002456       0x7c c:/siliconlabs/simplicitystudio/v4/developer/toolchains/gnu_arm/4.9_2015q3/bin/../lib/gcc/arm-none-eabi/4.9.3/../../../../arm-none-eabi/lib/armv7-m\libstdc++_nano.a(si_class_type_info.o)
                0x00002456                __cxxabiv1::__si_class_type_info::__do_dyncast(int, __cxxabiv1::__class_type_info::__sub_kind, __cxxabiv1::__class_type_info const*, void const*, __cxxabiv1::__class_type_info const*, void const*, __cxxabiv1::__class_type_info::__dyncast_result&) const
 .text._ZNK10__cxxabiv120__si_class_type_info11__do_upcastEPKNS_17__class_type_infoEPKvRNS1_15__upcast_resultE
                0x000024d2       0x2a c:/siliconlabs/simplicitystudio/v4/developer/toolchains/gnu_arm/4.9_2015q3/bin/../lib/gcc/arm-none-eabi/4.9.3/../../../../arm-none-eabi/lib/armv7-m\libstdc++_nano.a(si_class_type_info.o)
                0x000024d2                __cxxabiv1::__si_class_type_info::__do_upcast(__cxxabiv1::__class_type_info const*, void const*, __cxxabiv1::__class_type_info::__upcast_result&) const
 .text._ZL12read_uleb128PKhPm
                0x000024fc       0x1e c:/siliconlabs/simplicitystudio/v4/developer/toolchains/gnu_arm/4.9_2015q3/bin/../lib/gcc/arm-none-eabi/4.9.3/../../../../arm-none-eabi/lib/armv7-m\libstdc++_nano.a(eh_personality.o)
 .text._ZL12read_sleb128PKhPl
                0x0000251a       0x30 c:/siliconlabs/simplicitystudio/v4/developer/toolchains/gnu_arm/4.9_2015q3/bin/../lib/gcc/arm-none-eabi/4.9.3/../../../../arm-none-eabi/lib/armv7-m\libstdc++_nano.a(eh_personality.o)
 .text._ZL28read_encoded_value_with_basehjPKhPj
                0x0000254a       0x88 c:/siliconlabs/simplicitystudio/v4/developer/toolchains/gnu_arm/4.9_2015q3/bin/../lib/gcc/arm-none-eabi/4.9.3/../../../../arm-none-eabi/lib/armv7-m\libstdc++_nano.a(eh_personality.o)
 .text._ZL21base_of_encoded_valuehP15_Unwind_Context
                0x000025d2       0x48 c:/siliconlabs/simplicitystudio/v4/developer/toolchains/gnu_arm/4.9_2015q3/bin/../lib/gcc/arm-none-eabi/4.9.3/../../../../arm-none-eabi/lib/armv7-m\libstdc++_nano.a(eh_personality.o)
 .text._ZL18read_encoded_valueP15_Unwind_ContexthPKhPj
                0x0000261a       0x24 c:/siliconlabs/simplicitystudio/v4/developer/toolchains/gnu_arm/4.9_2015q3/bin/../lib/gcc/arm-none-eabi/4.9.3/../../../../arm-none-eabi/lib/armv7-m\libstdc++_nano.a(eh_personality.o)
 .text._ZL17parse_lsda_headerP15_Unwind_ContextPKhP16lsda_header_info
                0x0000263e       0x5c c:/siliconlabs/simplicitystudio/v4/developer/toolchains/gnu_arm/4.9_2015q3/bin/../lib/gcc/arm-none-eabi/4.9.3/../../../../arm-none-eabi/lib/armv7-m\libstdc++_nano.a(eh_personality.o)
 .text._Unwind_GetGR
                0x0000269a       0x18 c:/siliconlabs/simplicitystudio/v4/developer/toolchains/gnu_arm/4.9_2015q3/bin/../lib/gcc/arm-none-eabi/4.9.3/../../../../arm-none-eabi/lib/armv7-m\libstdc++_nano.a(eh_personality.o)
 *fill*         0x000026b2        0x2 
 .text.__gxx_personality_v0
                0x000026b4      0x360 c:/siliconlabs/simplicitystudio/v4/developer/toolchains/gnu_arm/4.9_2015q3/bin/../lib/gcc/arm-none-eabi/4.9.3/../../../../arm-none-eabi/lib/armv7-m\libstdc++_nano.a(eh_personality.o)
                0x000026b4                __gxx_personality_v0
 .text._ZN10__cxxabiv111__terminateEPFvvE
                0x00002a14        0x8 c:/siliconlabs/simplicitystudio/v4/developer/toolchains/gnu_arm/4.9_2015q3/bin/../lib/gcc/arm-none-eabi/4.9.3/../../../../arm-none-eabi/lib/armv7-m\libstdc++_nano.a(eh_terminate.o)
                0x00002a14                __cxxabiv1::__terminate(void (*)())
 .text._ZSt13get_terminatev
                0x00002a1c       0x10 c:/siliconlabs/simplicitystudio/v4/developer/toolchains/gnu_arm/4.9_2015q3/bin/../lib/gcc/arm-none-eabi/4.9.3/../../../../arm-none-eabi/lib/armv7-m\libstdc++_nano.a(eh_terminate.o)
                0x00002a1c                std::get_terminate()
 .text._ZSt9terminatev
                0x00002a2c        0xa c:/siliconlabs/simplicitystudio/v4/developer/toolchains/gnu_arm/4.9_2015q3/bin/../lib/gcc/arm-none-eabi/4.9.3/../../../../arm-none-eabi/lib/armv7-m\libstdc++_nano.a(eh_terminate.o)
                0x00002a2c                std::terminate()
 .text._ZN10__cxxabiv112__unexpectedEPFvvE
                0x00002a36        0x8 c:/siliconlabs/simplicitystudio/v4/developer/toolchains/gnu_arm/4.9_2015q3/bin/../lib/gcc/arm-none-eabi/4.9.3/../../../../arm-none-eabi/lib/armv7-m\libstdc++_nano.a(eh_terminate.o)
                0x00002a36                __cxxabiv1::__unexpected(void (*)())
 *fill*         0x00002a3e        0x2 
 .text._ZSt14get_unexpectedv
                0x00002a40       0x10 c:/siliconlabs/simplicitystudio/v4/developer/toolchains/gnu_arm/4.9_2015q3/bin/../lib/gcc/arm-none-eabi/4.9.3/../../../../arm-none-eabi/lib/armv7-m\libstdc++_nano.a(eh_terminate.o)
                0x00002a40                std::get_unexpected()
 .text._ZSt10unexpectedv
                0x00002a50        0xa c:/siliconlabs/simplicitystudio/v4/developer/toolchains/gnu_arm/4.9_2015q3/bin/../lib/gcc/arm-none-eabi/4.9.3/../../../../arm-none-eabi/lib/armv7-m\libstdc++_nano.a(eh_terminate.o)
                0x00002a50                std::unexpected()
 .text._ZNSt9type_infoD2Ev
                0x00002a5a        0x2 c:/siliconlabs/simplicitystudio/v4/developer/toolchains/gnu_arm/4.9_2015q3/bin/../lib/gcc/arm-none-eabi/4.9.3/../../../../arm-none-eabi/lib/armv7-m\libstdc++_nano.a(tinfo.o)
                0x00002a5a                std::type_info::~type_info()
                0x00002a5a                std::type_info::~type_info()
 .text._ZNKSt9type_info14__is_pointer_pEv
                0x00002a5c        0x4 c:/siliconlabs/simplicitystudio/v4/developer/toolchains/gnu_arm/4.9_2015q3/bin/../lib/gcc/arm-none-eabi/4.9.3/../../../../arm-none-eabi/lib/armv7-m\libstdc++_nano.a(tinfo.o)
                0x00002a5c                std::type_info::__is_pointer_p() const
 .text._ZNKSt9type_info15__is_function_pEv
                0x00002a60        0x4 c:/siliconlabs/simplicitystudio/v4/developer/toolchains/gnu_arm/4.9_2015q3/bin/../lib/gcc/arm-none-eabi/4.9.3/../../../../arm-none-eabi/lib/armv7-m\libstdc++_nano.a(tinfo.o)
                0x00002a60                std::type_info::__is_function_p() const
 .text._ZNKSt9type_infoeqERKS_
                0x00002a64       0x2c c:/siliconlabs/simplicitystudio/v4/developer/toolchains/gnu_arm/4.9_2015q3/bin/../lib/gcc/arm-none-eabi/4.9.3/../../../../arm-none-eabi/lib/armv7-m\libstdc++_nano.a(tinfo.o)
                0x00002a64                std::type_info::operator==(std::type_info const&) const
 .text.__cxa_end_cleanup
                0x00002a90        0xc c:/siliconlabs/simplicitystudio/v4/developer/toolchains/gnu_arm/4.9_2015q3/bin/../lib/gcc/arm-none-eabi/4.9.3/../../../../arm-none-eabi/lib/armv7-m\libstdc++_nano.a(eh_arm.o)
                0x00002a90                __cxa_end_cleanup
 .text._ZN10__cxxabiv1L24__is_gxx_exception_classEPc
                0x00002a9c       0x3a c:/siliconlabs/simplicitystudio/v4/developer/toolchains/gnu_arm/4.9_2015q3/bin/../lib/gcc/arm-none-eabi/4.9.3/../../../../arm-none-eabi/lib/armv7-m\libstdc++_nano.a(eh_arm.o)
 *fill*         0x00002ad6        0x2 
 .text.__cxa_type_match
                0x00002ad8       0xb8 c:/siliconlabs/simplicitystudio/v4/developer/toolchains/gnu_arm/4.9_2015q3/bin/../lib/gcc/arm-none-eabi/4.9.3/../../../../arm-none-eabi/lib/armv7-m\libstdc++_nano.a(eh_arm.o)
                0x00002ad8                __cxa_type_match
 .text.__cxa_begin_cleanup
                0x00002b90       0x3a c:/siliconlabs/simplicitystudio/v4/developer/toolchains/gnu_arm/4.9_2015q3/bin/../lib/gcc/arm-none-eabi/4.9.3/../../../../arm-none-eabi/lib/armv7-m\libstdc++_nano.a(eh_arm.o)
                0x00002b90                __cxa_begin_cleanup
 .text.__gnu_end_cleanup
                0x00002bca       0x32 c:/siliconlabs/simplicitystudio/v4/developer/toolchains/gnu_arm/4.9_2015q3/bin/../lib/gcc/arm-none-eabi/4.9.3/../../../../arm-none-eabi/lib/armv7-m\libstdc++_nano.a(eh_arm.o)
                0x00002bca                __gnu_end_cleanup
 .text._ZNK10__cxxabiv117__class_type_info11__do_upcastEPKS0_PPv
                0x00002bfc       0x34 c:/siliconlabs/simplicitystudio/v4/developer/toolchains/gnu_arm/4.9_2015q3/bin/../lib/gcc/arm-none-eabi/4.9.3/../../../../arm-none-eabi/lib/armv7-m\libstdc++_nano.a(class_type_info.o)
                0x00002bfc                __cxxabiv1::__class_type_info::__do_upcast(__cxxabiv1::__class_type_info const*, void**) const
 .text._ZNK10__cxxabiv117__class_type_info20__do_find_public_srcEiPKvPKS0_S2_
                0x00002c30        0xc c:/siliconlabs/simplicitystudio/v4/developer/toolchains/gnu_arm/4.9_2015q3/bin/../lib/gcc/arm-none-eabi/4.9.3/../../../../arm-none-eabi/lib/armv7-m\libstdc++_nano.a(class_type_info.o)
                0x00002c30                __cxxabiv1::__class_type_info::__do_find_public_src(int, void const*, __cxxabiv1::__class_type_info const*, void const*) const
 .text._ZN10__cxxabiv117__class_type_infoD2Ev
                0x00002c3c       0x14 c:/siliconlabs/simplicitystudio/v4/developer/toolchains/gnu_arm/4.9_2015q3/bin/../lib/gcc/arm-none-eabi/4.9.3/../../../../arm-none-eabi/lib/armv7-m\libstdc++_nano.a(class_type_info.o)
                0x00002c3c                __cxxabiv1::__class_type_info::~__class_type_info()
                0x00002c3c                __cxxabiv1::__class_type_info::~__class_type_info()
 .text._ZN10__cxxabiv117__class_type_infoD0Ev
                0x00002c50       0x12 c:/siliconlabs/simplicitystudio/v4/developer/toolchains/gnu_arm/4.9_2015q3/bin/../lib/gcc/arm-none-eabi/4.9.3/../../../../arm-none-eabi/lib/armv7-m\libstdc++_nano.a(class_type_info.o)
                0x00002c50                __cxxabiv1::__class_type_info::~__class_type_info()
 .text._ZNK10__cxxabiv117__class_type_info11__do_upcastEPKS0_PKvRNS0_15__upcast_resultE
                0x00002c62       0x18 c:/siliconlabs/simplicitystudio/v4/developer/toolchains/gnu_arm/4.9_2015q3/bin/../lib/gcc/arm-none-eabi/4.9.3/../../../../arm-none-eabi/lib/armv7-m\libstdc++_nano.a(class_type_info.o)
                0x00002c62                __cxxabiv1::__class_type_info::__do_upcast(__cxxabiv1::__class_type_info const*, void const*, __cxxabiv1::__class_type_info::__upcast_result&) const
 .text._ZNK10__cxxabiv117__class_type_info10__do_catchEPKSt9type_infoPPvj
                0x00002c7a       0x2a c:/siliconlabs/simplicitystudio/v4/developer/toolchains/gnu_arm/4.9_2015q3/bin/../lib/gcc/arm-none-eabi/4.9.3/../../../../arm-none-eabi/lib/armv7-m\libstdc++_nano.a(class_type_info.o)
                0x00002c7a                __cxxabiv1::__class_type_info::__do_catch(std::type_info const*, void**, unsigned int) const
 .text._ZNK10__cxxabiv117__class_type_info12__do_dyncastEiNS0_10__sub_kindEPKS0_PKvS3_S5_RNS0_16__dyncast_resultE
                0x00002ca4       0x38 c:/siliconlabs/simplicitystudio/v4/developer/toolchains/gnu_arm/4.9_2015q3/bin/../lib/gcc/arm-none-eabi/4.9.3/../../../../arm-none-eabi/lib/armv7-m\libstdc++_nano.a(class_type_info.o)
                0x00002ca4                __cxxabiv1::__class_type_info::__do_dyncast(int, __cxxabiv1::__class_type_info::__sub_kind, __cxxabiv1::__class_type_info const*, void const*, __cxxabiv1::__class_type_info const*, void const*, __cxxabiv1::__class_type_info::__dyncast_result&) const
 .text.__cxa_pure_virtual
                0x00002cdc       0x14 c:/siliconlabs/simplicitystudio/v4/developer/toolchains/gnu_arm/4.9_2015q3/bin/../lib/gcc/arm-none-eabi/4.9.3/../../../../arm-none-eabi/lib/armv7-m\libstdc++_nano.a(pure.o)
                0x00002cdc                __cxa_pure_virtual
 .text._ZN10__cxxabiv1L24__is_gxx_exception_classEPc
                0x00002cf0       0x3a c:/siliconlabs/simplicitystudio/v4/developer/toolchains/gnu_arm/4.9_2015q3/bin/../lib/gcc/arm-none-eabi/4.9.3/../../../../arm-none-eabi/lib/armv7-m\libstdc++_nano.a(eh_call.o)
 .text.__cxa_call_terminate
                0x00002d2a       0x1e c:/siliconlabs/simplicitystudio/v4/developer/toolchains/gnu_arm/4.9_2015q3/bin/../lib/gcc/arm-none-eabi/4.9.3/../../../../arm-none-eabi/lib/armv7-m\libstdc++_nano.a(eh_call.o)
                0x00002d2a                __cxa_call_terminate
 .text.__cxa_call_unexpected
                0x00002d48       0x28 c:/siliconlabs/simplicitystudio/v4/developer/toolchains/gnu_arm/4.9_2015q3/bin/../lib/gcc/arm-none-eabi/4.9.3/../../../../arm-none-eabi/lib/armv7-m\libstdc++_nano.a(eh_call.o)
                0x00002d48                __cxa_call_unexpected
 .text._ZN10__cxxabiv1L24__is_gxx_exception_classEPc
                0x00002d70       0x3a c:/siliconlabs/simplicitystudio/v4/developer/toolchains/gnu_arm/4.9_2015q3/bin/../lib/gcc/arm-none-eabi/4.9.3/../../../../arm-none-eabi/lib/armv7-m\libstdc++_nano.a(eh_catch.o)
 .text.__cxa_begin_catch
                0x00002daa       0x52 c:/siliconlabs/simplicitystudio/v4/developer/toolchains/gnu_arm/4.9_2015q3/bin/../lib/gcc/arm-none-eabi/4.9.3/../../../../arm-none-eabi/lib/armv7-m\libstdc++_nano.a(eh_catch.o)
                0x00002daa                __cxa_begin_catch
 .text.__cxa_get_globals
                0x00002dfc        0x8 c:/siliconlabs/simplicitystudio/v4/developer/toolchains/gnu_arm/4.9_2015q3/bin/../lib/gcc/arm-none-eabi/4.9.3/../../../../arm-none-eabi/lib/armv7-m\libstdc++_nano.a(eh_globals.o)
                0x00002dfc                __cxa_get_globals
 .text._ZN9__gnu_cxx27__verbose_terminate_handlerEv
                0x00002e04       0x98 c:/siliconlabs/simplicitystudio/v4/developer/toolchains/gnu_arm/4.9_2015q3/bin/../lib/gcc/arm-none-eabi/4.9.3/../../../../arm-none-eabi/lib/armv7-m\libstdc++_nano.a(vterminate.o)
                0x00002e04                __gnu_cxx::__verbose_terminate_handler()
 .text          0x00002e9c     0x88c0 c:/siliconlabs/simplicitystudio/v4/developer/toolchains/gnu_arm/4.9_2015q3/bin/../lib/gcc/arm-none-eabi/4.9.3/../../../../arm-none-eabi/lib/armv7-m\libstdc++_nano.a(cp-demangle.o)
                0x0000b678                __cxa_demangle
                0x0000b738                __gcclibcxx_demangle_callback
 .text.__cxa_current_exception_type
                0x0000b75c       0x1a c:/siliconlabs/simplicitystudio/v4/developer/toolchains/gnu_arm/4.9_2015q3/bin/../lib/gcc/arm-none-eabi/4.9.3/../../../../arm-none-eabi/lib/armv7-m\libstdc++_nano.a(eh_type.o)
                0x0000b75c                __cxa_current_exception_type
 .text.abort    0x0000b776        0xe c:/siliconlabs/simplicitystudio/v4/developer/toolchains/gnu_arm/4.9_2015q3/bin/../lib/gcc/arm-none-eabi/4.9.3/../../../../arm-none-eabi/lib/armv7-m\libc_nano.a(lib_a-abort.o)
                0x0000b776                abort
 .text.exit     0x0000b784       0x28 c:/siliconlabs/simplicitystudio/v4/developer/toolchains/gnu_arm/4.9_2015q3/bin/../lib/gcc/arm-none-eabi/4.9.3/../../../../arm-none-eabi/lib/armv7-m\libc_nano.a(lib_a-exit.o)
                0x0000b784                exit
 .text._fputs_r
                0x0000b7ac       0xa8 c:/siliconlabs/simplicitystudio/v4/developer/toolchains/gnu_arm/4.9_2015q3/bin/../lib/gcc/arm-none-eabi/4.9.3/../../../../arm-none-eabi/lib/armv7-m\libc_nano.a(lib_a-fputs.o)
                0x0000b7ac                _fputs_r
 .text.fputs    0x0000b854       0x14 c:/siliconlabs/simplicitystudio/v4/developer/toolchains/gnu_arm/4.9_2015q3/bin/../lib/gcc/arm-none-eabi/4.9.3/../../../../arm-none-eabi/lib/armv7-m\libc_nano.a(lib_a-fputs.o)
                0x0000b854                fputs
 .text.__libc_init_array
                0x0000b868       0x4c c:/siliconlabs/simplicitystudio/v4/developer/toolchains/gnu_arm/4.9_2015q3/bin/../lib/gcc/arm-none-eabi/4.9.3/../../../../arm-none-eabi/lib/armv7-m\libc_nano.a(lib_a-init.o)
                0x0000b868                __libc_init_array
 .text.free     0x0000b8b4       0x10 c:/siliconlabs/simplicitystudio/v4/developer/toolchains/gnu_arm/4.9_2015q3/bin/../lib/gcc/arm-none-eabi/4.9.3/../../../../arm-none-eabi/lib/armv7-m\libc_nano.a(lib_a-malloc.o)
                0x0000b8b4                free
 .text.memcmp   0x0000b8c4       0x20 c:/siliconlabs/simplicitystudio/v4/developer/toolchains/gnu_arm/4.9_2015q3/bin/../lib/gcc/arm-none-eabi/4.9.3/../../../../arm-none-eabi/lib/armv7-m\libc_nano.a(lib_a-memcmp.o)
                0x0000b8c4                memcmp
 .text.memcpy   0x0000b8e4       0x16 c:/siliconlabs/simplicitystudio/v4/developer/toolchains/gnu_arm/4.9_2015q3/bin/../lib/gcc/arm-none-eabi/4.9.3/../../../../arm-none-eabi/lib/armv7-m\libc_nano.a(lib_a-memcpy.o)
                0x0000b8e4                memcpy
 .text.memset   0x0000b8fa       0x10 c:/siliconlabs/simplicitystudio/v4/developer/toolchains/gnu_arm/4.9_2015q3/bin/../lib/gcc/arm-none-eabi/4.9.3/../../../../arm-none-eabi/lib/armv7-m\libc_nano.a(lib_a-memset.o)
                0x0000b8fa                memset
 *fill*         0x0000b90a        0x2 
 .text._free_r  0x0000b90c       0x88 c:/siliconlabs/simplicitystudio/v4/developer/toolchains/gnu_arm/4.9_2015q3/bin/../lib/gcc/arm-none-eabi/4.9.3/../../../../arm-none-eabi/lib/armv7-m\libc_nano.a(lib_a-nano-freer.o)
                0x0000b90c                _free_r
 .text._malloc_r
                0x0000b994       0xac c:/siliconlabs/simplicitystudio/v4/developer/toolchains/gnu_arm/4.9_2015q3/bin/../lib/gcc/arm-none-eabi/4.9.3/../../../../arm-none-eabi/lib/armv7-m\libc_nano.a(lib_a-nano-mallocr.o)
                0x0000b994                _malloc_r
 .text.realloc  0x0000ba40       0x14 c:/siliconlabs/simplicitystudio/v4/developer/toolchains/gnu_arm/4.9_2015q3/bin/../lib/gcc/arm-none-eabi/4.9.3/../../../../arm-none-eabi/lib/armv7-m\libc_nano.a(lib_a-realloc.o)
                0x0000ba40                realloc
 .text._sbrk_r  0x0000ba54       0x20 c:/siliconlabs/simplicitystudio/v4/developer/toolchains/gnu_arm/4.9_2015q3/bin/../lib/gcc/arm-none-eabi/4.9.3/../../../../arm-none-eabi/lib/armv7-m\libc_nano.a(lib_a-sbrkr.o)
                0x0000ba54                _sbrk_r
 .text._raise_r
                0x0000ba74       0x50 c:/siliconlabs/simplicitystudio/v4/developer/toolchains/gnu_arm/4.9_2015q3/bin/../lib/gcc/arm-none-eabi/4.9.3/../../../../arm-none-eabi/lib/armv7-m\libc_nano.a(lib_a-signal.o)
                0x0000ba74                _raise_r
 .text.raise    0x0000bac4       0x10 c:/siliconlabs/simplicitystudio/v4/developer/toolchains/gnu_arm/4.9_2015q3/bin/../lib/gcc/arm-none-eabi/4.9.3/../../../../arm-none-eabi/lib/armv7-m\libc_nano.a(lib_a-signal.o)
                0x0000bac4                raise
 .text._kill_r  0x0000bad4       0x24 c:/siliconlabs/simplicitystudio/v4/developer/toolchains/gnu_arm/4.9_2015q3/bin/../lib/gcc/arm-none-eabi/4.9.3/../../../../arm-none-eabi/lib/armv7-m\libc_nano.a(lib_a-signalr.o)
                0x0000bad4                _kill_r
 .text._getpid_r
                0x0000baf8        0x4 c:/siliconlabs/simplicitystudio/v4/developer/toolchains/gnu_arm/4.9_2015q3/bin/../lib/gcc/arm-none-eabi/4.9.3/../../../../arm-none-eabi/lib/armv7-m\libc_nano.a(lib_a-signalr.o)
                0x0000baf8                _getpid_r
 .text.sprintf  0x0000bafc       0x48 c:/siliconlabs/simplicitystudio/v4/developer/toolchains/gnu_arm/4.9_2015q3/bin/../lib/gcc/arm-none-eabi/4.9.3/../../../../arm-none-eabi/lib/armv7-m\libc_nano.a(lib_a-sprintf.o)
                0x0000bafc                siprintf
                0x0000bafc                sprintf
 .text          0x0000bb44       0x14 c:/siliconlabs/simplicitystudio/v4/developer/toolchains/gnu_arm/4.9_2015q3/bin/../lib/gcc/arm-none-eabi/4.9.3/../../../../arm-none-eabi/lib/armv7-m\libc_nano.a(lib_a-strcmp.o)
                0x0000bb44                strcmp
 .text.strlen   0x0000bb58       0x10 c:/siliconlabs/simplicitystudio/v4/developer/toolchains/gnu_arm/4.9_2015q3/bin/../lib/gcc/arm-none-eabi/4.9.3/../../../../arm-none-eabi/lib/armv7-m\libc_nano.a(lib_a-strlen.o)
                0x0000bb58                strlen
 .text.strncmp  0x0000bb68       0x32 c:/siliconlabs/simplicitystudio/v4/developer/toolchains/gnu_arm/4.9_2015q3/bin/../lib/gcc/arm-none-eabi/4.9.3/../../../../arm-none-eabi/lib/armv7-m\libc_nano.a(lib_a-strncmp.o)
                0x0000bb68                strncmp
 *fill*         0x0000bb9a        0x2 
 .text.write    0x0000bb9c       0x1c c:/siliconlabs/simplicitystudio/v4/developer/toolchains/gnu_arm/4.9_2015q3/bin/../lib/gcc/arm-none-eabi/4.9.3/../../../../arm-none-eabi/lib/armv7-m\libc_nano.a(lib_a-syswrite.o)
                0x0000bb9c                write
 .text.__swbuf_r
                0x0000bbb8       0xa8 c:/siliconlabs/simplicitystudio/v4/developer/toolchains/gnu_arm/4.9_2015q3/bin/../lib/gcc/arm-none-eabi/4.9.3/../../../../arm-none-eabi/lib/armv7-m\libc_nano.a(lib_a-wbuf.o)
                0x0000bbb8                __swbuf_r
 .text._write_r
                0x0000bc60       0x24 c:/siliconlabs/simplicitystudio/v4/developer/toolchains/gnu_arm/4.9_2015q3/bin/../lib/gcc/arm-none-eabi/4.9.3/../../../../arm-none-eabi/lib/armv7-m\libc_nano.a(lib_a-writer.o)
                0x0000bc60                _write_r
 .text.__swsetup_r
                0x0000bc84       0xd8 c:/siliconlabs/simplicitystudio/v4/developer/toolchains/gnu_arm/4.9_2015q3/bin/../lib/gcc/arm-none-eabi/4.9.3/../../../../arm-none-eabi/lib/armv7-m\libc_nano.a(lib_a-wsetup.o)
                0x0000bc84                __swsetup_r
 .text.__sflush_r
                0x0000bd5c      0x106 c:/siliconlabs/simplicitystudio/v4/developer/toolchains/gnu_arm/4.9_2015q3/bin/../lib/gcc/arm-none-eabi/4.9.3/../../../../arm-none-eabi/lib/armv7-m\libc_nano.a(lib_a-fflush.o)
                0x0000bd5c                __sflush_r
 *fill*         0x0000be62        0x2 
 .text._fflush_r
                0x0000be64       0x54 c:/siliconlabs/simplicitystudio/v4/developer/toolchains/gnu_arm/4.9_2015q3/bin/../lib/gcc/arm-none-eabi/4.9.3/../../../../arm-none-eabi/lib/armv7-m\libc_nano.a(lib_a-fflush.o)
                0x0000be64                _fflush_r
 .text._cleanup_r
                0x0000beb8        0xc c:/siliconlabs/simplicitystudio/v4/developer/toolchains/gnu_arm/4.9_2015q3/bin/../lib/gcc/arm-none-eabi/4.9.3/../../../../arm-none-eabi/lib/armv7-m\libc_nano.a(lib_a-findfp.o)
                0x0000beb8                _cleanup_r
 .text.std.isra.0
                0x0000bec4       0x48 c:/siliconlabs/simplicitystudio/v4/developer/toolchains/gnu_arm/4.9_2015q3/bin/../lib/gcc/arm-none-eabi/4.9.3/../../../../arm-none-eabi/lib/armv7-m\libc_nano.a(lib_a-findfp.o)
 .text.__sfmoreglue
                0x0000bf0c       0x2c c:/siliconlabs/simplicitystudio/v4/developer/toolchains/gnu_arm/4.9_2015q3/bin/../lib/gcc/arm-none-eabi/4.9.3/../../../../arm-none-eabi/lib/armv7-m\libc_nano.a(lib_a-findfp.o)
                0x0000bf0c                __sfmoreglue
 .text.__sinit  0x0000bf38       0x60 c:/siliconlabs/simplicitystudio/v4/developer/toolchains/gnu_arm/4.9_2015q3/bin/../lib/gcc/arm-none-eabi/4.9.3/../../../../arm-none-eabi/lib/armv7-m\libc_nano.a(lib_a-findfp.o)
                0x0000bf38                __sinit
 .text.__sfp    0x0000bf98       0x74 c:/siliconlabs/simplicitystudio/v4/developer/toolchains/gnu_arm/4.9_2015q3/bin/../lib/gcc/arm-none-eabi/4.9.3/../../../../arm-none-eabi/lib/armv7-m\libc_nano.a(lib_a-findfp.o)
                0x0000bf98                __sfp
 .text._fwalk_reent
                0x0000c00c       0x3c c:/siliconlabs/simplicitystudio/v4/developer/toolchains/gnu_arm/4.9_2015q3/bin/../lib/gcc/arm-none-eabi/4.9.3/../../../../arm-none-eabi/lib/armv7-m\libc_nano.a(lib_a-fwalk.o)
                0x0000c00c                _fwalk_reent
 .text.__smakebuf_r
                0x0000c048       0x98 c:/siliconlabs/simplicitystudio/v4/developer/toolchains/gnu_arm/4.9_2015q3/bin/../lib/gcc/arm-none-eabi/4.9.3/../../../../arm-none-eabi/lib/armv7-m\libc_nano.a(lib_a-makebuf.o)
                0x0000c048                __smakebuf_r
 .text._realloc_r
                0x0000c0e0       0x4c c:/siliconlabs/simplicitystudio/v4/developer/toolchains/gnu_arm/4.9_2015q3/bin/../lib/gcc/arm-none-eabi/4.9.3/../../../../arm-none-eabi/lib/armv7-m\libc_nano.a(lib_a-nano-reallocr.o)
                0x0000c0e0                _realloc_r
 .text.__ssputs_r
                0x0000c12c       0xb2 c:/siliconlabs/simplicitystudio/v4/developer/toolchains/gnu_arm/4.9_2015q3/bin/../lib/gcc/arm-none-eabi/4.9.3/../../../../arm-none-eabi/lib/armv7-m\libc_nano.a(lib_a-nano-svfprintf.o)
                0x0000c12c                __ssputs_r
 *fill*         0x0000c1de        0x2 
 .text._svfprintf_r
                0x0000c1e0      0x1e4 c:/siliconlabs/simplicitystudio/v4/developer/toolchains/gnu_arm/4.9_2015q3/bin/../lib/gcc/arm-none-eabi/4.9.3/../../../../arm-none-eabi/lib/armv7-m\libc_nano.a(lib_a-nano-svfprintf.o)
                0x0000c1e0                _svfiprintf_r
                0x0000c1e0                _svfprintf_r
 .text._printf_common
                0x0000c3c4       0xea c:/siliconlabs/simplicitystudio/v4/developer/toolchains/gnu_arm/4.9_2015q3/bin/../lib/gcc/arm-none-eabi/4.9.3/../../../../arm-none-eabi/lib/armv7-m\libc_nano.a(lib_a-nano-vfprintf_i.o)
                0x0000c3c4                _printf_common
 *fill*         0x0000c4ae        0x2 
 .text._printf_i
                0x0000c4b0      0x240 c:/siliconlabs/simplicitystudio/v4/developer/toolchains/gnu_arm/4.9_2015q3/bin/../lib/gcc/arm-none-eabi/4.9.3/../../../../arm-none-eabi/lib/armv7-m\libc_nano.a(lib_a-nano-vfprintf_i.o)
                0x0000c4b0                _printf_i
 .text.__sread  0x0000c6f0       0x22 c:/siliconlabs/simplicitystudio/v4/developer/toolchains/gnu_arm/4.9_2015q3/bin/../lib/gcc/arm-none-eabi/4.9.3/../../../../arm-none-eabi/lib/armv7-m\libc_nano.a(lib_a-stdio.o)
                0x0000c6f0                __sread
 .text.__swrite
                0x0000c712       0x38 c:/siliconlabs/simplicitystudio/v4/developer/toolchains/gnu_arm/4.9_2015q3/bin/../lib/gcc/arm-none-eabi/4.9.3/../../../../arm-none-eabi/lib/armv7-m\libc_nano.a(lib_a-stdio.o)
                0x0000c712                __swrite
 .text.__sseek  0x0000c74a       0x24 c:/siliconlabs/simplicitystudio/v4/developer/toolchains/gnu_arm/4.9_2015q3/bin/../lib/gcc/arm-none-eabi/4.9.3/../../../../arm-none-eabi/lib/armv7-m\libc_nano.a(lib_a-stdio.o)
                0x0000c74a                __sseek
 .text.__sclose
                0x0000c76e        0x8 c:/siliconlabs/simplicitystudio/v4/developer/toolchains/gnu_arm/4.9_2015q3/bin/../lib/gcc/arm-none-eabi/4.9.3/../../../../arm-none-eabi/lib/armv7-m\libc_nano.a(lib_a-stdio.o)
                0x0000c76e                __sclose
 *fill*         0x0000c776        0x2 
 .text._close_r
                0x0000c778       0x20 c:/siliconlabs/simplicitystudio/v4/developer/toolchains/gnu_arm/4.9_2015q3/bin/../lib/gcc/arm-none-eabi/4.9.3/../../../../arm-none-eabi/lib/armv7-m\libc_nano.a(lib_a-closer.o)
                0x0000c778                _close_r
 .text._fstat_r
                0x0000c798       0x24 c:/siliconlabs/simplicitystudio/v4/developer/toolchains/gnu_arm/4.9_2015q3/bin/../lib/gcc/arm-none-eabi/4.9.3/../../../../arm-none-eabi/lib/armv7-m\libc_nano.a(lib_a-fstatr.o)
                0x0000c798                _fstat_r
 .text._isatty_r
                0x0000c7bc       0x20 c:/siliconlabs/simplicitystudio/v4/developer/toolchains/gnu_arm/4.9_2015q3/bin/../lib/gcc/arm-none-eabi/4.9.3/../../../../arm-none-eabi/lib/armv7-m\libc_nano.a(lib_a-isattyr.o)
                0x0000c7bc                _isatty_r
 .text._lseek_r
                0x0000c7dc       0x24 c:/siliconlabs/simplicitystudio/v4/developer/toolchains/gnu_arm/4.9_2015q3/bin/../lib/gcc/arm-none-eabi/4.9.3/../../../../arm-none-eabi/lib/armv7-m\libc_nano.a(lib_a-lseekr.o)
                0x0000c7dc                _lseek_r
 .text.memchr   0x0000c800       0x1c c:/siliconlabs/simplicitystudio/v4/developer/toolchains/gnu_arm/4.9_2015q3/bin/../lib/gcc/arm-none-eabi/4.9.3/../../../../arm-none-eabi/lib/armv7-m\libc_nano.a(lib_a-memchr.o)
                0x0000c800                memchr
 .text.memmove  0x0000c81c       0x36 c:/siliconlabs/simplicitystudio/v4/developer/toolchains/gnu_arm/4.9_2015q3/bin/../lib/gcc/arm-none-eabi/4.9.3/../../../../arm-none-eabi/lib/armv7-m\libc_nano.a(lib_a-memmove.o)
                0x0000c81c                memmove
 .text._malloc_usable_size_r
                0x0000c852       0x14 c:/siliconlabs/simplicitystudio/v4/developer/toolchains/gnu_arm/4.9_2015q3/bin/../lib/gcc/arm-none-eabi/4.9.3/../../../../arm-none-eabi/lib/armv7-m\libc_nano.a(lib_a-nano-msizer.o)
                0x0000c852                _malloc_usable_size_r
 *fill*         0x0000c866        0x2 
 .text._read_r  0x0000c868       0x24 c:/siliconlabs/simplicitystudio/v4/developer/toolchains/gnu_arm/4.9_2015q3/bin/../lib/gcc/arm-none-eabi/4.9.3/../../../../arm-none-eabi/lib/armv7-m\libc_nano.a(lib_a-readr.o)
                0x0000c868                _read_r
 .text._close   0x0000c88c       0x10 c:/siliconlabs/simplicitystudio/v4/developer/toolchains/gnu_arm/4.9_2015q3/bin/../lib/gcc/arm-none-eabi/4.9.3/../../../../arm-none-eabi/lib/armv7-m\libnosys.a(close.o)
                0x0000c88c                _close
 .text._fstat   0x0000c89c       0x10 c:/siliconlabs/simplicitystudio/v4/developer/toolchains/gnu_arm/4.9_2015q3/bin/../lib/gcc/arm-none-eabi/4.9.3/../../../../arm-none-eabi/lib/armv7-m\libnosys.a(fstat.o)
                0x0000c89c                _fstat
 .text._getpid  0x0000c8ac       0x10 c:/siliconlabs/simplicitystudio/v4/developer/toolchains/gnu_arm/4.9_2015q3/bin/../lib/gcc/arm-none-eabi/4.9.3/../../../../arm-none-eabi/lib/armv7-m\libnosys.a(getpid.o)
                0x0000c8ac                _getpid
 .text._isatty  0x0000c8bc       0x10 c:/siliconlabs/simplicitystudio/v4/developer/toolchains/gnu_arm/4.9_2015q3/bin/../lib/gcc/arm-none-eabi/4.9.3/../../../../arm-none-eabi/lib/armv7-m\libnosys.a(isatty.o)
                0x0000c8bc                _isatty
 .text._kill    0x0000c8cc       0x10 c:/siliconlabs/simplicitystudio/v4/developer/toolchains/gnu_arm/4.9_2015q3/bin/../lib/gcc/arm-none-eabi/4.9.3/../../../../arm-none-eabi/lib/armv7-m\libnosys.a(kill.o)
                0x0000c8cc                _kill
 .text._lseek   0x0000c8dc       0x10 c:/siliconlabs/simplicitystudio/v4/developer/toolchains/gnu_arm/4.9_2015q3/bin/../lib/gcc/arm-none-eabi/4.9.3/../../../../arm-none-eabi/lib/armv7-m\libnosys.a(lseek.o)
                0x0000c8dc                _lseek
 .text._read    0x0000c8ec       0x10 c:/siliconlabs/simplicitystudio/v4/developer/toolchains/gnu_arm/4.9_2015q3/bin/../lib/gcc/arm-none-eabi/4.9.3/../../../../arm-none-eabi/lib/armv7-m\libnosys.a(read.o)
                0x0000c8ec                _read
 .text._sbrk    0x0000c8fc       0x1c c:/siliconlabs/simplicitystudio/v4/developer/toolchains/gnu_arm/4.9_2015q3/bin/../lib/gcc/arm-none-eabi/4.9.3/../../../../arm-none-eabi/lib/armv7-m\libnosys.a(sbrk.o)
                0x0000c8fc                _sbrk
 .text._write   0x0000c918       0x10 c:/siliconlabs/simplicitystudio/v4/developer/toolchains/gnu_arm/4.9_2015q3/bin/../lib/gcc/arm-none-eabi/4.9.3/../../../../arm-none-eabi/lib/armv7-m\libnosys.a(write.o)
                0x0000c918                _write
 .text._exit    0x0000c928        0x4 c:/siliconlabs/simplicitystudio/v4/developer/toolchains/gnu_arm/4.9_2015q3/bin/../lib/gcc/arm-none-eabi/4.9.3/../../../../arm-none-eabi/lib/armv7-m\libnosys.a(_exit.o)
                0x0000c928                _exit
 *(.init)
 .init          0x0000c92c        0x4 c:/siliconlabs/simplicitystudio/v4/developer/toolchains/gnu_arm/4.9_2015q3/bin/../lib/gcc/arm-none-eabi/4.9.3/armv7-m/crti.o
                0x0000c92c                _init
 .init          0x0000c930        0x8 c:/siliconlabs/simplicitystudio/v4/developer/toolchains/gnu_arm/4.9_2015q3/bin/../lib/gcc/arm-none-eabi/4.9.3/armv7-m/crtn.o
 *(.fini)
 .fini          0x0000c938        0x4 c:/siliconlabs/simplicitystudio/v4/developer/toolchains/gnu_arm/4.9_2015q3/bin/../lib/gcc/arm-none-eabi/4.9.3/armv7-m/crti.o
                0x0000c938                _fini
 .fini          0x0000c93c        0x8 c:/siliconlabs/simplicitystudio/v4/developer/toolchains/gnu_arm/4.9_2015q3/bin/../lib/gcc/arm-none-eabi/4.9.3/armv7-m/crtn.o
 *crtbegin.o(.ctors)
 *crtbegin?.o(.ctors)
 *(EXCLUDE_FILE(*crtend.o *crtend?.o) .ctors)
 *(SORT(.ctors.*))
 *(.ctors)
 *crtbegin.o(.dtors)
 *crtbegin?.o(.dtors)
 *(EXCLUDE_FILE(*crtend.o *crtend?.o) .dtors)
 *(SORT(.dtors.*))
 *(.dtors)
 *(.rodata*)
 *fill*         0x0000c944        0x4 
 .rodata._ZTV6ITimer
                0x0000c948       0x18 ./Factory/Factory.o
                0x0000c948                vtable for ITimer
 .rodata._ZTV5IGPIO
                0x0000c960       0x20 ./Factory/Factory.o
                0x0000c960                vtable for IGPIO
 .rodata._ZTV4ILED
                0x0000c980       0x1c ./Factory/Factory.o
                0x0000c980                vtable for ILED
 *fill*         0x0000c99c        0x4 
 .rodata._ZTV6IState
                0x0000c9a0       0x20 ./Factory/Factory.o
                0x0000c9a0                vtable for IState
 .rodata._ZTS6ITimer
                0x0000c9c0        0x8 ./Factory/Factory.o
                0x0000c9c0                typeinfo name for ITimer
 .rodata._ZTI6ITimer
                0x0000c9c8        0x8 ./Factory/Factory.o
                0x0000c9c8                typeinfo for ITimer
 .rodata._ZTS5IGPIO
                0x0000c9d0        0x7 ./Factory/Factory.o
                0x0000c9d0                typeinfo name for IGPIO
 *fill*         0x0000c9d7        0x1 
 .rodata._ZTI5IGPIO
                0x0000c9d8        0x8 ./Factory/Factory.o
                0x0000c9d8                typeinfo for IGPIO
 .rodata._ZTS4ILED
                0x0000c9e0        0x6 ./Factory/Factory.o
                0x0000c9e0                typeinfo name for ILED
 *fill*         0x0000c9e6        0x2 
 .rodata._ZTI4ILED
                0x0000c9e8        0x8 ./Factory/Factory.o
                0x0000c9e8                typeinfo for ILED
 .rodata._ZTS6IState
                0x0000c9f0        0x8 ./Factory/Factory.o
                0x0000c9f0                typeinfo name for IState
 .rodata._ZTI6IState
                0x0000c9f8        0x8 ./Factory/Factory.o
                0x0000c9f8                typeinfo for IState
 .rodata._ZTV9InitState
                0x0000ca00       0x20 ./Source/Application/InitState.o
                0x0000ca00                vtable for InitState
 .rodata._ZTI9InitState
                0x0000ca20        0xc ./Source/Application/InitState.o
                0x0000ca20                typeinfo for InitState
 .rodata._ZTS9InitState
                0x0000ca2c        0xb ./Source/Application/InitState.o
                0x0000ca2c                typeinfo name for InitState
 *fill*         0x0000ca37        0x1 
 .rodata._ZTV8RunState
                0x0000ca38       0x20 ./Source/Application/RunState.o
                0x0000ca38                vtable for RunState
 .rodata._ZTI8RunState
                0x0000ca58        0xc ./Source/Application/RunState.o
                0x0000ca58                typeinfo for RunState
 .rodata._ZTS8RunState
                0x0000ca64        0xa ./Source/Application/RunState.o
                0x0000ca64                typeinfo name for RunState
 *fill*         0x0000ca6e        0x2 
 .rodata._ZTV10EFM32_GPIO
                0x0000ca70       0x20 ./Source/EFM32/EFM32_GPIO.o
                0x0000ca70                vtable for EFM32_GPIO
 .rodata._ZTI10EFM32_GPIO
                0x0000ca90        0xc ./Source/EFM32/EFM32_GPIO.o
                0x0000ca90                typeinfo for EFM32_GPIO
 .rodata._ZTS10EFM32_GPIO
                0x0000ca9c        0xd ./Source/EFM32/EFM32_GPIO.o
                0x0000ca9c                typeinfo name for EFM32_GPIO
 *fill*         0x0000caa9        0x7 
 .rodata._ZTV12EFM32_Timer0
                0x0000cab0       0x18 ./Source/EFM32/EFM32_Timer0.o
                0x0000cab0                vtable for EFM32_Timer0
 .rodata._ZTI12EFM32_Timer0
                0x0000cac8        0xc ./Source/EFM32/EFM32_Timer0.o
                0x0000cac8                typeinfo for EFM32_Timer0
 .rodata._ZTS12EFM32_Timer0
                0x0000cad4        0xf ./Source/EFM32/EFM32_Timer0.o
                0x0000cad4                typeinfo name for EFM32_Timer0
 *fill*         0x0000cae3        0x5 
 .rodata._ZTV3LED
                0x0000cae8       0x1c ./Source/Peripherals/LED.o
                0x0000cae8                vtable for LED
 .rodata._ZTI3LED
                0x0000cb04        0xc ./Source/Peripherals/LED.o
                0x0000cb04                typeinfo for LED
 .rodata._ZTS3LED
                0x0000cb10        0x5 ./Source/Peripherals/LED.o
                0x0000cb10                typeinfo name for LED
 *fill*         0x0000cb15        0x3 
 .rodata._ZTVN10__cxxabiv120__si_class_type_infoE
                0x0000cb18       0x2c c:/siliconlabs/simplicitystudio/v4/developer/toolchains/gnu_arm/4.9_2015q3/bin/../lib/gcc/arm-none-eabi/4.9.3/../../../../arm-none-eabi/lib/armv7-m\libstdc++_nano.a(si_class_type_info.o)
                0x0000cb18                vtable for __cxxabiv1::__si_class_type_info
 .rodata._ZTIN10__cxxabiv120__si_class_type_infoE
                0x0000cb44        0xc c:/siliconlabs/simplicitystudio/v4/developer/toolchains/gnu_arm/4.9_2015q3/bin/../lib/gcc/arm-none-eabi/4.9.3/../../../../arm-none-eabi/lib/armv7-m\libstdc++_nano.a(si_class_type_info.o)
                0x0000cb44                typeinfo for __cxxabiv1::__si_class_type_info
 .rodata._ZTSN10__cxxabiv120__si_class_type_infoE
                0x0000cb50       0x25 c:/siliconlabs/simplicitystudio/v4/developer/toolchains/gnu_arm/4.9_2015q3/bin/../lib/gcc/arm-none-eabi/4.9.3/../../../../arm-none-eabi/lib/armv7-m\libstdc++_nano.a(si_class_type_info.o)
                0x0000cb50                typeinfo name for __cxxabiv1::__si_class_type_info
 *fill*         0x0000cb75        0x3 
 .rodata._ZTISt9type_info
                0x0000cb78        0x8 c:/siliconlabs/simplicitystudio/v4/developer/toolchains/gnu_arm/4.9_2015q3/bin/../lib/gcc/arm-none-eabi/4.9.3/../../../../arm-none-eabi/lib/armv7-m\libstdc++_nano.a(tinfo.o)
                0x0000cb78                typeinfo for std::type_info
 .rodata._ZTSSt9type_info
                0x0000cb80        0xd c:/siliconlabs/simplicitystudio/v4/developer/toolchains/gnu_arm/4.9_2015q3/bin/../lib/gcc/arm-none-eabi/4.9.3/../../../../arm-none-eabi/lib/armv7-m\libstdc++_nano.a(tinfo.o)
                0x0000cb80                typeinfo name for std::type_info
 *fill*         0x0000cb8d        0x3 
 .rodata._ZTVN10__cxxabiv117__class_type_infoE
                0x0000cb90       0x2c c:/siliconlabs/simplicitystudio/v4/developer/toolchains/gnu_arm/4.9_2015q3/bin/../lib/gcc/arm-none-eabi/4.9.3/../../../../arm-none-eabi/lib/armv7-m\libstdc++_nano.a(class_type_info.o)
                0x0000cb90                vtable for __cxxabiv1::__class_type_info
 .rodata._ZTIN10__cxxabiv117__class_type_infoE
                0x0000cbbc        0xc c:/siliconlabs/simplicitystudio/v4/developer/toolchains/gnu_arm/4.9_2015q3/bin/../lib/gcc/arm-none-eabi/4.9.3/../../../../arm-none-eabi/lib/armv7-m\libstdc++_nano.a(class_type_info.o)
                0x0000cbbc                typeinfo for __cxxabiv1::__class_type_info
 .rodata._ZTSN10__cxxabiv117__class_type_infoE
                0x0000cbc8       0x22 c:/siliconlabs/simplicitystudio/v4/developer/toolchains/gnu_arm/4.9_2015q3/bin/../lib/gcc/arm-none-eabi/4.9.3/../../../../arm-none-eabi/lib/armv7-m\libstdc++_nano.a(class_type_info.o)
                0x0000cbc8                typeinfo name for __cxxabiv1::__class_type_info
 .rodata.str1.1
                0x0000cbea       0x3b c:/siliconlabs/simplicitystudio/v4/developer/toolchains/gnu_arm/4.9_2015q3/bin/../lib/gcc/arm-none-eabi/4.9.3/../../../../arm-none-eabi/lib/armv7-m\libstdc++_nano.a(pure.o)
 .rodata._ZTSN10__cxxabiv115__forced_unwindE
                0x0000cc25       0x20 c:/siliconlabs/simplicitystudio/v4/developer/toolchains/gnu_arm/4.9_2015q3/bin/../lib/gcc/arm-none-eabi/4.9.3/../../../../arm-none-eabi/lib/armv7-m\libstdc++_nano.a(eh_exception.o)
                0x0000cc25                typeinfo name for __cxxabiv1::__forced_unwind
 *fill*         0x0000cc45        0x3 
 .rodata._ZTIN10__cxxabiv115__forced_unwindE
                0x0000cc48        0x8 c:/siliconlabs/simplicitystudio/v4/developer/toolchains/gnu_arm/4.9_2015q3/bin/../lib/gcc/arm-none-eabi/4.9.3/../../../../arm-none-eabi/lib/armv7-m\libstdc++_nano.a(eh_exception.o)
                0x0000cc48                typeinfo for __cxxabiv1::__forced_unwind
 .rodata._ZTSN10__cxxabiv119__foreign_exceptionE
                0x0000cc50       0x24 c:/siliconlabs/simplicitystudio/v4/developer/toolchains/gnu_arm/4.9_2015q3/bin/../lib/gcc/arm-none-eabi/4.9.3/../../../../arm-none-eabi/lib/armv7-m\libstdc++_nano.a(eh_exception.o)
                0x0000cc50                typeinfo name for __cxxabiv1::__foreign_exception
 .rodata._ZTIN10__cxxabiv119__foreign_exceptionE
                0x0000cc74        0x8 c:/siliconlabs/simplicitystudio/v4/developer/toolchains/gnu_arm/4.9_2015q3/bin/../lib/gcc/arm-none-eabi/4.9.3/../../../../arm-none-eabi/lib/armv7-m\libstdc++_nano.a(eh_exception.o)
                0x0000cc74                typeinfo for __cxxabiv1::__foreign_exception
 .rodata.str1.1
                0x0000cc7c       0x80 c:/siliconlabs/simplicitystudio/v4/developer/toolchains/gnu_arm/4.9_2015q3/bin/../lib/gcc/arm-none-eabi/4.9.3/../../../../arm-none-eabi/lib/armv7-m\libstdc++_nano.a(vterminate.o)
 .rodata        0x0000ccfc      0x738 c:/siliconlabs/simplicitystudio/v4/developer/toolchains/gnu_arm/4.9_2015q3/bin/../lib/gcc/arm-none-eabi/4.9.3/../../../../arm-none-eabi/lib/armv7-m\libstdc++_nano.a(cp-demangle.o)
 .rodata.str1.4
                0x0000d434      0x7f4 c:/siliconlabs/simplicitystudio/v4/developer/toolchains/gnu_arm/4.9_2015q3/bin/../lib/gcc/arm-none-eabi/4.9.3/../../../../arm-none-eabi/lib/armv7-m\libstdc++_nano.a(cp-demangle.o)
                                0x83e (size before relaxing)
 .rodata.str1.1
                0x0000dc28        0x2 c:/siliconlabs/simplicitystudio/v4/developer/toolchains/gnu_arm/4.9_2015q3/bin/../lib/gcc/arm-none-eabi/4.9.3/../../../../arm-none-eabi/lib/armv7-m\libc_nano.a(lib_a-impure.o)
 *fill*         0x0000dc2a        0x2 
 .rodata._global_impure_ptr
                0x0000dc2c        0x4 c:/siliconlabs/simplicitystudio/v4/developer/toolchains/gnu_arm/4.9_2015q3/bin/../lib/gcc/arm-none-eabi/4.9.3/../../../../arm-none-eabi/lib/armv7-m\libc_nano.a(lib_a-impure.o)
                0x0000dc2c                _global_impure_ptr
 .rodata.__sf_fake_stdin
                0x0000dc30       0x20 c:/siliconlabs/simplicitystudio/v4/developer/toolchains/gnu_arm/4.9_2015q3/bin/../lib/gcc/arm-none-eabi/4.9.3/../../../../arm-none-eabi/lib/armv7-m\libc_nano.a(lib_a-findfp.o)
                0x0000dc30                __sf_fake_stdin
 .rodata.__sf_fake_stdout
                0x0000dc50       0x20 c:/siliconlabs/simplicitystudio/v4/developer/toolchains/gnu_arm/4.9_2015q3/bin/../lib/gcc/arm-none-eabi/4.9.3/../../../../arm-none-eabi/lib/armv7-m\libc_nano.a(lib_a-findfp.o)
                0x0000dc50                __sf_fake_stdout
 .rodata.__sf_fake_stderr
                0x0000dc70       0x20 c:/siliconlabs/simplicitystudio/v4/developer/toolchains/gnu_arm/4.9_2015q3/bin/../lib/gcc/arm-none-eabi/4.9.3/../../../../arm-none-eabi/lib/armv7-m\libc_nano.a(lib_a-findfp.o)
                0x0000dc70                __sf_fake_stderr
 .rodata.str1.1
                0x0000dc90       0x11 c:/siliconlabs/simplicitystudio/v4/developer/toolchains/gnu_arm/4.9_2015q3/bin/../lib/gcc/arm-none-eabi/4.9.3/../../../../arm-none-eabi/lib/armv7-m\libc_nano.a(lib_a-nano-svfprintf.o)
 .rodata.str1.1
                0x0000dca1       0x22 c:/siliconlabs/simplicitystudio/v4/developer/toolchains/gnu_arm/4.9_2015q3/bin/../lib/gcc/arm-none-eabi/4.9.3/../../../../arm-none-eabi/lib/armv7-m\libc_nano.a(lib_a-nano-vfprintf_i.o)
 *(.eh_frame*)
 *fill*         0x0000dcc3        0x1 
 .eh_frame      0x0000dcc4        0x0 c:/siliconlabs/simplicitystudio/v4/developer/toolchains/gnu_arm/4.9_2015q3/bin/../lib/gcc/arm-none-eabi/4.9.3/armv7-m/crtbegin.o
 .eh_frame      0x0000dcc4       0x28 c:/siliconlabs/simplicitystudio/v4/developer/toolchains/gnu_arm/4.9_2015q3/bin/../lib/gcc/arm-none-eabi/4.9.3/../../../../arm-none-eabi/lib/armv7-m\libc_nano.a(lib_a-strcmp.o)
 .eh_frame      0x0000dcec        0x4 c:/siliconlabs/simplicitystudio/v4/developer/toolchains/gnu_arm/4.9_2015q3/bin/../lib/gcc/arm-none-eabi/4.9.3/armv7-m/crtend.o

.glue_7         0x0000dcf0        0x0
 .glue_7        0x00000000        0x0 linker stubs

.glue_7t        0x0000dcf0        0x0
 .glue_7t       0x00000000        0x0 linker stubs

.vfp11_veneer   0x0000dcf0        0x0
 .vfp11_veneer  0x00000000        0x0 linker stubs

.v4_bx          0x0000dcf0        0x0
 .v4_bx         0x00000000        0x0 linker stubs

.iplt           0x0000dcf0        0x0
 .iplt          0x00000000        0x0 c:/siliconlabs/simplicitystudio/v4/developer/toolchains/gnu_arm/4.9_2015q3/bin/../lib/gcc/arm-none-eabi/4.9.3/armv7-m/crtbegin.o

.ARM.extab      0x0000dcf0       0x94
 *(.ARM.extab* .gnu.linkonce.armextab.*)
 .ARM.extab.text._ZN6IStateD2Ev
                0x0000dcf0        0x0 ./Factory/Factory.o
 .ARM.extab.text._ZN6IStateD0Ev
                0x0000dcf0        0x0 ./Factory/Factory.o
 .ARM.extab.text._ZN9InitStateD2Ev
                0x0000dcf0        0x0 ./Factory/Factory.o
 .ARM.extab.text._ZN9InitStateD0Ev
                0x0000dcf0        0x0 ./Factory/Factory.o
 .ARM.extab.text._ZN8RunStateD2Ev
                0x0000dcf0        0x0 ./Factory/Factory.o
 .ARM.extab.text._ZN8RunStateD0Ev
                0x0000dcf0        0x0 ./Factory/Factory.o
 .ARM.extab.text._ZN4ILEDC2Ev
                0x0000dcf0        0x0 ./Factory/Factory.o
 .ARM.extab.text._ZN4ILEDD2Ev
                0x0000dcf0        0x0 ./Factory/Factory.o
 .ARM.extab.text._ZN4ILEDD0Ev
                0x0000dcf0        0x0 ./Factory/Factory.o
 .ARM.extab.text._ZN5IGPIOD2Ev
                0x0000dcf0        0x0 ./Factory/Factory.o
 .ARM.extab.text._ZN5IGPIOD0Ev
                0x0000dcf0        0x0 ./Factory/Factory.o
 .ARM.extab.text._ZN3LEDC2Ev
                0x0000dcf0        0x0 ./Factory/Factory.o
 .ARM.extab.text._ZN3LEDD2Ev
                0x0000dcf0        0x0 ./Factory/Factory.o
 .ARM.extab.text._ZN3LEDD0Ev
                0x0000dcf0        0x0 ./Factory/Factory.o
 .ARM.extab.text._ZN6ITimerC2Ev
                0x0000dcf0        0x0 ./Factory/Factory.o
 .ARM.extab.text._ZN6ITimerD2Ev
                0x0000dcf0        0x0 ./Factory/Factory.o
 .ARM.extab.text._ZN6ITimerD0Ev
                0x0000dcf0        0x0 ./Factory/Factory.o
 .ARM.extab.text._ZN12EFM32_Timer0C2Ev
                0x0000dcf0        0x0 ./Factory/Factory.o
 .ARM.extab.text._ZN12EFM32_Timer0D2Ev
                0x0000dcf0        0x0 ./Factory/Factory.o
 .ARM.extab.text._ZN12EFM32_Timer0D0Ev
                0x0000dcf0        0x0 ./Factory/Factory.o
 .ARM.extab.text._ZN10EFM32_GPIOD2Ev
                0x0000dcf0        0x0 ./Factory/Factory.o
 .ARM.extab.text._ZN10EFM32_GPIOD0Ev
                0x0000dcf0        0x0 ./Factory/Factory.o
 .ARM.extab.text._ZN7FactoryC2Ev
                0x0000dcf0       0x22 ./Factory/Factory.o
 *fill*         0x0000dd12        0x2 
 .ARM.extab.text._ZN7Factory18createStateManagerEv
                0x0000dd14        0xc ./Factory/Factory.o
 .ARM.extab.text._ZN6IStateaSERKS_
                0x0000dd20        0x0 ./Factory/Factory.o
 .ARM.extab.text._ZN9InitStateaSERKS_
                0x0000dd20        0x0 ./Factory/Factory.o
 .ARM.extab.text._ZN8RunStateaSERKS_
                0x0000dd20        0x0 ./Factory/Factory.o
 .ARM.extab.text._ZN7Factory12createStatesEv
                0x0000dd20        0xc ./Factory/Factory.o
 .ARM.extab.text._ZN6ITimeraSERKS_
                0x0000dd2c        0x0 ./Factory/Factory.o
 .ARM.extab.text._ZN12EFM32_Timer0aSERKS_
                0x0000dd2c        0x0 ./Factory/Factory.o
 .ARM.extab.text._ZN7Factory12createTimer0Ev
                0x0000dd2c        0xc ./Factory/Factory.o
 .ARM.extab.text._ZN6IStateC2Ev
                0x0000dd38        0x0 ./Source/Application/InitState.o
 .ARM.extab.text._ZN12StateManagerC2EP6IState
                0x0000dd38        0xc ./Source/Application/StateManager.o
 .ARM.extab.text._ZN7FactoryD2Ev
                0x0000dd44        0x0 ./Source/Application/main.o
 .ARM.extab.text.main
                0x0000dd44       0x28 ./Source/Application/main.o
 .ARM.extab.text._ZN5IGPIOC2Ev
                0x0000dd6c        0x0 ./Source/EFM32/EFM32_GPIO.o
 .ARM.extab     0x0000dd6c       0x18 c:/siliconlabs/simplicitystudio/v4/developer/toolchains/gnu_arm/4.9_2015q3/bin/../lib/gcc/arm-none-eabi/4.9.3/armv7-m\libgcc.a(pr-support.o)
                0x0000dd84                __exidx_start = .

.ARM.exidx      0x0000dd84      0x120
 *(.ARM.exidx* .gnu.linkonce.armexidx.*)
 .ARM.exidx     0x0000dd84        0x8 c:/siliconlabs/simplicitystudio/v4/developer/toolchains/gnu_arm/4.9_2015q3/bin/../lib/gcc/arm-none-eabi/4.9.3/../../../../arm-none-eabi/lib/armv7-m/crt0.o
 .ARM.exidx.text._ZN6IStateD2Ev
                0x0000dd8c        0x0 ./Factory/Factory.o
                                  0x8 (size before relaxing)
 .ARM.exidx.text._ZN6IStateD0Ev
                0x0000dd8c        0x0 ./Factory/Factory.o
                                  0x8 (size before relaxing)
 .ARM.exidx.text._ZN9InitStateD2Ev
                0x0000dd8c        0x0 ./Factory/Factory.o
                                  0x8 (size before relaxing)
 .ARM.exidx.text._ZN9InitStateD0Ev
                0x0000dd8c        0x0 ./Factory/Factory.o
                                  0x8 (size before relaxing)
 .ARM.exidx.text._ZN8RunStateD2Ev
                0x0000dd8c        0x0 ./Factory/Factory.o
                                  0x8 (size before relaxing)
 .ARM.exidx.text._ZN8RunStateD0Ev
                0x0000dd8c        0x0 ./Factory/Factory.o
                                  0x8 (size before relaxing)
 .ARM.exidx.text._ZN4ILEDC2Ev
                0x0000dd8c        0x0 ./Factory/Factory.o
                                  0x8 (size before relaxing)
 .ARM.exidx.text._ZN4ILEDD2Ev
                0x0000dd8c        0x0 ./Factory/Factory.o
                                  0x8 (size before relaxing)
 .ARM.exidx.text._ZN4ILEDD0Ev
                0x0000dd8c        0x0 ./Factory/Factory.o
                                  0x8 (size before relaxing)
 .ARM.exidx.text._ZN5IGPIOD2Ev
                0x0000dd8c        0x0 ./Factory/Factory.o
                                  0x8 (size before relaxing)
 .ARM.exidx.text._ZN5IGPIOD0Ev
                0x0000dd8c        0x0 ./Factory/Factory.o
                                  0x8 (size before relaxing)
 .ARM.exidx.text._ZN3LEDC2Ev
                0x0000dd8c        0x0 ./Factory/Factory.o
                                  0x8 (size before relaxing)
 .ARM.exidx.text._ZN3LEDD2Ev
                0x0000dd8c        0x0 ./Factory/Factory.o
                                  0x8 (size before relaxing)
 .ARM.exidx.text._ZN3LEDD0Ev
                0x0000dd8c        0x0 ./Factory/Factory.o
                                  0x8 (size before relaxing)
 .ARM.exidx.text._ZN6ITimerC2Ev
                0x0000dd8c        0x0 ./Factory/Factory.o
                                  0x8 (size before relaxing)
 .ARM.exidx.text._ZN6ITimerD2Ev
                0x0000dd8c        0x0 ./Factory/Factory.o
                                  0x8 (size before relaxing)
 .ARM.exidx.text._ZN6ITimerD0Ev
                0x0000dd8c        0x0 ./Factory/Factory.o
                                  0x8 (size before relaxing)
 .ARM.exidx.text._ZN12EFM32_Timer0C2Ev
                0x0000dd8c        0x0 ./Factory/Factory.o
                                  0x8 (size before relaxing)
 .ARM.exidx.text._ZN12EFM32_Timer0D2Ev
                0x0000dd8c        0x0 ./Factory/Factory.o
                                  0x8 (size before relaxing)
 .ARM.exidx.text._ZN12EFM32_Timer0D0Ev
                0x0000dd8c        0x0 ./Factory/Factory.o
                                  0x8 (size before relaxing)
 .ARM.exidx.text._ZN10EFM32_GPIOD2Ev
                0x0000dd8c        0x0 ./Factory/Factory.o
                                  0x8 (size before relaxing)
 .ARM.exidx.text._ZN10EFM32_GPIOD0Ev
                0x0000dd8c        0x0 ./Factory/Factory.o
                                  0x8 (size before relaxing)
 .ARM.exidx.text._ZN7FactoryC2Ev
                0x0000dd8c        0x8 ./Factory/Factory.o
 .ARM.exidx.text._ZN7Factory18createStateManagerEv
                0x0000dd94        0x8 ./Factory/Factory.o
 .ARM.exidx.text._ZN6IStateaSERKS_
                0x0000dd9c        0x8 ./Factory/Factory.o
 .ARM.exidx.text._ZN9InitStateaSERKS_
                0x0000dda4        0x0 ./Factory/Factory.o
                                  0x8 (size before relaxing)
 .ARM.exidx.text._ZN8RunStateaSERKS_
                0x0000dda4        0x0 ./Factory/Factory.o
                                  0x8 (size before relaxing)
 .ARM.exidx.text._ZN7Factory12createStatesEv
                0x0000dda4        0x8 ./Factory/Factory.o
 .ARM.exidx.text._ZN6ITimeraSERKS_
                0x0000ddac        0x8 ./Factory/Factory.o
 .ARM.exidx.text._ZN12EFM32_Timer0aSERKS_
                0x0000ddb4        0x0 ./Factory/Factory.o
                                  0x8 (size before relaxing)
 .ARM.exidx.text._ZN7Factory12createTimer0Ev
                0x0000ddb4        0x8 ./Factory/Factory.o
 .ARM.exidx.text._ZN6IStateC2Ev
                0x0000ddbc        0x8 ./Source/Application/InitState.o
 .ARM.exidx.text._ZN9InitStateC2Ev
                0x0000ddc4        0x0 ./Source/Application/InitState.o
                                  0x8 (size before relaxing)
 .ARM.exidx.text._ZN9InitState10getStateIdEv
                0x0000ddc4        0x0 ./Source/Application/InitState.o
                                  0x8 (size before relaxing)
 .ARM.exidx.text._ZN9InitState7onEntryEv
                0x0000ddc4        0x0 ./Source/Application/InitState.o
                                  0x8 (size before relaxing)
 .ARM.exidx.text._ZN9InitState7executeEv
                0x0000ddc4        0x0 ./Source/Application/InitState.o
                                  0x8 (size before relaxing)
 .ARM.exidx.text._ZN9InitState6onExitEv
                0x0000ddc4        0x0 ./Source/Application/InitState.o
                                  0x8 (size before relaxing)
 .ARM.exidx.text._ZN8RunStateC2Ev
                0x0000ddc4        0x0 ./Source/Application/RunState.o
                                  0x8 (size before relaxing)
 .ARM.exidx.text._ZN8RunState10getStateIdEv
                0x0000ddc4        0x0 ./Source/Application/RunState.o
                                  0x8 (size before relaxing)
 .ARM.exidx.text._ZN8RunState7onEntryEv
                0x0000ddc4        0x0 ./Source/Application/RunState.o
                                  0x8 (size before relaxing)
 .ARM.exidx.text._ZN8RunState7executeEv
                0x0000ddc4        0x0 ./Source/Application/RunState.o
                                  0x8 (size before relaxing)
 .ARM.exidx.text._ZN8RunState6onExitEv
                0x0000ddc4        0x0 ./Source/Application/RunState.o
                                  0x8 (size before relaxing)
 .ARM.exidx.text._ZN12StateManagerC2Ev
                0x0000ddc4        0x0 ./Source/Application/StateManager.o
                                  0x8 (size before relaxing)
 .ARM.exidx.text._ZN12StateManagerC2EP6IState
                0x0000ddc4        0x8 ./Source/Application/StateManager.o
 .ARM.exidx.text._ZN12StateManager8addStateEP6IState
                0x0000ddcc        0x8 ./Source/Application/StateManager.o
 .ARM.exidx.text._ZN7FactoryD2Ev
                0x0000ddd4        0x0 ./Source/Application/main.o
                                  0x8 (size before relaxing)
 .ARM.exidx.text.main
                0x0000ddd4        0x8 ./Source/Application/main.o
 .ARM.exidx.text._ZN5IGPIOC2Ev
                0x0000dddc        0x8 ./Source/EFM32/EFM32_GPIO.o
 .ARM.exidx.text._ZN10EFM32_GPIOC2Ev
                0x0000dde4        0x0 ./Source/EFM32/EFM32_GPIO.o
                                  0x8 (size before relaxing)
 .ARM.exidx.text._ZN10EFM32_GPIOC2Ettbi
                0x0000dde4        0x0 ./Source/EFM32/EFM32_GPIO.o
                                  0x8 (size before relaxing)
 .ARM.exidx.text._ZN10EFM32_GPIO9readInputEv
                0x0000dde4        0x0 ./Source/EFM32/EFM32_GPIO.o
                                  0x8 (size before relaxing)
 .ARM.exidx.text._ZN10EFM32_GPIO13setOutputHighEv
                0x0000dde4        0x0 ./Source/EFM32/EFM32_GPIO.o
                                  0x8 (size before relaxing)
 .ARM.exidx.text._ZN10EFM32_GPIO12setOutputLowEv
                0x0000dde4        0x0 ./Source/EFM32/EFM32_GPIO.o
                                  0x8 (size before relaxing)
 .ARM.exidx.text._ZN10EFM32_GPIO12toggleOutputEv
                0x0000dde4        0x0 ./Source/EFM32/EFM32_GPIO.o
                                  0x8 (size before relaxing)
 .ARM.exidx.text.NVIC_EnableIRQ
                0x0000dde4        0x0 ./Source/EFM32/EFM32_Timer0.o
                                  0x8 (size before relaxing)
 .ARM.exidx.text._ZN12EFM32_Timer0C2Ej
                0x0000dde4        0x0 ./Source/EFM32/EFM32_Timer0.o
                                  0x8 (size before relaxing)
 .ARM.exidx.text._ZN12EFM32_Timer028getReferenceTime_microsecondEv
                0x0000dde4        0x0 ./Source/EFM32/EFM32_Timer0.o
                                  0x8 (size before relaxing)
 .ARM.exidx.text._ZN12EFM32_Timer026getElapsedTime_microsecondEv
                0x0000dde4        0x0 ./Source/EFM32/EFM32_Timer0.o
                                  0x8 (size before relaxing)
 .ARM.exidx.text._ZN12EFM32_Timer026callbackForTimer0IncrementEPv
                0x0000dde4        0x0 ./Source/EFM32/EFM32_Timer0.o
                                  0x8 (size before relaxing)
 .ARM.exidx.text.TIMER0_IRQHandler
                0x0000dde4        0x8 ./Source/EFM32/EFM32_Timer0.o
 .ARM.exidx.text._Z10initTimer0v
                0x0000ddec        0x8 ./Source/EFM32/EFM32_Timer0.o
 .ARM.exidx.text._Z18callbackTimer0InitPFvPvES_
                0x0000ddf4        0x0 ./Source/EFM32/EFM32_Timer0.o
                                  0x8 (size before relaxing)
 .ARM.exidx.text._ZN3LED7turnOFFEv
                0x0000ddf4        0x0 ./Source/Peripherals/LED.o
                                  0x8 (size before relaxing)
 .ARM.exidx.text._ZN3LED6turnONEv
                0x0000ddf4        0x0 ./Source/Peripherals/LED.o
                                  0x8 (size before relaxing)
 .ARM.exidx.text._ZN3LED6toggleEv
                0x0000ddf4        0x0 ./Source/Peripherals/LED.o
                                  0x8 (size before relaxing)
 .ARM.exidx     0x0000ddf4       0x78 c:/siliconlabs/simplicitystudio/v4/developer/toolchains/gnu_arm/4.9_2015q3/bin/../lib/gcc/arm-none-eabi/4.9.3/armv7-m\libgcc.a(unwind-arm.o)
                                 0xd8 (size before relaxing)
 .ARM.exidx     0x0000de6c       0x38 c:/siliconlabs/simplicitystudio/v4/developer/toolchains/gnu_arm/4.9_2015q3/bin/../lib/gcc/arm-none-eabi/4.9.3/armv7-m\libgcc.a(pr-support.o)
                                 0x48 (size before relaxing)
                0x0000dea4                __exidx_end = .
                0x0000dea4                __etext = .

.rel.dyn        0x0000dea4        0x0
 .rel.iplt      0x00000000        0x0 c:/siliconlabs/simplicitystudio/v4/developer/toolchains/gnu_arm/4.9_2015q3/bin/../lib/gcc/arm-none-eabi/4.9.3/armv7-m/crtbegin.o

.data           0x20000000       0x78 load address 0x0000dea4
                0x20000000                __data_start__ = .
 *(vtable)
 *(.data*)
 .data._ZN10__cxxabiv119__terminate_handlerE
                0x20000000        0x4 c:/siliconlabs/simplicitystudio/v4/developer/toolchains/gnu_arm/4.9_2015q3/bin/../lib/gcc/arm-none-eabi/4.9.3/../../../../arm-none-eabi/lib/armv7-m\libstdc++_nano.a(eh_term_handler.o)
                0x20000000                __cxxabiv1::__terminate_handler
 .data._ZN10__cxxabiv120__unexpected_handlerE
                0x20000004        0x4 c:/siliconlabs/simplicitystudio/v4/developer/toolchains/gnu_arm/4.9_2015q3/bin/../lib/gcc/arm-none-eabi/4.9.3/../../../../arm-none-eabi/lib/armv7-m\libstdc++_nano.a(eh_unex_handler.o)
                0x20000004                __cxxabiv1::__unexpected_handler
 .data.impure_data
                0x20000008       0x60 c:/siliconlabs/simplicitystudio/v4/developer/toolchains/gnu_arm/4.9_2015q3/bin/../lib/gcc/arm-none-eabi/4.9.3/../../../../arm-none-eabi/lib/armv7-m\libc_nano.a(lib_a-impure.o)
 .data._impure_ptr
                0x20000068        0x4 c:/siliconlabs/simplicitystudio/v4/developer/toolchains/gnu_arm/4.9_2015q3/bin/../lib/gcc/arm-none-eabi/4.9.3/../../../../arm-none-eabi/lib/armv7-m\libc_nano.a(lib_a-impure.o)
                0x20000068                _impure_ptr
                0x2000006c                . = ALIGN (0x4)
 *(.ram)
                0x2000006c                . = ALIGN (0x4)
                0x2000006c                PROVIDE (__preinit_array_start, .)
 *(.preinit_array)
                0x2000006c                PROVIDE (__preinit_array_end, .)
                0x2000006c                . = ALIGN (0x4)
                0x2000006c                PROVIDE (__init_array_start, .)
 *(SORT(.init_array.*))
 *(.init_array)
 .init_array    0x2000006c        0x4 c:/siliconlabs/simplicitystudio/v4/developer/toolchains/gnu_arm/4.9_2015q3/bin/../lib/gcc/arm-none-eabi/4.9.3/armv7-m/crtbegin.o
                0x20000070                PROVIDE (__init_array_end, .)
                0x20000070                . = ALIGN (0x4)
                0x20000070                PROVIDE (__fini_array_start, .)
 *(SORT(.fini_array.*))
 *(.fini_array)
 .fini_array    0x20000070        0x4 c:/siliconlabs/simplicitystudio/v4/developer/toolchains/gnu_arm/4.9_2015q3/bin/../lib/gcc/arm-none-eabi/4.9.3/armv7-m/crtbegin.o
                0x20000074                PROVIDE (__fini_array_end, .)
 *(.jcr*)
 .jcr           0x20000074        0x0 c:/siliconlabs/simplicitystudio/v4/developer/toolchains/gnu_arm/4.9_2015q3/bin/../lib/gcc/arm-none-eabi/4.9.3/armv7-m/crtbegin.o
 .jcr           0x20000074        0x4 c:/siliconlabs/simplicitystudio/v4/developer/toolchains/gnu_arm/4.9_2015q3/bin/../lib/gcc/arm-none-eabi/4.9.3/armv7-m/crtend.o
                0x20000078                . = ALIGN (0x4)
                0x20000078                __data_end__ = .

.igot.plt       0x20000078        0x0 load address 0x0000df1c
 .igot.plt      0x00000000        0x0 c:/siliconlabs/simplicitystudio/v4/developer/toolchains/gnu_arm/4.9_2015q3/bin/../lib/gcc/arm-none-eabi/4.9.3/armv7-m/crtbegin.o

.bss            0x20000078       0x44 load address 0x0000df1c
                0x20000078                . = ALIGN (0x4)
                0x20000078                __bss_start__ = .
 *(.bss*)
 .bss           0x20000078       0x1c c:/siliconlabs/simplicitystudio/v4/developer/toolchains/gnu_arm/4.9_2015q3/bin/../lib/gcc/arm-none-eabi/4.9.3/armv7-m/crtbegin.o
 .bss.callbackTimer0Increment
                0x20000094        0x4 ./Source/EFM32/EFM32_Timer0.o
                0x20000094                callbackTimer0Increment
 .bss.timer0Instance
                0x20000098        0x4 ./Source/EFM32/EFM32_Timer0.o
                0x20000098                timer0Instance
 .bss._ZL10eh_globals
                0x2000009c        0xc c:/siliconlabs/simplicitystudio/v4/developer/toolchains/gnu_arm/4.9_2015q3/bin/../lib/gcc/arm-none-eabi/4.9.3/../../../../arm-none-eabi/lib/armv7-m\libstdc++_nano.a(eh_globals.o)
 .bss._ZZN9__gnu_cxx27__verbose_terminate_handlerEvE11terminating
                0x200000a8        0x1 c:/siliconlabs/simplicitystudio/v4/developer/toolchains/gnu_arm/4.9_2015q3/bin/../lib/gcc/arm-none-eabi/4.9.3/../../../../arm-none-eabi/lib/armv7-m\libstdc++_nano.a(vterminate.o)
 *fill*         0x200000a9        0x3 
 .bss.__malloc_sbrk_start
                0x200000ac        0x4 c:/siliconlabs/simplicitystudio/v4/developer/toolchains/gnu_arm/4.9_2015q3/bin/../lib/gcc/arm-none-eabi/4.9.3/../../../../arm-none-eabi/lib/armv7-m\libc_nano.a(lib_a-nano-mallocr.o)
                0x200000ac                __malloc_sbrk_start
 .bss.__malloc_free_list
                0x200000b0        0x4 c:/siliconlabs/simplicitystudio/v4/developer/toolchains/gnu_arm/4.9_2015q3/bin/../lib/gcc/arm-none-eabi/4.9.3/../../../../arm-none-eabi/lib/armv7-m\libc_nano.a(lib_a-nano-mallocr.o)
                0x200000b0                __malloc_free_list
 .bss.heap_end.4079
                0x200000b4        0x4 c:/siliconlabs/simplicitystudio/v4/developer/toolchains/gnu_arm/4.9_2015q3/bin/../lib/gcc/arm-none-eabi/4.9.3/../../../../arm-none-eabi/lib/armv7-m\libnosys.a(sbrk.o)
 *(COMMON)
 COMMON         0x200000b8        0x4 c:/siliconlabs/simplicitystudio/v4/developer/toolchains/gnu_arm/4.9_2015q3/bin/../lib/gcc/arm-none-eabi/4.9.3/../../../../arm-none-eabi/lib/armv7-m\libc_nano.a(lib_a-reent.o)
                0x200000b8                errno
                0x200000bc                . = ALIGN (0x4)
                0x200000bc                __bss_end__ = .

.heap           0x200000c0      0xc00
                0x200000c0                __HeapBase = .
                0x200000c0                __end__ = .
                0x200000c0                end = __end__
                0x200000c0                _end = __end__
 *(.heap*)
 .heap          0x200000c0      0xc00 ./CMSIS/EFM32GG/startup_efm32gg.o
                0x20000cc0                __HeapLimit = .

.stack_dummy    0x200000c0      0x400
 *(.stack*)
 .stack         0x200000c0      0x400 ./CMSIS/EFM32GG/startup_efm32gg.o
                0x20020000                __StackTop = (ORIGIN (RAM) + 0x20000)
                0x2001fc00                __StackLimit = (__StackTop - SIZEOF (.stack_dummy))
                0x20020000                PROVIDE (__stack, __StackTop)
                0x00000001                ASSERT ((__StackLimit >= __HeapLimit), region RAM overflowed with stack)
                0x00000001                ASSERT ((0x100000 >= (__etext + SIZEOF (.data))), FLASH memory overflowed !)
OUTPUT(QMSat_Embeded.axf elf32-littlearm)

.ARM.attributes
                0x00000000       0x29
 .ARM.attributes
                0x00000000       0x1d c:/siliconlabs/simplicitystudio/v4/developer/toolchains/gnu_arm/4.9_2015q3/bin/../lib/gcc/arm-none-eabi/4.9.3/armv7-m/crti.o
 .ARM.attributes
                0x0000001d       0x2d c:/siliconlabs/simplicitystudio/v4/developer/toolchains/gnu_arm/4.9_2015q3/bin/../lib/gcc/arm-none-eabi/4.9.3/armv7-m/crtbegin.o
 .ARM.attributes
                0x0000004a       0x1b c:/siliconlabs/simplicitystudio/v4/developer/toolchains/gnu_arm/4.9_2015q3/bin/../lib/gcc/arm-none-eabi/4.9.3/../../../../arm-none-eabi/lib/armv7-m/crt0.o
 .ARM.attributes
                0x00000065       0x1b ./CMSIS/EFM32GG/startup_efm32gg.o
 .ARM.attributes
                0x00000080       0x33 ./CMSIS/EFM32GG/system_efm32gg.o
 .ARM.attributes
                0x000000b3       0x33 ./Factory/Factory.o
 .ARM.attributes
                0x000000e6       0x33 ./Source/Application/InitState.o
 .ARM.attributes
                0x00000119       0x33 ./Source/Application/RunState.o
 .ARM.attributes
                0x0000014c       0x33 ./Source/Application/StateManager.o
 .ARM.attributes
                0x0000017f       0x33 ./Source/Application/main.o
 .ARM.attributes
                0x000001b2       0x33 ./Source/EFM32/EFM32_GPIO.o
 .ARM.attributes
                0x000001e5       0x33 ./Source/EFM32/EFM32_Timer0.o
 .ARM.attributes
                0x00000218       0x33 ./Source/Peripherals/LED.o
 .ARM.attributes
                0x0000024b       0x2d c:/siliconlabs/simplicitystudio/v4/developer/toolchains/gnu_arm/4.9_2015q3/bin/../lib/gcc/arm-none-eabi/4.9.3/armv7-m\libgcc.a(unwind-arm.o)
 .ARM.attributes
                0x00000278       0x1d c:/siliconlabs/simplicitystudio/v4/developer/toolchains/gnu_arm/4.9_2015q3/bin/../lib/gcc/arm-none-eabi/4.9.3/armv7-m\libgcc.a(libunwind.o)
 .ARM.attributes
                0x00000295       0x2d c:/siliconlabs/simplicitystudio/v4/developer/toolchains/gnu_arm/4.9_2015q3/bin/../lib/gcc/arm-none-eabi/4.9.3/armv7-m\libgcc.a(pr-support.o)
 .ARM.attributes
                0x000002c2       0x2d c:/siliconlabs/simplicitystudio/v4/developer/toolchains/gnu_arm/4.9_2015q3/bin/../lib/gcc/arm-none-eabi/4.9.3/../../../../arm-none-eabi/lib/armv7-m\libstdc++_nano.a(del_op.o)
 .ARM.attributes
                0x000002ef       0x2d c:/siliconlabs/simplicitystudio/v4/developer/toolchains/gnu_arm/4.9_2015q3/bin/../lib/gcc/arm-none-eabi/4.9.3/../../../../arm-none-eabi/lib/armv7-m\libstdc++_nano.a(si_class_type_info.o)
 .ARM.attributes
                0x0000031c       0x2d c:/siliconlabs/simplicitystudio/v4/developer/toolchains/gnu_arm/4.9_2015q3/bin/../lib/gcc/arm-none-eabi/4.9.3/../../../../arm-none-eabi/lib/armv7-m\libstdc++_nano.a(eh_terminate.o)
 .ARM.attributes
                0x00000349       0x2d c:/siliconlabs/simplicitystudio/v4/developer/toolchains/gnu_arm/4.9_2015q3/bin/../lib/gcc/arm-none-eabi/4.9.3/../../../../arm-none-eabi/lib/armv7-m\libstdc++_nano.a(tinfo.o)
 .ARM.attributes
                0x00000376       0x2d c:/siliconlabs/simplicitystudio/v4/developer/toolchains/gnu_arm/4.9_2015q3/bin/../lib/gcc/arm-none-eabi/4.9.3/../../../../arm-none-eabi/lib/armv7-m\libstdc++_nano.a(eh_arm.o)
 .ARM.attributes
                0x000003a3       0x2d c:/siliconlabs/simplicitystudio/v4/developer/toolchains/gnu_arm/4.9_2015q3/bin/../lib/gcc/arm-none-eabi/4.9.3/../../../../arm-none-eabi/lib/armv7-m\libstdc++_nano.a(class_type_info.o)
 .ARM.attributes
                0x000003d0       0x2d c:/siliconlabs/simplicitystudio/v4/developer/toolchains/gnu_arm/4.9_2015q3/bin/../lib/gcc/arm-none-eabi/4.9.3/../../../../arm-none-eabi/lib/armv7-m\libstdc++_nano.a(pure.o)
 .ARM.attributes
                0x000003fd       0x2d c:/siliconlabs/simplicitystudio/v4/developer/toolchains/gnu_arm/4.9_2015q3/bin/../lib/gcc/arm-none-eabi/4.9.3/../../../../arm-none-eabi/lib/armv7-m\libstdc++_nano.a(eh_call.o)
 .ARM.attributes