Archive member included because of file (symbol)

c:/siliconlabs/simplicitystudio/v4/developer/toolchains/gnu_arm/4.9_2015q3/bin/../lib/gcc/arm-none-eabi/4.9.3/armv7-m\libgcc.a(unwind-arm.o)
                              ./Factory/Factory.o (__aeabi_unwind_cpp_pr1)
c:/siliconlabs/simplicitystudio/v4/developer/toolchains/gnu_arm/4.9_2015q3/bin/../lib/gcc/arm-none-eabi/4.9.3/armv7-m\libgcc.a(libunwind.o)
                              c:/siliconlabs/simplicitystudio/v4/developer/toolchains/gnu_arm/4.9_2015q3/bin/../lib/gcc/arm-none-eabi/4.9.3/armv7-m\libgcc.a(unwind-arm.o) (restore_core_regs)
c:/siliconlabs/simplicitystudio/v4/developer/toolchains/gnu_arm/4.9_2015q3/bin/../lib/gcc/arm-none-eabi/4.9.3/armv7-m\libgcc.a(pr-support.o)
                              c:/siliconlabs/simplicitystudio/v4/developer/toolchains/gnu_arm/4.9_2015q3/bin/../lib/gcc/arm-none-eabi/4.9.3/armv7-m\libgcc.a(unwind-arm.o) (__gnu_unwind_execute)
c:/siliconlabs/simplicitystudio/v4/developer/toolchains/gnu_arm/4.9_2015q3/bin/../lib/gcc/arm-none-eabi/4.9.3/../../../../arm-none-eabi/lib/armv7-m\libstdc++_nano.a(del_op.o)
                              ./Factory/Factory.o (operator delete(void*))
c:/siliconlabs/simplicitystudio/v4/developer/toolchains/gnu_arm/4.9_2015q3/bin/../lib/gcc/arm-none-eabi/4.9.3/../../../../arm-none-eabi/lib/armv7-m\libstdc++_nano.a(si_class_type_info.o)
                              ./Source/Application/InitState.o (vtable for __cxxabiv1::__si_class_type_info)
c:/siliconlabs/simplicitystudio/v4/developer/toolchains/gnu_arm/4.9_2015q3/bin/../lib/gcc/arm-none-eabi/4.9.3/../../../../arm-none-eabi/lib/armv7-m\libstdc++_nano.a(eh_personality.o)
                              ./Factory/Factory.o (__gxx_personality_v0)
c:/siliconlabs/simplicitystudio/v4/developer/toolchains/gnu_arm/4.9_2015q3/bin/../lib/gcc/arm-none-eabi/4.9.3/../../../../arm-none-eabi/lib/armv7-m\libstdc++_nano.a(eh_terminate.o)
                              c:/siliconlabs/simplicitystudio/v4/developer/toolchains/gnu_arm/4.9_2015q3/bin/../lib/gcc/arm-none-eabi/4.9.3/../../../../arm-none-eabi/lib/armv7-m\libstdc++_nano.a(eh_personality.o) (std::terminate())
c:/siliconlabs/simplicitystudio/v4/developer/toolchains/gnu_arm/4.9_2015q3/bin/../lib/gcc/arm-none-eabi/4.9.3/../../../../arm-none-eabi/lib/armv7-m\libstdc++_nano.a(tinfo.o)
                              c:/siliconlabs/simplicitystudio/v4/developer/toolchains/gnu_arm/4.9_2015q3/bin/../lib/gcc/arm-none-eabi/4.9.3/../../../../arm-none-eabi/lib/armv7-m\libstdc++_nano.a(si_class_type_info.o) (std::type_info::__is_pointer_p() const)
c:/siliconlabs/simplicitystudio/v4/developer/toolchains/gnu_arm/4.9_2015q3/bin/../lib/gcc/arm-none-eabi/4.9.3/../../../../arm-none-eabi/lib/armv7-m\libstdc++_nano.a(eh_arm.o)
                              ./Factory/Factory.o (__cxa_end_cleanup)
c:/siliconlabs/simplicitystudio/v4/developer/toolchains/gnu_arm/4.9_2015q3/bin/../lib/gcc/arm-none-eabi/4.9.3/../../../../arm-none-eabi/lib/armv7-m\libstdc++_nano.a(class_type_info.o)
                              c:/siliconlabs/simplicitystudio/v4/developer/toolchains/gnu_arm/4.9_2015q3/bin/../lib/gcc/arm-none-eabi/4.9.3/../../../../arm-none-eabi/lib/armv7-m\libstdc++_nano.a(si_class_type_info.o) (__cxxabiv1::__class_type_info::__do_upcast(__cxxabiv1::__class_type_info const*, void**) const)
c:/siliconlabs/simplicitystudio/v4/developer/toolchains/gnu_arm/4.9_2015q3/bin/../lib/gcc/arm-none-eabi/4.9.3/../../../../arm-none-eabi/lib/armv7-m\libstdc++_nano.a(pure.o)
                              ./Factory/Factory.o (__cxa_pure_virtual)
c:/siliconlabs/simplicitystudio/v4/developer/toolchains/gnu_arm/4.9_2015q3/bin/../lib/gcc/arm-none-eabi/4.9.3/../../../../arm-none-eabi/lib/armv7-m\libstdc++_nano.a(eh_call.o)
                              c:/siliconlabs/simplicitystudio/v4/developer/toolchains/gnu_arm/4.9_2015q3/bin/../lib/gcc/arm-none-eabi/4.9.3/../../../../arm-none-eabi/lib/armv7-m\libstdc++_nano.a(eh_personality.o) (__cxa_call_terminate)
c:/siliconlabs/simplicitystudio/v4/developer/toolchains/gnu_arm/4.9_2015q3/bin/../lib/gcc/arm-none-eabi/4.9.3/../../../../arm-none-eabi/lib/armv7-m\libstdc++_nano.a(eh_catch.o)
                              c:/siliconlabs/simplicitystudio/v4/developer/toolchains/gnu_arm/4.9_2015q3/bin/../lib/gcc/arm-none-eabi/4.9.3/../../../../arm-none-eabi/lib/armv7-m\libstdc++_nano.a(eh_call.o) (__cxa_begin_catch)
c:/siliconlabs/simplicitystudio/v4/developer/toolchains/gnu_arm/4.9_2015q3/bin/../lib/gcc/arm-none-eabi/4.9.3/../../../../arm-none-eabi/lib/armv7-m\libstdc++_nano.a(eh_term_handler.o)
                              c:/siliconlabs/simplicitystudio/v4/developer/toolchains/gnu_arm/4.9_2015q3/bin/../lib/gcc/arm-none-eabi/4.9.3/../../../../arm-none-eabi/lib/armv7-m\libstdc++_nano.a(eh_terminate.o) (__cxxabiv1::__terminate_handler)
c:/siliconlabs/simplicitystudio/v4/developer/toolchains/gnu_arm/4.9_2015q3/bin/../lib/gcc/arm-none-eabi/4.9.3/../../../../arm-none-eabi/lib/armv7-m\libstdc++_nano.a(eh_unex_handler.o)
[...]
Memory Configuration

Name             Origin             Length             Attributes
FLASH            0x00000000         0x00100000         xr
RAM              0x20000000         0x00020000         xrw
*default*        0x00000000         0xffffffff

Linker script and memory map

LOAD c:/siliconlabs/simplicitystudio/v4/developer/toolchains/gnu_arm/4.9_2015q3/bin/../lib/gcc/arm-none-eabi/4.9.3/armv7-m/crti.o
LOAD c:/siliconlabs/simplicitystudio/v4/developer/toolchains/gnu_arm/4.9_2015q3/bin/../lib/gcc/arm-none-eabi/4.9.3/armv7-m/crtbegin.o
LOAD c:/siliconlabs/simplicitystudio/v4/developer/toolchains/gnu_arm/4.9_2015q3/bin/../lib/gcc/arm-none-eabi/4.9.3/../../../../arm-none-eabi/lib/armv7-m/crt0.o
LOAD ./CMSIS/EFM32GG/startup_efm32gg.o
LOAD ./CMSIS/EFM32GG/system_efm32gg.o
LOAD ./Factory/Factory.o
LOAD ./Source/Application/InitState.o
LOAD ./Source/Application/RunState.o
LOAD ./Source/Application/StateManager.o
LOAD ./Source/Application/main.o
LOAD ./Source/EFM32/EFM32_GPIO.o
LOAD ./Source/EFM32/EFM32_Timer0.o
LOAD ./Source/Peripherals/Constants.o
LOAD ./Source/Peripherals/LED.o
LOAD ./emlib/em_system.o
START GROUP
LOAD c:/siliconlabs/simplicitystudio/v4/developer/toolchains/gnu_arm/4.9_2015q3/bin/../lib/gcc/arm-none-eabi/4.9.3/armv7-m\libgcc.a
LOAD c:/siliconlabs/simplicitystudio/v4/developer/toolchains/gnu_arm/4.9_2015q3/bin/../lib/gcc/arm-none-eabi/4.9.3/../../../../arm-none-eabi/lib/armv7-m\libnosys.a
END GROUP
LOAD c:/siliconlabs/simplicitystudio/v4/developer/toolchains/gnu_arm/4.9_2015q3/bin/../lib/gcc/arm-none-eabi/4.9.3/../../../../arm-none-eabi/lib/armv7-m\libstdc++_nano.a
LOAD c:/siliconlabs/simplicitystudio/v4/developer/toolchains/gnu_arm/4.9_2015q3/bin/../lib/gcc/arm-none-eabi/4.9.3/../../../../arm-none-eabi/lib/armv7-m\libm.a
LOAD c:/siliconlabs/simplicitystudio/v4/developer/toolchains/gnu_arm/4.9_2015q3/bin/../lib/gcc/arm-none-eabi/4.9.3/../../../../arm-none-eabi/lib/armv7-m\libc_nano.a
START GROUP
LOAD c:/siliconlabs/simplicitystudio/v4/developer/toolchains/gnu_arm/4.9_2015q3/bin/../lib/gcc/arm-none-eabi/4.9.3/armv7-m\libgcc.a
LOAD c:/siliconlabs/simplicitystudio/v4/developer/toolchains/gnu_arm/4.9_2015q3/bin/../lib/gcc/arm-none-eabi/4.9.3/../../../../arm-none-eabi/lib/armv7-m\libg_nano.a
LOAD c:/siliconlabs/simplicitystudio/v4/developer/toolchains/gnu_arm/4.9_2015q3/bin/../lib/gcc/arm-none-eabi/4.9.3/../../../../arm-none-eabi/lib/armv7-m\libc_nano.a
END GROUP
START GROUP
LOAD c:/siliconlabs/simplicitystudio/v4/developer/toolchains/gnu_arm/4.9_2015q3/bin/../lib/gcc/arm-none-eabi/4.9.3/armv7-m\libgcc.a
LOAD c:/siliconlabs/simplicitystudio/v4/developer/toolchains/gnu_arm/4.9_2015q3/bin/../lib/gcc/arm-none-eabi/4.9.3/../../../../arm-none-eabi/lib/armv7-m\libc_nano.a
LOAD c:/siliconlabs/simplicitystudio/v4/developer/toolchains/gnu_arm/4.9_2015q3/bin/../lib/gcc/arm-none-eabi/4.9.3/../../../../arm-none-eabi/lib/armv7-m\libnosys.a
END GROUP
START GROUP
LOAD c:/siliconlabs/simplicitystudio/v4/developer/toolchains/gnu_arm/4.9_2015q3/bin/../lib/gcc/arm-none-eabi/4.9.3/armv7-m\libgcc.a
LOAD c:/siliconlabs/simplicitystudio/v4/developer/toolchains/gnu_arm/4.9_2015q3/bin/../lib/gcc/arm-none-eabi/4.9.3/../../../../arm-none-eabi/lib/armv7-m\libc_nano.a
LOAD c:/siliconlabs/simplicitystudio/v4/developer/toolchains/gnu_arm/4.9_2015q3/bin/../lib/gcc/arm-none-eabi/4.9.3/../../../../arm-none-eabi/lib/armv7-m\libnosys.a
END GROUP
LOAD c:/siliconlabs/simplicitystudio/v4/developer/toolchains/gnu_arm/4.9_2015q3/bin/../lib/gcc/arm-none-eabi/4.9.3/armv7-m/crtend.o
LOAD c:/siliconlabs/simplicitystudio/v4/developer/toolchains/gnu_arm/4.9_2015q3/bin/../lib/gcc/arm-none-eabi/4.9.3/armv7-m/crtn.o

.text           0x00000000     0xd378
 *(.vectors)
 .vectors       0x00000000       0xdc ./CMSIS/EFM32GG/startup_efm32gg.o
                0x00000000                __Vectors
                0x000000dc                __Vectors_End = .
                0x000000dc                __Vectors_Size = (__Vectors_End - __Vectors)
                0x000000dc                __end__ = .
 *(.text*)
 .text          0x000000dc       0x5c c:/siliconlabs/simplicitystudio/v4/developer/toolchains/gnu_arm/4.9_2015q3/bin/../lib/gcc/arm-none-eabi/4.9.3/armv7-m/crtbegin.o
 .text          0x00000138       0x74 c:/siliconlabs/simplicitystudio/v4/developer/toolchains/gnu_arm/4.9_2015q3/bin/../lib/gcc/arm-none-eabi/4.9.3/../../../../arm-none-eabi/lib/armv7-m/crt0.o
                0x00000138                _start
                0x00000138                _mainCRTStartup
 .text          0x000001ac       0x30 ./CMSIS/EFM32GG/startup_efm32gg.o
                0x000001ac                Reset_Handler
                0x000001d8                DebugMon_Handler
                0x000001d8                USART0_TX_IRQHandler
                0x000001d8                I2C0_IRQHandler
                0x000001d8                HardFault_Handler
                0x000001d8                LEUART1_IRQHandler
                0x000001d8                SysTick_Handler
                0x000001d8                USART1_RX_IRQHandler
                0x000001d8                PendSV_Handler
                0x000001d8                NMI_Handler
                0x000001d8                I2C1_IRQHandler
                0x000001d8                TIMER3_IRQHandler
                0x000001d8                USART1_TX_IRQHandler
                0x000001d8                MSC_IRQHandler
                0x000001d8                ADC0_IRQHandler
                0x000001d8                UsageFault_Handler
                0x000001d8                LEUART0_IRQHandler
                0x000001d8                GPIO_EVEN_IRQHandler
                0x000001d8                UART0_TX_IRQHandler
                0x000001d8                UART1_TX_IRQHandler
                0x000001d8                RTC_IRQHandler
                0x000001d8                TIMER0_IRQHandler
                0x000001d8                TIMER2_IRQHandler
                0x000001d8                LCD_IRQHandler
                0x000001d8                PCNT2_IRQHandler
                0x000001d8                UART0_RX_IRQHandler
                0x000001d8                LETIMER0_IRQHandler
                0x000001d8                TIMER1_IRQHandler
                0x000001d8                USART2_RX_IRQHandler
                0x000001d8                Default_Handler
                0x000001d8                EMU_IRQHandler
                0x000001d8                PCNT0_IRQHandler
                0x000001d8                USB_IRQHandler
                0x000001d8                BURTC_IRQHandler
                0x000001d8                PCNT1_IRQHandler
                0x000001d8                ACMP0_IRQHandler
                0x000001d8                USART0_RX_IRQHandler
                0x000001d8                MemManage_Handler
                0x000001d8                SVC_Handler
                0x000001d8                DAC0_IRQHandler
                0x000001d8                UART1_RX_IRQHandler
                0x000001d8                CMU_IRQHandler
                0x000001d8                EBI_IRQHandler
                0x000001d8                LESENSE_IRQHandler
                0x000001d8                GPIO_ODD_IRQHandler
                0x000001d8                AES_IRQHandler
                0x000001d8                VCMP_IRQHandler
                0x000001d8                DMA_IRQHandler
                0x000001d8                BusFault_Handler
                0x000001d8                USART2_TX_IRQHandler
 .text.SystemInit
                0x000001dc        0xc ./CMSIS/EFM32GG/system_efm32gg.o
                0x000001dc                SystemInit
 .text._ZN6IStateD2Ev
                0x000001e8       0x28 ./Factory/Factory.o
                0x000001e8                IState::~IState()
                0x000001e8                IState::~IState()
 .text._ZN6IStateD0Ev
                0x00000210       0x20 ./Factory/Factory.o
                0x00000210                IState::~IState()
 .text._ZN9InitStateD2Ev
                0x00000230       0x30 ./Factory/Factory.o
                0x00000230                InitState::~InitState()
                0x00000230                InitState::~InitState()
 .text._ZN9InitStateD0Ev
                0x00000260       0x20 ./Factory/Factory.o
                0x00000260                InitState::~InitState()
 .text._ZN8RunStateD2Ev
                0x00000280       0x30 ./Factory/Factory.o
                0x00000280                RunState::~RunState()
                0x00000280                RunState::~RunState()
 .text._ZN8RunStateD0Ev
                0x000002b0       0x20 ./Factory/Factory.o
                0x000002b0                RunState::~RunState()
 .text._ZN6ITimerC2Ev
                0x000002d0       0x20 ./Factory/Factory.o
                0x000002d0                ITimer::ITimer()
                0x000002d0                ITimer::ITimer()
 .text._ZN6ITimerD2Ev
                0x000002f0       0x28 ./Factory/Factory.o
                0x000002f0                ITimer::~ITimer()
                0x000002f0                ITimer::~ITimer()
 .text._ZN6ITimerD0Ev
                0x00000318       0x20 ./Factory/Factory.o
                0x00000318                ITimer::~ITimer()
 .text._ZN12EFM32_Timer0C2Ev
                0x00000338       0x24 ./Factory/Factory.o
                0x00000338                EFM32_Timer0::EFM32_Timer0()
                0x00000338                EFM32_Timer0::EFM32_Timer0()
 .text._ZN12EFM32_Timer0D2Ev
                0x0000035c       0x30 ./Factory/Factory.o
                0x0000035c                EFM32_Timer0::~EFM32_Timer0()
                0x0000035c                EFM32_Timer0::~EFM32_Timer0()
 .text._ZN12EFM32_Timer0D0Ev
                0x0000038c       0x20 ./Factory/Factory.o
                0x0000038c                EFM32_Timer0::~EFM32_Timer0()
 .text._ZN7FactoryC2Ev
                0x000003ac       0x60 ./Factory/Factory.o
                0x000003ac                Factory::Factory()
                0x000003ac                Factory::Factory()
 .text._ZN7Factory18createStateManagerEv
                0x0000040c       0x5c ./Factory/Factory.o
                0x0000040c                Factory::createStateManager()
 .text._ZN6IStateaSERKS_
                0x00000468       0x18 ./Factory/Factory.o
                0x00000468                IState::operator=(IState const&)
 .text._ZN9InitStateaSERKS_
                0x00000480       0x28 ./Factory/Factory.o
                0x00000480                InitState::operator=(InitState const&)
 .text._ZN8RunStateaSERKS_
                0x000004a8       0x28 ./Factory/Factory.o
                0x000004a8                RunState::operator=(RunState const&)
 .text._ZN7Factory12createStatesEv
                0x000004d0       0x68 ./Factory/Factory.o
                0x000004d0                Factory::createStates()
 .text._ZN6IStateC2Ev
                0x00000538       0x20 ./Source/Application/InitState.o
                0x00000538                IState::IState()
                0x00000538                IState::IState()
 .text._ZN9InitStateC2Ev
                0x00000558       0x2c ./Source/Application/InitState.o
                0x00000558                InitState::InitState()
                0x00000558                InitState::InitState()
 .text._ZN9InitState10getStateIdEv
                0x00000584       0x1c ./Source/Application/InitState.o
                0x00000584                InitState::getStateId()
 .text._ZN9InitState7onEntryEv
                0x000005a0       0x14 ./Source/Application/InitState.o
                0x000005a0                InitState::onEntry()
 .text._ZN9InitState7executeEv
                0x000005b4       0x18 ./Source/Application/InitState.o
                0x000005b4                InitState::execute()
 .text._ZN9InitState6onExitEv
                0x000005cc       0x14 ./Source/Application/InitState.o
                0x000005cc                InitState::onExit()
 .text._ZN8RunStateC2Ev
                0x000005e0       0x2c ./Source/Application/RunState.o
                0x000005e0                RunState::RunState()
                0x000005e0                RunState::RunState()
 .text._ZN8RunState10getStateIdEv
                0x0000060c       0x1c ./Source/Application/RunState.o
                0x0000060c                RunState::getStateId()
 .text._ZN8RunState7onEntryEv
                0x00000628       0x14 ./Source/Application/RunState.o
                0x00000628                RunState::onEntry()
 .text._ZN8RunState7executeEv
                0x0000063c       0x18 ./Source/Application/RunState.o
                0x0000063c                RunState::execute()
 .text._ZN8RunState6onExitEv
                0x00000654       0x14 ./Source/Application/RunState.o
                0x00000654                RunState::onExit()
 .text._ZN12StateManagerC2Ev
                0x00000668       0x30 ./Source/Application/StateManager.o
                0x00000668                StateManager::StateManager()
                0x00000668                StateManager::StateManager()
 .text._ZN12StateManagerC2EP6IState
                0x00000698       0x40 ./Source/Application/StateManager.o
                0x00000698                StateManager::StateManager(IState*)
                0x00000698                StateManager::StateManager(IState*)
 .text._ZN12StateManager7executeEv
                0x000006d8       0x98 ./Source/Application/StateManager.o
                0x000006d8                StateManager::execute()
 .text._ZN12StateManager8addStateEP6IState
                0x00000770       0x34 ./Source/Application/StateManager.o
                0x00000770                StateManager::addState(IState*)
 .text._ZN12StateManager12getNextStateEv
                0x000007a4       0x70 ./Source/Application/StateManager.o
                0x000007a4                StateManager::getNextState()
 .text.SYSTEM_GetProdRev
                0x00000814       0x1c ./Source/Application/main.o
 .text.CHIP_Init
                0x00000830       0x3c ./Source/Application/main.o
 .text._ZN5IGPIOD2Ev
                0x0000086c       0x28 ./Source/Application/main.o
                0x0000086c                IGPIO::~IGPIO()
                0x0000086c                IGPIO::~IGPIO()
 .text._ZN5IGPIOD0Ev
                0x00000894       0x20 ./Source/Application/main.o
                0x00000894                IGPIO::~IGPIO()
 .text._ZN10EFM32_GPIOD2Ev
                0x000008b4       0x30 ./Source/Application/main.o
                0x000008b4                EFM32_GPIO::~EFM32_GPIO()
                0x000008b4                EFM32_GPIO::~EFM32_GPIO()
 .text._ZN10EFM32_GPIOD0Ev
                0x000008e4       0x20 ./Source/Application/main.o
                0x000008e4                EFM32_GPIO::~EFM32_GPIO()
 .text._ZN7FactoryD2Ev
                0x00000904       0x30 ./Source/Application/main.o
                0x00000904                Factory::~Factory()
                0x00000904                Factory::~Factory()
 .text.main     0x00000934       0x70 ./Source/Application/main.o
                0x00000934                main
 .text._ZN5IGPIOC2Ev
                0x000009a4       0x20 ./Source/EFM32/EFM32_GPIO.o
                0x000009a4                IGPIO::IGPIO()
                0x000009a4                IGPIO::IGPIO()
 .text._ZN10EFM32_GPIOC2Ett
                0x000009c4       0x74 ./Source/EFM32/EFM32_GPIO.o
                0x000009c4                EFM32_GPIO::EFM32_GPIO(unsigned short, unsigned short)
                0x000009c4                EFM32_GPIO::EFM32_GPIO(unsigned short, unsigned short)
 .text._ZN10EFM32_GPIO7turnOFFEv
                0x00000a38       0x18 ./Source/EFM32/EFM32_GPIO.o
                0x00000a38                EFM32_GPIO::turnOFF()
 .text._ZN10EFM32_GPIO6turnONEv
                0x00000a50       0x18 ./Source/EFM32/EFM32_GPIO.o
                0x00000a50                EFM32_GPIO::turnON()
 .text._ZN10EFM32_GPIO6toggleEv
                0x00000a68       0x14 ./Source/EFM32/EFM32_GPIO.o
                0x00000a68                EFM32_GPIO::toggle()
 .text._ZN12EFM32_Timer028getReferenceTime_microsecondEv
                0x00000a7c       0x20 ./Source/EFM32/EFM32_Timer0.o
                0x00000a7c                EFM32_Timer0::getReferenceTime_microsecond()
 .text._ZN12EFM32_Timer026getElapsedTime_microsecondEv
                0x00000a9c       0x20 ./Source/EFM32/EFM32_Timer0.o
                0x00000a9c                EFM32_Timer0::getElapsedTime_microsecond()
 .text._ZN9ConstantsC2Ev
                0x00000abc       0x1c ./Source/Peripherals/Constants.o
                0x00000abc                Constants::Constants()
                0x00000abc                Constants::Constants()
 .text._ZN9ConstantsD2Ev
                0x00000ad8       0x18 ./Source/Peripherals/Constants.o
                0x00000ad8                Constants::~Constants()
                0x00000ad8                Constants::~Constants()
 .text.SYSTEM_ChipRevisionGet
                0x00000af0       0x78 ./emlib/em_system.o
                0x00000af0                SYSTEM_ChipRevisionGet
 .text          0x00000b68      0xa54 c:/siliconlabs/simplicitystudio/v4/developer/toolchains/gnu_arm/4.9_2015q3/bin/../lib/gcc/arm-none-eabi/4.9.3/armv7-m\libgcc.a(unwind-arm.o)
                0x00000e48                _Unwind_GetCFA
                0x00000e4c                __gnu_Unwind_RaiseException
                0x00000eac                __gnu_Unwind_ForcedUnwind
                0x00000ec0                __gnu_Unwind_Resume
                0x00000f04                __gnu_Unwind_Resume_or_Rethrow
                0x00000f18                _Unwind_Complete
                0x00000f1c                _Unwind_DeleteException
                0x00000f28                _Unwind_VRS_Get
                0x00000f78                _Unwind_VRS_Set
                0x00000fc8                __gnu_Unwind_Backtrace
                0x0000130c                __aeabi_unwind_cpp_pr0
                0x00001310                __aeabi_unwind_cpp_pr1
                0x00001314                __aeabi_unwind_cpp_pr2
                0x00001318                _Unwind_VRS_Pop
 .text          0x000015bc      0x1ac c:/siliconlabs/simplicitystudio/v4/developer/toolchains/gnu_arm/4.9_2015q3/bin/../lib/gcc/arm-none-eabi/4.9.3/armv7-m\libgcc.a(libunwind.o)
                0x000015bc                __restore_core_regs
                0x000015bc                restore_core_regs
                0x000015d4                __gnu_Unwind_Restore_VFP
                0x000015dc                __gnu_Unwind_Save_VFP
                0x000015e4                __gnu_Unwind_Restore_VFP_D
                0x000015ec                __gnu_Unwind_Save_VFP_D
                0x000015f4                __gnu_Unwind_Restore_VFP_D_16_to_31
                0x000015fc                __gnu_Unwind_Save_VFP_D_16_to_31
                0x00001604                __gnu_Unwind_Restore_WMMXD
                0x00001648                __gnu_Unwind_Save_WMMXD
                0x0000168c                __gnu_Unwind_Restore_WMMXC
                0x000016a0                __gnu_Unwind_Save_WMMXC
                0x000016b4                ___Unwind_RaiseException
                0x000016b4                _Unwind_RaiseException
                0x000016d8                _Unwind_Resume
                0x000016d8                ___Unwind_Resume
                0x000016fc                _Unwind_Resume_or_Rethrow
                0x000016fc                ___Unwind_Resume_or_Rethrow
                0x00001720                _Unwind_ForcedUnwind
                0x00001720                ___Unwind_ForcedUnwind
                0x00001744                ___Unwind_Backtrace
                0x00001744                _Unwind_Backtrace
 .text          0x00001768      0x37c c:/siliconlabs/simplicitystudio/v4/developer/toolchains/gnu_arm/4.9_2015q3/bin/../lib/gcc/arm-none-eabi/4.9.3/armv7-m\libgcc.a(pr-support.o)
                0x000017c0                __gnu_unwind_execute
                0x00001a8c                __gnu_unwind_frame
                0x00001ab4                _Unwind_GetRegionStart
                0x00001ac0                _Unwind_GetLanguageSpecificData
                0x00001ad4                _Unwind_GetDataRelBase
                0x00001adc                _Unwind_GetTextRelBase
 .text._ZdlPv   0x00001ae4        0x4 c:/siliconlabs/simplicitystudio/v4/developer/toolchains/gnu_arm/4.9_2015q3/bin/../lib/gcc/arm-none-eabi/4.9.3/../../../../arm-none-eabi/lib/armv7-m\libstdc++_nano.a(del_op.o)
                0x00001ae4                operator delete(void*)
 .text._ZN10__cxxabiv120__si_class_type_infoD2Ev
                0x00001ae8       0x14 c:/siliconlabs/simplicitystudio/v4/developer/toolchains/gnu_arm/4.9_2015q3/bin/../lib/gcc/arm-none-eabi/4.9.3/../../../../arm-none-eabi/lib/armv7-m\libstdc++_nano.a(si_class_type_info.o)
                0x00001ae8                __cxxabiv1::__si_class_type_info::~__si_class_type_info()
                0x00001ae8                __cxxabiv1::__si_class_type_info::~__si_class_type_info()
 .text._ZN10__cxxabiv120__si_class_type_infoD0Ev
                0x00001afc       0x12 c:/siliconlabs/simplicitystudio/v4/developer/toolchains/gnu_arm/4.9_2015q3/bin/../lib/gcc/arm-none-eabi/4.9.3/../../../../arm-none-eabi/lib/armv7-m\libstdc++_nano.a(si_class_type_info.o)
                0x00001afc                __cxxabiv1::__si_class_type_info::~__si_class_type_info()
 .text._ZNK10__cxxabiv120__si_class_type_info20__do_find_public_srcEiPKvPKNS_17__class_type_infoES2_
                0x00001b0e       0x38 c:/siliconlabs/simplicitystudio/v4/developer/toolchains/gnu_arm/4.9_2015q3/bin/../lib/gcc/arm-none-eabi/4.9.3/../../../../arm-none-eabi/lib/armv7-m\libstdc++_nano.a(si_class_type_info.o)
                0x00001b0e                __cxxabiv1::__si_class_type_info::__do_find_public_src(int, void const*, __cxxabiv1::__class_type_info const*, void const*) const
 .text._ZNK10__cxxabiv120__si_class_type_info12__do_dyncastEiNS_17__class_type_info10__sub_kindEPKS1_PKvS4_S6_RNS1_16__dyncast_resultE
                0x00001b46       0x7c c:/siliconlabs/simplicitystudio/v4/developer/toolchains/gnu_arm/4.9_2015q3/bin/../lib/gcc/arm-none-eabi/4.9.3/../../../../arm-none-eabi/lib/armv7-m\libstdc++_nano.a(si_class_type_info.o)
                0x00001b46                __cxxabiv1::__si_class_type_info::__do_dyncast(int, __cxxabiv1::__class_type_info::__sub_kind, __cxxabiv1::__class_type_info const*, void const*, __cxxabiv1::__class_type_info const*, void const*, __cxxabiv1::__class_type_info::__dyncast_result&) const
 .text._ZNK10__cxxabiv120__si_class_type_info11__do_upcastEPKNS_17__class_type_infoEPKvRNS1_15__upcast_resultE
                0x00001bc2       0x2a c:/siliconlabs/simplicitystudio/v4/developer/toolchains/gnu_arm/4.9_2015q3/bin/../lib/gcc/arm-none-eabi/4.9.3/../../../../arm-none-eabi/lib/armv7-m\libstdc++_nano.a(si_class_type_info.o)
                0x00001bc2                __cxxabiv1::__si_class_type_info::__do_upcast(__cxxabiv1::__class_type_info const*, void const*, __cxxabiv1::__class_type_info::__upcast_result&) const
 .text._ZL12read_uleb128PKhPm
                0x00001bec       0x1e c:/siliconlabs/simplicitystudio/v4/developer/toolchains/gnu_arm/4.9_2015q3/bin/../lib/gcc/arm-none-eabi/4.9.3/../../../../arm-none-eabi/lib/armv7-m\libstdc++_nano.a(eh_personality.o)
 .text._ZL12read_sleb128PKhPl
                0x00001c0a       0x30 c:/siliconlabs/simplicitystudio/v4/developer/toolchains/gnu_arm/4.9_2015q3/bin/../lib/gcc/arm-none-eabi/4.9.3/../../../../arm-none-eabi/lib/armv7-m\libstdc++_nano.a(eh_personality.o)
 .text._ZL28read_encoded_value_with_basehjPKhPj
                0x00001c3a       0x88 c:/siliconlabs/simplicitystudio/v4/developer/toolchains/gnu_arm/4.9_2015q3/bin/../lib/gcc/arm-none-eabi/4.9.3/../../../../arm-none-eabi/lib/armv7-m\libstdc++_nano.a(eh_personality.o)
 .text._ZL21base_of_encoded_valuehP15_Unwind_Context
                0x00001cc2       0x48 c:/siliconlabs/simplicitystudio/v4/developer/toolchains/gnu_arm/4.9_2015q3/bin/../lib/gcc/arm-none-eabi/4.9.3/../../../../arm-none-eabi/lib/armv7-m\libstdc++_nano.a(eh_personality.o)
 .text._ZL18read_encoded_valueP15_Unwind_ContexthPKhPj
                0x00001d0a       0x24 c:/siliconlabs/simplicitystudio/v4/developer/toolchains/gnu_arm/4.9_2015q3/bin/../lib/gcc/arm-none-eabi/4.9.3/../../../../arm-none-eabi/lib/armv7-m\libstdc++_nano.a(eh_personality.o)
 .text._ZL17parse_lsda_headerP15_Unwind_ContextPKhP16lsda_header_info
                0x00001d2e       0x5c c:/siliconlabs/simplicitystudio/v4/developer/toolchains/gnu_arm/4.9_2015q3/bin/../lib/gcc/arm-none-eabi/4.9.3/../../../../arm-none-eabi/lib/armv7-m\libstdc++_nano.a(eh_personality.o)
 .text._Unwind_GetGR
                0x00001d8a       0x18 c:/siliconlabs/simplicitystudio/v4/developer/toolchains/gnu_arm/4.9_2015q3/bin/../lib/gcc/arm-none-eabi/4.9.3/../../../../arm-none-eabi/lib/armv7-m\libstdc++_nano.a(eh_personality.o)
 *fill*         0x00001da2        0x2 
 .text.__gxx_personality_v0
                0x00001da4      0x360 c:/siliconlabs/simplicitystudio/v4/developer/toolchains/gnu_arm/4.9_2015q3/bin/../lib/gcc/arm-none-eabi/4.9.3/../../../../arm-none-eabi/lib/armv7-m\libstdc++_nano.a(eh_personality.o)
                0x00001da4                __gxx_personality_v0
 .text._ZN10__cxxabiv111__terminateEPFvvE
                0x00002104        0x8 c:/siliconlabs/simplicitystudio/v4/developer/toolchains/gnu_arm/4.9_2015q3/bin/../lib/gcc/arm-none-eabi/4.9.3/../../../../arm-none-eabi/lib/armv7-m\libstdc++_nano.a(eh_terminate.o)
                0x00002104                __cxxabiv1::__terminate(void (*)())
 .text._ZSt13get_terminatev
                0x0000210c       0x10 c:/siliconlabs/simplicitystudio/v4/developer/toolchains/gnu_arm/4.9_2015q3/bin/../lib/gcc/arm-none-eabi/4.9.3/../../../../arm-none-eabi/lib/armv7-m\libstdc++_nano.a(eh_terminate.o)
                0x0000210c                std::get_terminate()
 .text._ZSt9terminatev
                0x0000211c        0xa c:/siliconlabs/simplicitystudio/v4/developer/toolchains/gnu_arm/4.9_2015q3/bin/../lib/gcc/arm-none-eabi/4.9.3/../../../../arm-none-eabi/lib/armv7-m\libstdc++_nano.a(eh_terminate.o)
                0x0000211c                std::terminate()
 .text._ZN10__cxxabiv112__unexpectedEPFvvE
                0x00002126        0x8 c:/siliconlabs/simplicitystudio/v4/developer/toolchains/gnu_arm/4.9_2015q3/bin/../lib/gcc/arm-none-eabi/4.9.3/../../../../arm-none-eabi/lib/armv7-m\libstdc++_nano.a(eh_terminate.o)
                0x00002126                __cxxabiv1::__unexpected(void (*)())
 *fill*         0x0000212e        0x2 
 .text._ZSt14get_unexpectedv
                0x00002130       0x10 c:/siliconlabs/simplicitystudio/v4/developer/toolchains/gnu_arm/4.9_2015q3/bin/../lib/gcc/arm-none-eabi/4.9.3/../../../../arm-none-eabi/lib/armv7-m\libstdc++_nano.a(eh_terminate.o)
                0x00002130                std::get_unexpected()
 .text._ZSt10unexpectedv
                0x00002140        0xa c:/siliconlabs/simplicitystudio/v4/developer/toolchains/gnu_arm/4.9_2015q3/bin/../lib/gcc/arm-none-eabi/4.9.3/../../../../arm-none-eabi/lib/armv7-m\libstdc++_nano.a(eh_terminate.o)
                0x00002140                std::unexpected()
 .text._ZNSt9type_infoD2Ev
                0x0000214a        0x2 c:/siliconlabs/simplicitystudio/v4/developer/toolchains/gnu_arm/4.9_2015q3/bin/../lib/gcc/arm-none-eabi/4.9.3/../../../../arm-none-eabi/lib/armv7-m\libstdc++_nano.a(tinfo.o)
                0x0000214a                std::type_info::~type_info()
                0x0000214a                std::type_info::~type_info()
 .text._ZNKSt9type_info14__is_pointer_pEv
                0x0000214c        0x4 c:/siliconlabs/simplicitystudio/v4/developer/toolchains/gnu_arm/4.9_2015q3/bin/../lib/gcc/arm-none-eabi/4.9.3/../../../../arm-none-eabi/lib/armv7-m\libstdc++_nano.a(tinfo.o)
                0x0000214c                std::type_info::__is_pointer_p() const
 .text._ZNKSt9type_info15__is_function_pEv
                0x00002150        0x4 c:/siliconlabs/simplicitystudio/v4/developer/toolchains/gnu_arm/4.9_2015q3/bin/../lib/gcc/arm-none-eabi/4.9.3/../../../../arm-none-eabi/lib/armv7-m\libstdc++_nano.a(tinfo.o)
                0x00002150                std::type_info::__is_function_p() const
 .text._ZNKSt9type_infoeqERKS_
                0x00002154       0x2c c:/siliconlabs/simplicitystudio/v4/developer/toolchains/gnu_arm/4.9_2015q3/bin/../lib/gcc/arm-none-eabi/4.9.3/../../../../arm-none-eabi/lib/armv7-m\libstdc++_nano.a(tinfo.o)
                0x00002154                std::type_info::operator==(std::type_info const&) const
 .text.__cxa_end_cleanup
                0x00002180        0xc c:/siliconlabs/simplicitystudio/v4/developer/toolchains/gnu_arm/4.9_2015q3/bin/../lib/gcc/arm-none-eabi/4.9.3/../../../../arm-none-eabi/lib/armv7-m\libstdc++_nano.a(eh_arm.o)
                0x00002180                __cxa_end_cleanup
 .text._ZN10__cxxabiv1L24__is_gxx_exception_classEPc
                0x0000218c       0x3a c:/siliconlabs/simplicitystudio/v4/developer/toolchains/gnu_arm/4.9_2015q3/bin/../lib/gcc/arm-none-eabi/4.9.3/../../../../arm-none-eabi/lib/armv7-m\libstdc++_nano.a(eh_arm.o)
 *fill*         0x000021c6        0x2 
 .text.__cxa_type_match
                0x000021c8       0xb8 c:/siliconlabs/simplicitystudio/v4/developer/toolchains/gnu_arm/4.9_2015q3/bin/../lib/gcc/arm-none-eabi/4.9.3/../../../../arm-none-eabi/lib/armv7-m\libstdc++_nano.a(eh_arm.o)
                0x000021c8                __cxa_type_match
 .text.__cxa_begin_cleanup
                0x00002280       0x3a c:/siliconlabs/simplicitystudio/v4/developer/toolchains/gnu_arm/4.9_2015q3/bin/../lib/gcc/arm-none-eabi/4.9.3/../../../../arm-none-eabi/lib/armv7-m\libstdc++_nano.a(eh_arm.o)
                0x00002280                __cxa_begin_cleanup
 .text.__gnu_end_cleanup
                0x000022ba       0x32 c:/siliconlabs/simplicitystudio/v4/developer/toolchains/gnu_arm/4.9_2015q3/bin/../lib/gcc/arm-none-eabi/4.9.3/../../../../arm-none-eabi/lib/armv7-m\libstdc++_nano.a(eh_arm.o)
                0x000022ba                __gnu_end_cleanup
 .text._ZNK10__cxxabiv117__class_type_info11__do_upcastEPKS0_PPv
                0x000022ec       0x34 c:/siliconlabs/simplicitystudio/v4/developer/toolchains/gnu_arm/4.9_2015q3/bin/../lib/gcc/arm-none-eabi/4.9.3/../../../../arm-none-eabi/lib/armv7-m\libstdc++_nano.a(class_type_info.o)
                0x000022ec                __cxxabiv1::__class_type_info::__do_upcast(__cxxabiv1::__class_type_info const*, void**) const
 .text._ZNK10__cxxabiv117__class_type_info20__do_find_public_srcEiPKvPKS0_S2_
                0x00002320        0xc c:/siliconlabs/simplicitystudio/v4/developer/toolchains/gnu_arm/4.9_2015q3/bin/../lib/gcc/arm-none-eabi/4.9.3/../../../../arm-none-eabi/lib/armv7-m\libstdc++_nano.a(class_type_info.o)
                0x00002320                __cxxabiv1::__class_type_info::__do_find_public_src(int, void const*, __cxxabiv1::__class_type_info const*, void const*) const
 .text._ZN10__cxxabiv117__class_type_infoD2Ev
                0x0000232c       0x14 c:/siliconlabs/simplicitystudio/v4/developer/toolchains/gnu_arm/4.9_2015q3/bin/../lib/gcc/arm-none-eabi/4.9.3/../../../../arm-none-eabi/lib/armv7-m\libstdc++_nano.a(class_type_info.o)
                0x0000232c                __cxxabiv1::__class_type_info::~__class_type_info()
                0x0000232c                __cxxabiv1::__class_type_info::~__class_type_info()
 .text._ZN10__cxxabiv117__class_type_infoD0Ev
                0x00002340       0x12 c:/siliconlabs/simplicitystudio/v4/developer/toolchains/gnu_arm/4.9_2015q3/bin/../lib/gcc/arm-none-eabi/4.9.3/../../../../arm-none-eabi/lib/armv7-m\libstdc++_nano.a(class_type_info.o)
                0x00002340                __cxxabiv1::__class_type_info::~__class_type_info()
 .text._ZNK10__cxxabiv117__class_type_info11__do_upcastEPKS0_PKvRNS0_15__upcast_resultE
                0x00002352       0x18 c:/siliconlabs/simplicitystudio/v4/developer/toolchains/gnu_arm/4.9_2015q3/bin/../lib/gcc/arm-none-eabi/4.9.3/../../../../arm-none-eabi/lib/armv7-m\libstdc++_nano.a(class_type_info.o)
                0x00002352                __cxxabiv1::__class_type_info::__do_upcast(__cxxabiv1::__class_type_info const*, void const*, __cxxabiv1::__class_type_info::__upcast_result&) const
 .text._ZNK10__cxxabiv117__class_type_info10__do_catchEPKSt9type_infoPPvj
                0x0000236a       0x2a c:/siliconlabs/simplicitystudio/v4/developer/toolchains/gnu_arm/4.9_2015q3/bin/../lib/gcc/arm-none-eabi/4.9.3/../../../../arm-none-eabi/lib/armv7-m\libstdc++_nano.a(class_type_info.o)
                0x0000236a                __cxxabiv1::__class_type_info::__do_catch(std::type_info const*, void**, unsigned int) const
 .text._ZNK10__cxxabiv117__class_type_info12__do_dyncastEiNS0_10__sub_kindEPKS0_PKvS3_S5_RNS0_16__dyncast_resultE
                0x00002394       0x38 c:/siliconlabs/simplicitystudio/v4/developer/toolchains/gnu_arm/4.9_2015q3/bin/../lib/gcc/arm-none-eabi/4.9.3/../../../../arm-none-eabi/lib/armv7-m\libstdc++_nano.a(class_type_info.o)
                0x00002394                __cxxabiv1::__class_type_info::__do_dyncast(int, __cxxabiv1::__class_type_info::__sub_kind, __cxxabiv1::__class_type_info const*, void const*, __cxxabiv1::__class_type_info const*, void const*, __cxxabiv1::__class_type_info::__dyncast_result&) const
 .text.__cxa_pure_virtual
                0x000023cc       0x14 c:/siliconlabs/simplicitystudio/v4/developer/toolchains/gnu_arm/4.9_2015q3/bin/../lib/gcc/arm-none-eabi/4.9.3/../../../../arm-none-eabi/lib/armv7-m\libstdc++_nano.a(pure.o)
                0x000023cc                __cxa_pure_virtual
 .text._ZN10__cxxabiv1L24__is_gxx_exception_classEPc
                0x000023e0       0x3a c:/siliconlabs/simplicitystudio/v4/developer/toolchains/gnu_arm/4.9_2015q3/bin/../lib/gcc/arm-none-eabi/4.9.3/../../../../arm-none-eabi/lib/armv7-m\libstdc++_nano.a(eh_call.o)
 .text.__cxa_call_terminate
                0x0000241a       0x1e c:/siliconlabs/simplicitystudio/v4/developer/toolchains/gnu_arm/4.9_2015q3/bin/../lib/gcc/arm-none-eabi/4.9.3/../../../../arm-none-eabi/lib/armv7-m\libstdc++_nano.a(eh_call.o)
                0x0000241a                __cxa_call_terminate
 .text.__cxa_call_unexpected
                0x00002438       0x28 c:/siliconlabs/simplicitystudio/v4/developer/toolchains/gnu_arm/4.9_2015q3/bin/../lib/gcc/arm-none-eabi/4.9.3/../../../../arm-none-eabi/lib/armv7-m\libstdc++_nano.a(eh_call.o)
                0x00002438                __cxa_call_unexpected
 .text._ZN10__cxxabiv1L24__is_gxx_exception_classEPc
                0x00002460       0x3a c:/siliconlabs/simplicitystudio/v4/developer/toolchains/gnu_arm/4.9_2015q3/bin/../lib/gcc/arm-none-eabi/4.9.3/../../../../arm-none-eabi/lib/armv7-m\libstdc++_nano.a(eh_catch.o)
 .text.__cxa_begin_catch
                0x0000249a       0x52 c:/siliconlabs/simplicitystudio/v4/developer/toolchains/gnu_arm/4.9_2015q3/bin/../lib/gcc/arm-none-eabi/4.9.3/../../../../arm-none-eabi/lib/armv7-m\libstdc++_nano.a(eh_catch.o)
                0x0000249a                __cxa_begin_catch
 .text.__cxa_get_globals
                0x000024ec        0x8 c:/siliconlabs/simplicitystudio/v4/developer/toolchains/gnu_arm/4.9_2015q3/bin/../lib/gcc/arm-none-eabi/4.9.3/../../../../arm-none-eabi/lib/armv7-m\libstdc++_nano.a(eh_globals.o)
                0x000024ec                __cxa_get_globals
 .text._ZN9__gnu_cxx27__verbose_terminate_handlerEv
                0x000024f4       0x98 c:/siliconlabs/simplicitystudio/v4/developer/toolchains/gnu_arm/4.9_2015q3/bin/../lib/gcc/arm-none-eabi/4.9.3/../../../../arm-none-eabi/lib/armv7-m\libstdc++_nano.a(vterminate.o)
                0x000024f4                __gnu_cxx::__verbose_terminate_handler()
 .text          0x0000258c     0x88c0 c:/siliconlabs/simplicitystudio/v4/developer/toolchains/gnu_arm/4.9_2015q3/bin/../lib/gcc/arm-none-eabi/4.9.3/../../../../arm-none-eabi/lib/armv7-m\libstdc++_nano.a(cp-demangle.o)
                0x0000ad68                __cxa_demangle
                0x0000ae28                __gcclibcxx_demangle_callback
 .text.__cxa_current_exception_type
                0x0000ae4c       0x1a c:/siliconlabs/simplicitystudio/v4/developer/toolchains/gnu_arm/4.9_2015q3/bin/../lib/gcc/arm-none-eabi/4.9.3/../../../../arm-none-eabi/lib/armv7-m\libstdc++_nano.a(eh_type.o)
                0x0000ae4c                __cxa_current_exception_type
 .text.abort    0x0000ae66        0xe c:/siliconlabs/simplicitystudio/v4/developer/toolchains/gnu_arm/4.9_2015q3/bin/../lib/gcc/arm-none-eabi/4.9.3/../../../../arm-none-eabi/lib/armv7-m\libc_nano.a(lib_a-abort.o)
                0x0000ae66                abort
 .text.exit     0x0000ae74       0x28 c:/siliconlabs/simplicitystudio/v4/developer/toolchains/gnu_arm/4.9_2015q3/bin/../lib/gcc/arm-none-eabi/4.9.3/../../../../arm-none-eabi/lib/armv7-m\libc_nano.a(lib_a-exit.o)
                0x0000ae74                exit
 .text._fputs_r
                0x0000ae9c       0xa8 c:/siliconlabs/simplicitystudio/v4/developer/toolchains/gnu_arm/4.9_2015q3/bin/../lib/gcc/arm-none-eabi/4.9.3/../../../../arm-none-eabi/lib/armv7-m\libc_nano.a(lib_a-fputs.o)
                0x0000ae9c                _fputs_r
 .text.fputs    0x0000af44       0x14 c:/siliconlabs/simplicitystudio/v4/developer/toolchains/gnu_arm/4.9_2015q3/bin/../lib/gcc/arm-none-eabi/4.9.3/../../../../arm-none-eabi/lib/armv7-m\libc_nano.a(lib_a-fputs.o)
                0x0000af44                fputs
 .text.__libc_init_array
                0x0000af58       0x4c c:/siliconlabs/simplicitystudio/v4/developer/toolchains/gnu_arm/4.9_2015q3/bin/../lib/gcc/arm-none-eabi/4.9.3/../../../../arm-none-eabi/lib/armv7-m\libc_nano.a(lib_a-init.o)
                0x0000af58                __libc_init_array
 .text.free     0x0000afa4       0x10 c:/siliconlabs/simplicitystudio/v4/developer/toolchains/gnu_arm/4.9_2015q3/bin/../lib/gcc/arm-none-eabi/4.9.3/../../../../arm-none-eabi/lib/armv7-m\libc_nano.a(lib_a-malloc.o)
                0x0000afa4                free
 .text.memcmp   0x0000afb4       0x20 c:/siliconlabs/simplicitystudio/v4/developer/toolchains/gnu_arm/4.9_2015q3/bin/../lib/gcc/arm-none-eabi/4.9.3/../../../../arm-none-eabi/lib/armv7-m\libc_nano.a(lib_a-memcmp.o)
                0x0000afb4                memcmp
 .text.memcpy   0x0000afd4       0x16 c:/siliconlabs/simplicitystudio/v4/developer/toolchains/gnu_arm/4.9_2015q3/bin/../lib/gcc/arm-none-eabi/4.9.3/../../../../arm-none-eabi/lib/armv7-m\libc_nano.a(lib_a-memcpy.o)
                0x0000afd4                memcpy
 .text.memset   0x0000afea       0x10 c:/siliconlabs/simplicitystudio/v4/developer/toolchains/gnu_arm/4.9_2015q3/bin/../lib/gcc/arm-none-eabi/4.9.3/../../../../arm-none-eabi/lib/armv7-m\libc_nano.a(lib_a-memset.o)
                0x0000afea                memset
 *fill*         0x0000affa        0x2 
 .text._free_r  0x0000affc       0x88 c:/siliconlabs/simplicitystudio/v4/developer/toolchains/gnu_arm/4.9_2015q3/bin/../lib/gcc/arm-none-eabi/4.9.3/../../../../arm-none-eabi/lib/armv7-m\libc_nano.a(lib_a-nano-freer.o)
                0x0000affc                _free_r
 .text._malloc_r
                0x0000b084       0xac c:/siliconlabs/simplicitystudio/v4/developer/toolchains/gnu_arm/4.9_2015q3/bin/../lib/gcc/arm-none-eabi/4.9.3/../../../../arm-none-eabi/lib/armv7-m\libc_nano.a(lib_a-nano-mallocr.o)
                0x0000b084                _malloc_r
 .text.realloc  0x0000b130       0x14 c:/siliconlabs/simplicitystudio/v4/developer/toolchains/gnu_arm/4.9_2015q3/bin/../lib/gcc/arm-none-eabi/4.9.3/../../../../arm-none-eabi/lib/armv7-m\libc_nano.a(lib_a-realloc.o)
                0x0000b130                realloc
 .text._sbrk_r  0x0000b144       0x20 c:/siliconlabs/simplicitystudio/v4/developer/toolchains/gnu_arm/4.9_2015q3/bin/../lib/gcc/arm-none-eabi/4.9.3/../../../../arm-none-eabi/lib/armv7-m\libc_nano.a(lib_a-sbrkr.o)
                0x0000b144                _sbrk_r
 .text._raise_r
                0x0000b164       0x50 c:/siliconlabs/simplicitystudio/v4/developer/toolchains/gnu_arm/4.9_2015q3/bin/../lib/gcc/arm-none-eabi/4.9.3/../../../../arm-none-eabi/lib/armv7-m\libc_nano.a(lib_a-signal.o)
                0x0000b164                _raise_r
 .text.raise    0x0000b1b4       0x10 c:/siliconlabs/simplicitystudio/v4/developer/toolchains/gnu_arm/4.9_2015q3/bin/../lib/gcc/arm-none-eabi/4.9.3/../../../../arm-none-eabi/lib/armv7-m\libc_nano.a(lib_a-signal.o)
                0x0000b1b4                raise
 .text._kill_r  0x0000b1c4       0x24 c:/siliconlabs/simplicitystudio/v4/developer/toolchains/gnu_arm/4.9_2015q3/bin/../lib/gcc/arm-none-eabi/4.9.3/../../../../arm-none-eabi/lib/armv7-m\libc_nano.a(lib_a-signalr.o)
                0x0000b1c4                _kill_r
 .text._getpid_r
                0x0000b1e8        0x4 c:/siliconlabs/simplicitystudio/v4/developer/toolchains/gnu_arm/4.9_2015q3/bin/../lib/gcc/arm-none-eabi/4.9.3/../../../../arm-none-eabi/lib/armv7-m\libc_nano.a(lib_a-signalr.o)
                0x0000b1e8                _getpid_r
 .text.sprintf  0x0000b1ec       0x48 c:/siliconlabs/simplicitystudio/v4/developer/toolchains/gnu_arm/4.9_2015q3/bin/../lib/gcc/arm-none-eabi/4.9.3/../../../../arm-none-eabi/lib/armv7-m\libc_nano.a(lib_a-sprintf.o)
                0x0000b1ec                siprintf
                0x0000b1ec                sprintf
 .text          0x0000b234       0x14 c:/siliconlabs/simplicitystudio/v4/developer/toolchains/gnu_arm/4.9_2015q3/bin/../lib/gcc/arm-none-eabi/4.9.3/../../../../arm-none-eabi/lib/armv7-m\libc_nano.a(lib_a-strcmp.o)
                0x0000b234                strcmp
 .text.strlen   0x0000b248       0x10 c:/siliconlabs/simplicitystudio/v4/developer/toolchains/gnu_arm/4.9_2015q3/bin/../lib/gcc/arm-none-eabi/4.9.3/../../../../arm-none-eabi/lib/armv7-m\libc_nano.a(lib_a-strlen.o)
                0x0000b248                strlen
 .text.strncmp  0x0000b258       0x32 c:/siliconlabs/simplicitystudio/v4/developer/toolchains/gnu_arm/4.9_2015q3/bin/../lib/gcc/arm-none-eabi/4.9.3/../../../../arm-none-eabi/lib/armv7-m\libc_nano.a(lib_a-strncmp.o)
                0x0000b258                strncmp
 *fill*         0x0000b28a        0x2 
 .text.write    0x0000b28c       0x1c c:/siliconlabs/simplicitystudio/v4/developer/toolchains/gnu_arm/4.9_2015q3/bin/../lib/gcc/arm-none-eabi/4.9.3/../../../../arm-none-eabi/lib/armv7-m\libc_nano.a(lib_a-syswrite.o)
                0x0000b28c                write
 .text.__swbuf_r
                0x0000b2a8       0xa8 c:/siliconlabs/simplicitystudio/v4/developer/toolchains/gnu_arm/4.9_2015q3/bin/../lib/gcc/arm-none-eabi/4.9.3/../../../../arm-none-eabi/lib/armv7-m\libc_nano.a(lib_a-wbuf.o)
                0x0000b2a8                __swbuf_r
 .text._write_r
                0x0000b350       0x24 c:/siliconlabs/simplicitystudio/v4/developer/toolchains/gnu_arm/4.9_2015q3/bin/../lib/gcc/arm-none-eabi/4.9.3/../../../../arm-none-eabi/lib/armv7-m\libc_nano.a(lib_a-writer.o)
                0x0000b350                _write_r
 .text.__swsetup_r
                0x0000b374       0xd8 c:/siliconlabs/simplicitystudio/v4/developer/toolchains/gnu_arm/4.9_2015q3/bin/../lib/gcc/arm-none-eabi/4.9.3/../../../../arm-none-eabi/lib/armv7-m\libc_nano.a(lib_a-wsetup.o)
                0x0000b374                __swsetup_r
 .text.__sflush_r
                0x0000b44c      0x106 c:/siliconlabs/simplicitystudio/v4/developer/toolchains/gnu_arm/4.9_2015q3/bin/../lib/gcc/arm-none-eabi/4.9.3/../../../../arm-none-eabi/lib/armv7-m\libc_nano.a(lib_a-fflush.o)
                0x0000b44c                __sflush_r
 *fill*         0x0000b552        0x2 
 .text._fflush_r
                0x0000b554       0x54 c:/siliconlabs/simplicitystudio/v4/developer/toolchains/gnu_arm/4.9_2015q3/bin/../lib/gcc/arm-none-eabi/4.9.3/../../../../arm-none-eabi/lib/armv7-m\libc_nano.a(lib_a-fflush.o)
                0x0000b554                _fflush_r
 .text._cleanup_r
                0x0000b5a8        0xc c:/siliconlabs/simplicitystudio/v4/developer/toolchains/gnu_arm/4.9_2015q3/bin/../lib/gcc/arm-none-eabi/4.9.3/../../../../arm-none-eabi/lib/armv7-m\libc_nano.a(lib_a-findfp.o)
                0x0000b5a8                _cleanup_r
 .text.std.isra.0
                0x0000b5b4       0x48 c:/siliconlabs/simplicitystudio/v4/developer/toolchains/gnu_arm/4.9_2015q3/bin/../lib/gcc/arm-none-eabi/4.9.3/../../../../arm-none-eabi/lib/armv7-m\libc_nano.a(lib_a-findfp.o)
 .text.__sfmoreglue
                0x0000b5fc       0x2c c:/siliconlabs/simplicitystudio/v4/developer/toolchains/gnu_arm/4.9_2015q3/bin/../lib/gcc/arm-none-eabi/4.9.3/../../../../arm-none-eabi/lib/armv7-m\libc_nano.a(lib_a-findfp.o)
                0x0000b5fc                __sfmoreglue
 .text.__sinit  0x0000b628       0x60 c:/siliconlabs/simplicitystudio/v4/developer/toolchains/gnu_arm/4.9_2015q3/bin/../lib/gcc/arm-none-eabi/4.9.3/../../../../arm-none-eabi/lib/armv7-m\libc_nano.a(lib_a-findfp.o)
                0x0000b628                __sinit
 .text.__sfp    0x0000b688       0x74 c:/siliconlabs/simplicitystudio/v4/developer/toolchains/gnu_arm/4.9_2015q3/bin/../lib/gcc/arm-none-eabi/4.9.3/../../../../arm-none-eabi/lib/armv7-m\libc_nano.a(lib_a-findfp.o)
                0x0000b688                __sfp
 .text._fwalk_reent
                0x0000b6fc       0x3c c:/siliconlabs/simplicitystudio/v4/developer/toolchains/gnu_arm/4.9_2015q3/bin/../lib/gcc/arm-none-eabi/4.9.3/../../../../arm-none-eabi/lib/armv7-m\libc_nano.a(lib_a-fwalk.o)
                0x0000b6fc                _fwalk_reent
 .text.__smakebuf_r
                0x0000b738       0x98 c:/siliconlabs/simplicitystudio/v4/developer/toolchains/gnu_arm/4.9_2015q3/bin/../lib/gcc/arm-none-eabi/4.9.3/../../../../arm-none-eabi/lib/armv7-m\libc_nano.a(lib_a-makebuf.o)
                0x0000b738                __smakebuf_r
 .text._realloc_r
                0x0000b7d0       0x4c c:/siliconlabs/simplicitystudio/v4/developer/toolchains/gnu_arm/4.9_2015q3/bin/../lib/gcc/arm-none-eabi/4.9.3/../../../../arm-none-eabi/lib/armv7-m\libc_nano.a(lib_a-nano-reallocr.o)
                0x0000b7d0                _realloc_r
 .text.__ssputs_r
                0x0000b81c       0xb2 c:/siliconlabs/simplicitystudio/v4/developer/toolchains/gnu_arm/4.9_2015q3/bin/../lib/gcc/arm-none-eabi/4.9.3/../../../../arm-none-eabi/lib/armv7-m\libc_nano.a(lib_a-nano-svfprintf.o)
                0x0000b81c                __ssputs_r
 *fill*         0x0000b8ce        0x2 
 .text._svfprintf_r
                0x0000b8d0      0x1e4 c:/siliconlabs/simplicitystudio/v4/developer/toolchains/gnu_arm/4.9_2015q3/bin/../lib/gcc/arm-none-eabi/4.9.3/../../../../arm-none-eabi/lib/armv7-m\libc_nano.a(lib_a-nano-svfprintf.o)
                0x0000b8d0                _svfiprintf_r
                0x0000b8d0                _svfprintf_r
 .text._printf_common
                0x0000bab4       0xea c:/siliconlabs/simplicitystudio/v4/developer/toolchains/gnu_arm/4.9_2015q3/bin/../lib/gcc/arm-none-eabi/4.9.3/../../../../arm-none-eabi/lib/armv7-m\libc_nano.a(lib_a-nano-vfprintf_i.o)
                0x0000bab4                _printf_common
 *fill*         0x0000bb9e        0x2 
 .text._printf_i
                0x0000bba0      0x240 c:/siliconlabs/simplicitystudio/v4/developer/toolchains/gnu_arm/4.9_2015q3/bin/../lib/gcc/arm-none-eabi/4.9.3/../../../../arm-none-eabi/lib/armv7-m\libc_nano.a(lib_a-nano-vfprintf_i.o)
                0x0000bba0                _printf_i
 .text.__sread  0x0000bde0       0x22 c:/siliconlabs/simplicitystudio/v4/developer/toolchains/gnu_arm/4.9_2015q3/bin/../lib/gcc/arm-none-eabi/4.9.3/../../../../arm-none-eabi/lib/armv7-m\libc_nano.a(lib_a-stdio.o)
                0x0000bde0                __sread
 .text.__swrite
                0x0000be02       0x38 c:/siliconlabs/simplicitystudio/v4/developer/toolchains/gnu_arm/4.9_2015q3/bin/../lib/gcc/arm-none-eabi/4.9.3/../../../../arm-none-eabi/lib/armv7-m\libc_nano.a(lib_a-stdio.o)
                0x0000be02                __swrite
 .text.__sseek  0x0000be3a       0x24 c:/siliconlabs/simplicitystudio/v4/developer/toolchains/gnu_arm/4.9_2015q3/bin/../lib/gcc/arm-none-eabi/4.9.3/../../../../arm-none-eabi/lib/armv7-m\libc_nano.a(lib_a-stdio.o)
                0x0000be3a                __sseek
 .text.__sclose
                0x0000be5e        0x8 c:/siliconlabs/simplicitystudio/v4/developer/toolchains/gnu_arm/4.9_2015q3/bin/../lib/gcc/arm-none-eabi/4.9.3/../../../../arm-none-eabi/lib/armv7-m\libc_nano.a(lib_a-stdio.o)
                0x0000be5e                __sclose
 *fill*         0x0000be66        0x2 
 .text._close_r
                0x0000be68       0x20 c:/siliconlabs/simplicitystudio/v4/developer/toolchains/gnu_arm/4.9_2015q3/bin/../lib/gcc/arm-none-eabi/4.9.3/../../../../arm-none-eabi/lib/armv7-m\libc_nano.a(lib_a-closer.o)
                0x0000be68                _close_r
 .text._fstat_r
                0x0000be88       0x24 c:/siliconlabs/simplicitystudio/v4/developer/toolchains/gnu_arm/4.9_2015q3/bin/../lib/gcc/arm-none-eabi/4.9.3/../../../../arm-none-eabi/lib/armv7-m\libc_nano.a(lib_a-fstatr.o)
                0x0000be88                _fstat_r
 .text._isatty_r
                0x0000beac       0x20 c:/siliconlabs/simplicitystudio/v4/developer/toolchains/gnu_arm/4.9_2015q3/bin/../lib/gcc/arm-none-eabi/4.9.3/../../../../arm-none-eabi/lib/armv7-m\libc_nano.a(lib_a-isattyr.o)
                0x0000beac                _isatty_r
 .text._lseek_r
                0x0000becc       0x24 c:/siliconlabs/simplicitystudio/v4/developer/toolchains/gnu_arm/4.9_2015q3/bin/../lib/gcc/arm-none-eabi/4.9.3/../../../../arm-none-eabi/lib/armv7-m\libc_nano.a(lib_a-lseekr.o)
                0x0000becc                _lseek_r
 .text.memchr   0x0000bef0       0x1c c:/siliconlabs/simplicitystudio/v4/developer/toolchains/gnu_arm/4.9_2015q3/bin/../lib/gcc/arm-none-eabi/4.9.3/../../../../arm-none-eabi/lib/armv7-m\libc_nano.a(lib_a-memchr.o)
                0x0000bef0                memchr
 .text.memmove  0x0000bf0c       0x36 c:/siliconlabs/simplicitystudio/v4/developer/toolchains/gnu_arm/4.9_2015q3/bin/../lib/gcc/arm-none-eabi/4.9.3/../../../../arm-none-eabi/lib/armv7-m\libc_nano.a(lib_a-memmove.o)
                0x0000bf0c                memmove
 .text._malloc_usable_size_r
                0x0000bf42       0x14 c:/siliconlabs/simplicitystudio/v4/developer/toolchains/gnu_arm/4.9_2015q3/bin/../lib/gcc/arm-none-eabi/4.9.3/../../../../arm-none-eabi/lib/armv7-m\libc_nano.a(lib_a-nano-msizer.o)
                0x0000bf42                _malloc_usable_size_r
 *fill*         0x0000bf56        0x2 
 .text._read_r  0x0000bf58       0x24 c:/siliconlabs/simplicitystudio/v4/developer/toolchains/gnu_arm/4.9_2015q3/bin/../lib/gcc/arm-none-eabi/4.9.3/../../../../arm-none-eabi/lib/armv7-m\libc_nano.a(lib_a-readr.o)
                0x0000bf58                _read_r
 .text._close   0x0000bf7c       0x10 c:/siliconlabs/simplicitystudio/v4/developer/toolchains/gnu_arm/4.9_2015q3/bin/../lib/gcc/arm-none-eabi/4.9.3/../../../../arm-none-eabi/lib/armv7-m\libnosys.a(close.o)
                0x0000bf7c                _close
 .text._fstat   0x0000bf8c       0x10 c:/siliconlabs/simplicitystudio/v4/developer/toolchains/gnu_arm/4.9_2015q3/bin/../lib/gcc/arm-none-eabi/4.9.3/../../../../arm-none-eabi/lib/armv7-m\libnosys.a(fstat.o)
                0x0000bf8c                _fstat
 .text._getpid  0x0000bf9c       0x10 c:/siliconlabs/simplicitystudio/v4/developer/toolchains/gnu_arm/4.9_2015q3/bin/../lib/gcc/arm-none-eabi/4.9.3/../../../../arm-none-eabi/lib/armv7-m\libnosys.a(getpid.o)
                0x0000bf9c                _getpid
 .text._isatty  0x0000bfac       0x10 c:/siliconlabs/simplicitystudio/v4/developer/toolchains/gnu_arm/4.9_2015q3/bin/../lib/gcc/arm-none-eabi/4.9.3/../../../../arm-none-eabi/lib/armv7-m\libnosys.a(isatty.o)
                0x0000bfac                _isatty
 .text._kill    0x0000bfbc       0x10 c:/siliconlabs/simplicitystudio/v4/developer/toolchains/gnu_arm/4.9_2015q3/bin/../lib/gcc/arm-none-eabi/4.9.3/../../../../arm-none-eabi/lib/armv7-m\libnosys.a(kill.o)
                0x0000bfbc                _kill
 .text._lseek   0x0000bfcc       0x10 c:/siliconlabs/simplicitystudio/v4/developer/toolchains/gnu_arm/4.9_2015q3/bin/../lib/gcc/arm-none-eabi/4.9.3/../../../../arm-none-eabi/lib/armv7-m\libnosys.a(lseek.o)
                0x0000bfcc                _lseek
 .text._read    0x0000bfdc       0x10 c:/siliconlabs/simplicitystudio/v4/developer/toolchains/gnu_arm/4.9_2015q3/bin/../lib/gcc/arm-none-eabi/4.9.3/../../../../arm-none-eabi/lib/armv7-m\libnosys.a(read.o)
                0x0000bfdc                _read
 .text._sbrk    0x0000bfec       0x1c c:/siliconlabs/simplicitystudio/v4/developer/toolchains/gnu_arm/4.9_2015q3/bin/../lib/gcc/arm-none-eabi/4.9.3/../../../../arm-none-eabi/lib/armv7-m\libnosys.a(sbrk.o)
                0x0000bfec                _sbrk
 .text._write   0x0000c008       0x10 c:/siliconlabs/simplicitystudio/v4/developer/toolchains/gnu_arm/4.9_2015q3/bin/../lib/gcc/arm-none-eabi/4.9.3/../../../../arm-none-eabi/lib/armv7-m\libnosys.a(write.o)
                0x0000c008                _write
 .text._exit    0x0000c018        0x4 c:/siliconlabs/simplicitystudio/v4/developer/toolchains/gnu_arm/4.9_2015q3/bin/../lib/gcc/arm-none-eabi/4.9.3/../../../../arm-none-eabi/lib/armv7-m\libnosys.a(_exit.o)
                0x0000c018                _exit
 *(.init)
 .init          0x0000c01c        0x4 c:/siliconlabs/simplicitystudio/v4/developer/toolchains/gnu_arm/4.9_2015q3/bin/../lib/gcc/arm-none-eabi/4.9.3/armv7-m/crti.o
                0x0000c01c                _init
 .init          0x0000c020        0x8 c:/siliconlabs/simplicitystudio/v4/developer/toolchains/gnu_arm/4.9_2015q3/bin/../lib/gcc/arm-none-eabi/4.9.3/armv7-m/crtn.o
 *(.fini)
 .fini          0x0000c028        0x4 c:/siliconlabs/simplicitystudio/v4/developer/toolchains/gnu_arm/4.9_2015q3/bin/../lib/gcc/arm-none-eabi/4.9.3/armv7-m/crti.o
                0x0000c028                _fini
 .fini          0x0000c02c        0x8 c:/siliconlabs/simplicitystudio/v4/developer/toolchains/gnu_arm/4.9_2015q3/bin/../lib/gcc/arm-none-eabi/4.9.3/armv7-m/crtn.o
 *crtbegin.o(.ctors)
 *crtbegin?.o(.ctors)
 *(EXCLUDE_FILE(*crtend.o *crtend?.o) .ctors)
 *(SORT(.ctors.*))
 *(.ctors)
 *crtbegin.o(.dtors)
 *crtbegin?.o(.dtors)
 *(EXCLUDE_FILE(*crtend.o *crtend?.o) .dtors)
 *(SORT(.dtors.*))
 *(.dtors)
 *(.rodata*)
 *fill*         0x0000c034        0x4 
 .rodata._ZTV6ITimer
                0x0000c038       0x18 ./Factory/Factory.o
                0x0000c038                vtable for ITimer
 .rodata._ZTV6IState
                0x0000c050       0x20 ./Factory/Factory.o
                0x0000c050                vtable for IState
 .rodata._ZTS6ITimer
                0x0000c070        0x8 ./Factory/Factory.o
                0x0000c070                typeinfo name for ITimer
 .rodata._ZTI6ITimer
                0x0000c078        0x8 ./Factory/Factory.o
                0x0000c078                typeinfo for ITimer
 .rodata._ZTS6IState
                0x0000c080        0x8 ./Factory/Factory.o
                0x0000c080                typeinfo name for IState
 .rodata._ZTI6IState
                0x0000c088        0x8 ./Factory/Factory.o
                0x0000c088                typeinfo for IState
 .rodata._ZTV9InitState
                0x0000c090       0x20 ./Source/Application/InitState.o
                0x0000c090                vtable for InitState
 .rodata._ZTI9InitState
                0x0000c0b0        0xc ./Source/Application/InitState.o
                0x0000c0b0                typeinfo for InitState
 .rodata._ZTS9InitState
                0x0000c0bc        0xb ./Source/Application/InitState.o
                0x0000c0bc                typeinfo name for InitState
 *fill*         0x0000c0c7        0x1 
 .rodata._ZTV8RunState
                0x0000c0c8       0x20 ./Source/Application/RunState.o
                0x0000c0c8                vtable for RunState
 .rodata._ZTI8RunState
                0x0000c0e8        0xc ./Source/Application/RunState.o
                0x0000c0e8                typeinfo for RunState
 .rodata._ZTS8RunState
                0x0000c0f4        0xa ./Source/Application/RunState.o
                0x0000c0f4                typeinfo name for RunState
 *fill*         0x0000c0fe        0x2 
 .rodata._ZTV5IGPIO
                0x0000c100       0x1c ./Source/Application/main.o
                0x0000c100                vtable for IGPIO
 .rodata._ZTS5IGPIO
                0x0000c11c        0x7 ./Source/Application/main.o
                0x0000c11c                typeinfo name for IGPIO
 *fill*         0x0000c123        0x1 
 .rodata._ZTI5IGPIO
                0x0000c124        0x8 ./Source/Application/main.o
                0x0000c124                typeinfo for IGPIO
 *fill*         0x0000c12c        0x4 
 .rodata._ZTV10EFM32_GPIO
                0x0000c130       0x1c ./Source/EFM32/EFM32_GPIO.o
                0x0000c130                vtable for EFM32_GPIO
 .rodata._ZTI10EFM32_GPIO
                0x0000c14c        0xc ./Source/EFM32/EFM32_GPIO.o
                0x0000c14c                typeinfo for EFM32_GPIO
 .rodata._ZTS10EFM32_GPIO
                0x0000c158        0xd ./Source/EFM32/EFM32_GPIO.o
                0x0000c158                typeinfo name for EFM32_GPIO
 *fill*         0x0000c165        0x3 
 .rodata._ZTV12EFM32_Timer0
                0x0000c168       0x18 ./Source/EFM32/EFM32_Timer0.o
                0x0000c168                vtable for EFM32_Timer0
 .rodata._ZTI12EFM32_Timer0
                0x0000c180        0xc ./Source/EFM32/EFM32_Timer0.o
                0x0000c180                typeinfo for EFM32_Timer0
 .rodata._ZTS12EFM32_Timer0
                0x0000c18c        0xf ./Source/EFM32/EFM32_Timer0.o
                0x0000c18c                typeinfo name for EFM32_Timer0
 *fill*         0x0000c19b        0x5 
 .rodata._ZTVN10__cxxabiv120__si_class_type_infoE
                0x0000c1a0       0x2c c:/siliconlabs/simplicitystudio/v4/developer/toolchains/gnu_arm/4.9_2015q3/bin/../lib/gcc/arm-none-eabi/4.9.3/../../../../arm-none-eabi/lib/armv7-m\libstdc++_nano.a(si_class_type_info.o)
                0x0000c1a0                vtable for __cxxabiv1::__si_class_type_info
 .rodata._ZTIN10__cxxabiv120__si_class_type_infoE
                0x0000c1cc        0xc c:/siliconlabs/simplicitystudio/v4/developer/toolchains/gnu_arm/4.9_2015q3/bin/../lib/gcc/arm-none-eabi/4.9.3/../../../../arm-none-eabi/lib/armv7-m\libstdc++_nano.a(si_class_type_info.o)
                0x0000c1cc                typeinfo for __cxxabiv1::__si_class_type_info
 .rodata._ZTSN10__cxxabiv120__si_class_type_infoE
                0x0000c1d8       0x25 c:/siliconlabs/simplicitystudio/v4/developer/toolchains/gnu_arm/4.9_2015q3/bin/../lib/gcc/arm-none-eabi/4.9.3/../../../../arm-none-eabi/lib/armv7-m\libstdc++_nano.a(si_class_type_info.o)
                0x0000c1d8                typeinfo name for __cxxabiv1::__si_class_type_info
 *fill*         0x0000c1fd        0x3 
 .rodata._ZTISt9type_info
                0x0000c200        0x8 c:/siliconlabs/simplicitystudio/v4/developer/toolchains/gnu_arm/4.9_2015q3/bin/../lib/gcc/arm-none-eabi/4.9.3/../../../../arm-none-eabi/lib/armv7-m\libstdc++_nano.a(tinfo.o)
                0x0000c200                typeinfo for std::type_info
 .rodata._ZTSSt9type_info
                0x0000c208        0xd c:/siliconlabs/simplicitystudio/v4/developer/toolchains/gnu_arm/4.9_2015q3/bin/../lib/gcc/arm-none-eabi/4.9.3/../../../../arm-none-eabi/lib/armv7-m\libstdc++_nano.a(tinfo.o)
                0x0000c208                typeinfo name for std::type_info
 *fill*         0x0000c215        0x3 
 .rodata._ZTVN10__cxxabiv117__class_type_infoE
                0x0000c218       0x2c c:/siliconlabs/simplicitystudio/v4/developer/toolchains/gnu_arm/4.9_2015q3/bin/../lib/gcc/arm-none-eabi/4.9.3/../../../../arm-none-eabi/lib/armv7-m\libstdc++_nano.a(class_type_info.o)
                0x0000c218                vtable for __cxxabiv1::__class_type_info
 .rodata._ZTIN10__cxxabiv117__class_type_infoE
                0x0000c244        0xc c:/siliconlabs/simplicitystudio/v4/developer/toolchains/gnu_arm/4.9_2015q3/bin/../lib/gcc/arm-none-eabi/4.9.3/../../../../arm-none-eabi/lib/armv7-m\libstdc++_nano.a(class_type_info.o)
                0x0000c244                typeinfo for __cxxabiv1::__class_type_info
 .rodata._ZTSN10__cxxabiv117__class_type_infoE
                0x0000c250       0x22 c:/siliconlabs/simplicitystudio/v4/developer/toolchains/gnu_arm/4.9_2015q3/bin/../lib/gcc/arm-none-eabi/4.9.3/../../../../arm-none-eabi/lib/armv7-m\libstdc++_nano.a(class_type_info.o)
                0x0000c250                typeinfo name for __cxxabiv1::__class_type_info
 .rodata.str1.1
                0x0000c272       0x3b c:/siliconlabs/simplicitystudio/v4/developer/toolchains/gnu_arm/4.9_2015q3/bin/../lib/gcc/arm-none-eabi/4.9.3/../../../../arm-none-eabi/lib/armv7-m\libstdc++_nano.a(pure.o)
 .rodata._ZTSN10__cxxabiv115__forced_unwindE
                0x0000c2ad       0x20 c:/siliconlabs/simplicitystudio/v4/developer/toolchains/gnu_arm/4.9_2015q3/bin/../lib/gcc/arm-none-eabi/4.9.3/../../../../arm-none-eabi/lib/armv7-m\libstdc++_nano.a(eh_exception.o)
                0x0000c2ad                typeinfo name for __cxxabiv1::__forced_unwind
 *fill*         0x0000c2cd        0x3 
 .rodata._ZTIN10__cxxabiv115__forced_unwindE
                0x0000c2d0        0x8 c:/siliconlabs/simplicitystudio/v4/developer/toolchains/gnu_arm/4.9_2015q3/bin/../lib/gcc/arm-none-eabi/4.9.3/../../../../arm-none-eabi/lib/armv7-m\libstdc++_nano.a(eh_exception.o)
                0x0000c2d0                typeinfo for __cxxabiv1::__forced_unwind
 .rodata._ZTSN10__cxxabiv119__foreign_exceptionE
                0x0000c2d8       0x24 c:/siliconlabs/simplicitystudio/v4/developer/toolchains/gnu_arm/4.9_2015q3/bin/../lib/gcc/arm-none-eabi/4.9.3/../../../../arm-none-eabi/lib/armv7-m\libstdc++_nano.a(eh_exception.o)
                0x0000c2d8                typeinfo name for __cxxabiv1::__foreign_exception
 .rodata._ZTIN10__cxxabiv119__foreign_exceptionE
                0x0000c2fc        0x8 c:/siliconlabs/simplicitystudio/v4/developer/toolchains/gnu_arm/4.9_2015q3/bin/../lib/gcc/arm-none-eabi/4.9.3/../../../../arm-none-eabi/lib/armv7-m\libstdc++_nano.a(eh_exception.o)
                0x0000c2fc                typeinfo for __cxxabiv1::__foreign_exception
 .rodata.str1.1
                0x0000c304       0x80 c:/siliconlabs/simplicitystudio/v4/developer/toolchains/gnu_arm/4.9_2015q3/bin/../lib/gcc/arm-none-eabi/4.9.3/../../../../arm-none-eabi/lib/armv7-m\libstdc++_nano.a(vterminate.o)
 .rodata        0x0000c384      0x738 c:/siliconlabs/simplicitystudio/v4/developer/toolchains/gnu_arm/4.9_2015q3/bin/../lib/gcc/arm-none-eabi/4.9.3/../../../../arm-none-eabi/lib/armv7-m\libstdc++_nano.a(cp-demangle.o)
 .rodata.str1.4
                0x0000cabc      0x7f4 c:/siliconlabs/simplicitystudio/v4/developer/toolchains/gnu_arm/4.9_2015q3/bin/../lib/gcc/arm-none-eabi/4.9.3/../../../../arm-none-eabi/lib/armv7-m\libstdc++_nano.a(cp-demangle.o)
                                0x83e (size before relaxing)
 .rodata.str1.1
                0x0000d2b0        0x2 c:/siliconlabs/simplicitystudio/v4/developer/toolchains/gnu_arm/4.9_2015q3/bin/../lib/gcc/arm-none-eabi/4.9.3/../../../../arm-none-eabi/lib/armv7-m\libc_nano.a(lib_a-impure.o)
 *fill*         0x0000d2b2        0x2 
 .rodata._global_impure_ptr
                0x0000d2b4        0x4 c:/siliconlabs/simplicitystudio/v4/developer/toolchains/gnu_arm/4.9_2015q3/bin/../lib/gcc/arm-none-eabi/4.9.3/../../../../arm-none-eabi/lib/armv7-m\libc_nano.a(lib_a-impure.o)
                0x0000d2b4                _global_impure_ptr
 .rodata.__sf_fake_stdin
                0x0000d2b8       0x20 c:/siliconlabs/simplicitystudio/v4/developer/toolchains/gnu_arm/4.9_2015q3/bin/../lib/gcc/arm-none-eabi/4.9.3/../../../../arm-none-eabi/lib/armv7-m\libc_nano.a(lib_a-findfp.o)
                0x0000d2b8                __sf_fake_stdin
 .rodata.__sf_fake_stdout
                0x0000d2d8       0x20 c:/siliconlabs/simplicitystudio/v4/developer/toolchains/gnu_arm/4.9_2015q3/bin/../lib/gcc/arm-none-eabi/4.9.3/../../../../arm-none-eabi/lib/armv7-m\libc_nano.a(lib_a-findfp.o)
                0x0000d2d8                __sf_fake_stdout
 .rodata.__sf_fake_stderr
                0x0000d2f8       0x20 c:/siliconlabs/simplicitystudio/v4/developer/toolchains/gnu_arm/4.9_2015q3/bin/../lib/gcc/arm-none-eabi/4.9.3/../../../../arm-none-eabi/lib/armv7-m\libc_nano.a(lib_a-findfp.o)
                0x0000d2f8                __sf_fake_stderr
 .rodata.str1.1
                0x0000d318       0x11 c:/siliconlabs/simplicitystudio/v4/developer/toolchains/gnu_arm/4.9_2015q3/bin/../lib/gcc/arm-none-eabi/4.9.3/../../../../arm-none-eabi/lib/armv7-m\libc_nano.a(lib_a-nano-svfprintf.o)
 .rodata.str1.1
                0x0000d329       0x22 c:/siliconlabs/simplicitystudio/v4/developer/toolchains/gnu_arm/4.9_2015q3/bin/../lib/gcc/arm-none-eabi/4.9.3/../../../../arm-none-eabi/lib/armv7-m\libc_nano.a(lib_a-nano-vfprintf_i.o)
 *(.eh_frame*)
 *fill*         0x0000d34b        0x1 
 .eh_frame      0x0000d34c        0x0 c:/siliconlabs/simplicitystudio/v4/developer/toolchains/gnu_arm/4.9_2015q3/bin/../lib/gcc/arm-none-eabi/4.9.3/armv7-m/crtbegin.o
 .eh_frame      0x0000d34c       0x28 c:/siliconlabs/simplicitystudio/v4/developer/toolchains/gnu_arm/4.9_2015q3/bin/../lib/gcc/arm-none-eabi/4.9.3/../../../../arm-none-eabi/lib/armv7-m\libc_nano.a(lib_a-strcmp.o)
 .eh_frame      0x0000d374        0x4 c:/siliconlabs/simplicitystudio/v4/developer/toolchains/gnu_arm/4.9_2015q3/bin/../lib/gcc/arm-none-eabi/4.9.3/armv7-m/crtend.o

.glue_7         0x0000d378        0x0
 .glue_7        0x00000000        0x0 linker stubs

.glue_7t        0x0000d378        0x0
 .glue_7t       0x00000000        0x0 linker stubs

.vfp11_veneer   0x0000d378        0x0
 .vfp11_veneer  0x00000000        0x0 linker stubs

.v4_bx          0x0000d378        0x0
 .v4_bx         0x00000000        0x0 linker stubs

.iplt           0x0000d378        0x0
 .iplt          0x00000000        0x0 c:/siliconlabs/simplicitystudio/v4/developer/toolchains/gnu_arm/4.9_2015q3/bin/../lib/gcc/arm-none-eabi/4.9.3/armv7-m/crtbegin.o

.ARM.extab      0x0000d378       0xa0
 *(.ARM.extab* .gnu.linkonce.armextab.*)
 .ARM.extab.text._ZN6IStateD2Ev
                0x0000d378        0x0 ./Factory/Factory.o
 .ARM.extab.text._ZN6IStateD0Ev
                0x0000d378        0x0 ./Factory/Factory.o
 .ARM.extab.text._ZN9InitStateD2Ev
                0x0000d378        0x0 ./Factory/Factory.o
 .ARM.extab.text._ZN9InitStateD0Ev
                0x0000d378        0x0 ./Factory/Factory.o
 .ARM.extab.text._ZN8RunStateD2Ev
                0x0000d378        0x0 ./Factory/Factory.o
 .ARM.extab.text._ZN8RunStateD0Ev
                0x0000d378        0x0 ./Factory/Factory.o
 .ARM.extab.text._ZN6ITimerC2Ev
                0x0000d378        0x0 ./Factory/Factory.o
 .ARM.extab.text._ZN6ITimerD2Ev
                0x0000d378        0x0 ./Factory/Factory.o
 .ARM.extab.text._ZN6ITimerD0Ev
                0x0000d378        0x0 ./Factory/Factory.o
 .ARM.extab.text._ZN12EFM32_Timer0C2Ev
                0x0000d378        0x0 ./Factory/Factory.o
 .ARM.extab.text._ZN12EFM32_Timer0D2Ev
                0x0000d378        0x0 ./Factory/Factory.o
 .ARM.extab.text._ZN12EFM32_Timer0D0Ev
                0x0000d378        0x0 ./Factory/Factory.o
 .ARM.extab.text._ZN7FactoryC2Ev
                0x0000d378       0x1c ./Factory/Factory.o
 .ARM.extab.text._ZN7Factory18createStateManagerEv
                0x0000d394        0xc ./Factory/Factory.o
 .ARM.extab.text._ZN6IStateaSERKS_
                0x0000d3a0        0x0 ./Factory/Factory.o
 .ARM.extab.text._ZN9InitStateaSERKS_
                0x0000d3a0        0x0 ./Factory/Factory.o
 .ARM.extab.text._ZN8RunStateaSERKS_
                0x0000d3a0        0x0 ./Factory/Factory.o
 .ARM.extab.text._ZN7Factory12createStatesEv
                0x0000d3a0        0xc ./Factory/Factory.o
 .ARM.extab.text._ZN6IStateC2Ev
                0x0000d3ac        0x0 ./Source/Application/InitState.o
 .ARM.extab.text._ZN12StateManagerC2EP6IState
                0x0000d3ac        0xc ./Source/Application/StateManager.o
 .ARM.extab.text._ZN12StateManager7executeEv
                0x0000d3b8        0xc ./Source/Application/StateManager.o
 .ARM.extab.text._ZN12StateManager12getNextStateEv
                0x0000d3c4        0xc ./Source/Application/StateManager.o
 .ARM.extab.text.CHIP_Init
                0x0000d3d0        0xc ./Source/Application/main.o
 .ARM.extab.text._ZN5IGPIOD2Ev
                0x0000d3dc        0x0 ./Source/Application/main.o
 .ARM.extab.text._ZN5IGPIOD0Ev
                0x0000d3dc        0x0 ./Source/Application/main.o
 .ARM.extab.text._ZN10EFM32_GPIOD2Ev
                0x0000d3dc        0x0 ./Source/Application/main.o
 .ARM.extab.text._ZN10EFM32_GPIOD0Ev
                0x0000d3dc        0x0 ./Source/Application/main.o
 .ARM.extab.text._ZN7FactoryD2Ev
                0x0000d3dc        0x0 ./Source/Application/main.o
 .ARM.extab.text.main
                0x0000d3dc       0x24 ./Source/Application/main.o
 .ARM.extab.text._ZN5IGPIOC2Ev
                0x0000d400        0x0 ./Source/EFM32/EFM32_GPIO.o
 .ARM.extab     0x0000d400       0x18 c:/siliconlabs/simplicitystudio/v4/developer/toolchains/gnu_arm/4.9_2015q3/bin/../lib/gcc/arm-none-eabi/4.9.3/armv7-m\libgcc.a(pr-support.o)
                0x0000d418                __exidx_start = .

.ARM.exidx      0x0000d418      0x128
 *(.ARM.exidx* .gnu.linkonce.armexidx.*)
 .ARM.exidx     0x0000d418        0x8 c:/siliconlabs/simplicitystudio/v4/developer/toolchains/gnu_arm/4.9_2015q3/bin/../lib/gcc/arm-none-eabi/4.9.3/../../../../arm-none-eabi/lib/armv7-m/crt0.o
 .ARM.exidx.text._ZN6IStateD2Ev
                0x0000d420        0x0 ./Factory/Factory.o
                                  0x8 (size before relaxing)
 .ARM.exidx.text._ZN6IStateD0Ev
                0x0000d420        0x0 ./Factory/Factory.o
                                  0x8 (size before relaxing)
 .ARM.exidx.text._ZN9InitStateD2Ev
                0x0000d420        0x0 ./Factory/Factory.o
                                  0x8 (size before relaxing)
 .ARM.exidx.text._ZN9InitStateD0Ev
                0x0000d420        0x0 ./Factory/Factory.o
                                  0x8 (size before relaxing)
 .ARM.exidx.text._ZN8RunStateD2Ev
                0x0000d420        0x0 ./Factory/Factory.o
                                  0x8 (size before relaxing)
 .ARM.exidx.text._ZN8RunStateD0Ev
                0x0000d420        0x0 ./Factory/Factory.o
                                  0x8 (size before relaxing)
 .ARM.exidx.text._ZN6ITimerC2Ev
                0x0000d420        0x0 ./Factory/Factory.o
                                  0x8 (size before relaxing)
 .ARM.exidx.text._ZN6ITimerD2Ev
                0x0000d420        0x0 ./Factory/Factory.o
                                  0x8 (size before relaxing)
 .ARM.exidx.text._ZN6ITimerD0Ev
                0x0000d420        0x0 ./Factory/Factory.o
                                  0x8 (size before relaxing)
 .ARM.exidx.text._ZN12EFM32_Timer0C2Ev
                0x0000d420        0x0 ./Factory/Factory.o
                                  0x8 (size before relaxing)
 .ARM.exidx.text._ZN12EFM32_Timer0D2Ev
                0x0000d420        0x0 ./Factory/Factory.o
                                  0x8 (size before relaxing)
 .ARM.exidx.text._ZN12EFM32_Timer0D0Ev
                0x0000d420        0x0 ./Factory/Factory.o
                                  0x8 (size before relaxing)
 .ARM.exidx.text._ZN7FactoryC2Ev
                0x0000d420        0x8 ./Factory/Factory.o
 .ARM.exidx.text._ZN7Factory18createStateManagerEv
                0x0000d428        0x8 ./Factory/Factory.o
 .ARM.exidx.text._ZN6IStateaSERKS_
                0x0000d430        0x8 ./Factory/Factory.o
 .ARM.exidx.text._ZN9InitStateaSERKS_
                0x0000d438        0x0 ./Factory/Factory.o
                                  0x8 (size before relaxing)
 .ARM.exidx.text._ZN8RunStateaSERKS_
                0x0000d438        0x0 ./Factory/Factory.o
                                  0x8 (size before relaxing)
 .ARM.exidx.text._ZN7Factory12createStatesEv
                0x0000d438        0x8 ./Factory/Factory.o
 .ARM.exidx.text._ZN6IStateC2Ev
                0x0000d440        0x8 ./Source/Application/InitState.o
 .ARM.exidx.text._ZN9InitStateC2Ev
                0x0000d448        0x0 ./Source/Application/InitState.o
                                  0x8 (size before relaxing)
 .ARM.exidx.text._ZN9InitState10getStateIdEv
                0x0000d448        0x0 ./Source/Application/InitState.o
                                  0x8 (size before relaxing)
 .ARM.exidx.text._ZN9InitState7onEntryEv
                0x0000d448        0x0 ./Source/Application/InitState.o
                                  0x8 (size before relaxing)
 .ARM.exidx.text._ZN9InitState7executeEv
                0x0000d448        0x0 ./Source/Application/InitState.o
                                  0x8 (size before relaxing)
 .ARM.exidx.text._ZN9InitState6onExitEv
                0x0000d448        0x0 ./Source/Application/InitState.o
                                  0x8 (size before relaxing)
 .ARM.exidx.text._ZN8RunStateC2Ev
                0x0000d448        0x0 ./Source/Application/RunState.o
                                  0x8 (size before relaxing)
 .ARM.exidx.text._ZN8RunState10getStateIdEv
                0x0000d448        0x0 ./Source/Application/RunState.o
                                  0x8 (size before relaxing)
 .ARM.exidx.text._ZN8RunState7onEntryEv
                0x0000d448        0x0 ./Source/Application/RunState.o
                                  0x8 (size before relaxing)
 .ARM.exidx.text._ZN8RunState7executeEv
                0x0000d448        0x0 ./Source/Application/RunState.o
                                  0x8 (size before relaxing)
 .ARM.exidx.text._ZN8RunState6onExitEv
                0x0000d448        0x0 ./Source/Application/RunState.o
                                  0x8 (size before relaxing)
 .ARM.exidx.text._ZN12StateManagerC2Ev
                0x0000d448        0x0 ./Source/Application/StateManager.o
                                  0x8 (size before relaxing)
 .ARM.exidx.text._ZN12StateManagerC2EP6IState
                0x0000d448        0x8 ./Source/Application/StateManager.o
 .ARM.exidx.text._ZN12StateManager7executeEv
                0x0000d450        0x8 ./Source/Application/StateManager.o
 .ARM.exidx.text._ZN12StateManager8addStateEP6IState
                0x0000d458        0x8 ./Source/Application/StateManager.o
 .ARM.exidx.text._ZN12StateManager12getNextStateEv
                0x0000d460        0x8 ./Source/Application/StateManager.o
 .ARM.exidx.text.SYSTEM_GetProdRev
                0x0000d468        0x8 ./Source/Application/main.o
 .ARM.exidx.text.CHIP_Init
                0x0000d470        0x8 ./Source/Application/main.o
 .ARM.exidx.text._ZN5IGPIOD2Ev
                0x0000d478        0x8 ./Source/Application/main.o
 .ARM.exidx.text._ZN5IGPIOD0Ev
                0x0000d480        0x0 ./Source/Application/main.o
                                  0x8 (size before relaxing)
 .ARM.exidx.text._ZN10EFM32_GPIOD2Ev
                0x0000d480        0x0 ./Source/Application/main.o
                                  0x8 (size before relaxing)
 .ARM.exidx.text._ZN10EFM32_GPIOD0Ev
                0x0000d480        0x0 ./Source/Application/main.o
                                  0x8 (size before relaxing)
 .ARM.exidx.text._ZN7FactoryD2Ev
                0x0000d480        0x0 ./Source/Application/main.o
                                  0x8 (size before relaxing)
 .ARM.exidx.text.main
                0x0000d480        0x8 ./Source/Application/main.o
 .ARM.exidx.text._ZN5IGPIOC2Ev
                0x0000d488        0x8 ./Source/EFM32/EFM32_GPIO.o
 .ARM.exidx.text._ZN10EFM32_GPIOC2Ett
                0x0000d490        0x0 ./Source/EFM32/EFM32_GPIO.o
                                  0x8 (size before relaxing)
 .ARM.exidx.text._ZN10EFM32_GPIO7turnOFFEv
                0x0000d490        0x0 ./Source/EFM32/EFM32_GPIO.o
                                  0x8 (size before relaxing)
 .ARM.exidx.text._ZN10EFM32_GPIO6turnONEv
                0x0000d490        0x0 ./Source/EFM32/EFM32_GPIO.o
                                  0x8 (size before relaxing)
 .ARM.exidx.text._ZN10EFM32_GPIO6toggleEv
                0x0000d490        0x0 ./Source/EFM32/EFM32_GPIO.o
                                  0x8 (size before relaxing)
 .ARM.exidx.text._ZN12EFM32_Timer028getReferenceTime_microsecondEv
                0x0000d490        0x0 ./Source/EFM32/EFM32_Timer0.o
                                  0x8 (size before relaxing)
 .ARM.exidx.text._ZN12EFM32_Timer026getElapsedTime_microsecondEv
                0x0000d490        0x0 ./Source/EFM32/EFM32_Timer0.o
                                  0x8 (size before relaxing)
 .ARM.exidx.text._ZN9ConstantsC2Ev
                0x0000d490        0x0 ./Source/Peripherals/Constants.o
                                  0x8 (size before relaxing)
 .ARM.exidx.text._ZN9ConstantsD2Ev
                0x0000d490        0x0 ./Source/Peripherals/Constants.o
                                  0x8 (size before relaxing)
 .ARM.exidx     0x0000d490       0x78 c:/siliconlabs/simplicitystudio/v4/developer/toolchains/gnu_arm/4.9_2015q3/bin/../lib/gcc/arm-none-eabi/4.9.3/armv7-m\libgcc.a(unwind-arm.o)
                                 0xd8 (size before relaxing)
 .ARM.exidx     0x0000d508       0x38 c:/siliconlabs/simplicitystudio/v4/developer/toolchains/gnu_arm/4.9_2015q3/bin/../lib/gcc/arm-none-eabi/4.9.3/armv7-m\libgcc.a(pr-support.o)
                                 0x48 (size before relaxing)
                0x0000d540                __exidx_end = .
                0x0000d540                __etext = .

.rel.dyn        0x0000d540        0x0
 .rel.iplt      0x00000000        0x0 c:/siliconlabs/simplicitystudio/v4/developer/toolchains/gnu_arm/4.9_2015q3/bin/../lib/gcc/arm-none-eabi/4.9.3/armv7-m/crtbegin.o

.data           0x20000000       0x78 load address 0x0000d540
                0x20000000                __data_start__ = .
 *(vtable)
 *(.data*)
 .data._ZN10__cxxabiv119__terminate_handlerE
                0x20000000        0x4 c:/siliconlabs/simplicitystudio/v4/developer/toolchains/gnu_arm/4.9_2015q3/bin/../lib/gcc/arm-none-eabi/4.9.3/../../../../arm-none-eabi/lib/armv7-m\libstdc++_nano.a(eh_term_handler.o)
                0x20000000                __cxxabiv1::__terminate_handler
 .data._ZN10__cxxabiv120__unexpected_handlerE
                0x20000004        0x4 c:/siliconlabs/simplicitystudio/v4/developer/toolchains/gnu_arm/4.9_2015q3/bin/../lib/gcc/arm-none-eabi/4.9.3/../../../../arm-none-eabi/lib/armv7-m\libstdc++_nano.a(eh_unex_handler.o)
                0x20000004                __cxxabiv1::__unexpected_handler
 .data.impure_data
                0x20000008       0x60 c:/siliconlabs/simplicitystudio/v4/developer/toolchains/gnu_arm/4.9_2015q3/bin/../lib/gcc/arm-none-eabi/4.9.3/../../../../arm-none-eabi/lib/armv7-m\libc_nano.a(lib_a-impure.o)
 .data._impure_ptr
                0x20000068        0x4 c:/siliconlabs/simplicitystudio/v4/developer/toolchains/gnu_arm/4.9_2015q3/bin/../lib/gcc/arm-none-eabi/4.9.3/../../../../arm-none-eabi/lib/armv7-m\libc_nano.a(lib_a-impure.o)
                0x20000068                _impure_ptr
                0x2000006c                . = ALIGN (0x4)
 *(.ram)
                0x2000006c                . = ALIGN (0x4)
                0x2000006c                PROVIDE (__preinit_array_start, .)
 *(.preinit_array)
                0x2000006c                PROVIDE (__preinit_array_end, .)
                0x2000006c                . = ALIGN (0x4)
                0x2000006c                PROVIDE (__init_array_start, .)
 *(SORT(.init_array.*))
 *(.init_array)
 .init_array    0x2000006c        0x4 c:/siliconlabs/simplicitystudio/v4/developer/toolchains/gnu_arm/4.9_2015q3/bin/../lib/gcc/arm-none-eabi/4.9.3/armv7-m/crtbegin.o
                0x20000070                PROVIDE (__init_array_end, .)
                0x20000070                . = ALIGN (0x4)
                0x20000070                PROVIDE (__fini_array_start, .)
 *(SORT(.fini_array.*))
 *(.fini_array)
 .fini_array    0x20000070        0x4 c:/siliconlabs/simplicitystudio/v4/developer/toolchains/gnu_arm/4.9_2015q3/bin/../lib/gcc/arm-none-eabi/4.9.3/armv7-m/crtbegin.o
                0x20000074                PROVIDE (__fini_array_end, .)
 *(.jcr*)
 .jcr           0x20000074        0x0 c:/siliconlabs/simplicitystudio/v4/developer/toolchains/gnu_arm/4.9_2015q3/bin/../lib/gcc/arm-none-eabi/4.9.3/armv7-m/crtbegin.o
 .jcr           0x20000074        0x4 c:/siliconlabs/simplicitystudio/v4/developer/toolchains/gnu_arm/4.9_2015q3/bin/../lib/gcc/arm-none-eabi/4.9.3/armv7-m/crtend.o
                0x20000078                . = ALIGN (0x4)
                0x20000078                __data_end__ = .

.igot.plt       0x20000078        0x0 load address 0x0000d5b8
 .igot.plt      0x00000000        0x0 c:/siliconlabs/simplicitystudio/v4/developer/toolchains/gnu_arm/4.9_2015q3/bin/../lib/gcc/arm-none-eabi/4.9.3/armv7-m/crtbegin.o

.bss            0x20000078       0x3c load address 0x0000d5b8
                0x20000078                . = ALIGN (0x4)
                0x20000078                __bss_start__ = .
 *(.bss*)
 .bss           0x20000078       0x1c c:/siliconlabs/simplicitystudio/v4/developer/toolchains/gnu_arm/4.9_2015q3/bin/../lib/gcc/arm-none-eabi/4.9.3/armv7-m/crtbegin.o
 .bss._ZL10eh_globals
                0x20000094        0xc c:/siliconlabs/simplicitystudio/v4/developer/toolchains/gnu_arm/4.9_2015q3/bin/../lib/gcc/arm-none-eabi/4.9.3/../../../../arm-none-eabi/lib/armv7-m\libstdc++_nano.a(eh_globals.o)
 .bss._ZZN9__gnu_cxx27__verbose_terminate_handlerEvE11terminating
                0x200000a0        0x1 c:/siliconlabs/simplicitystudio/v4/developer/toolchains/gnu_arm/4.9_2015q3/bin/../lib/gcc/arm-none-eabi/4.9.3/../../../../arm-none-eabi/lib/armv7-m\libstdc++_nano.a(vterminate.o)
 *fill*         0x200000a1        0x3 
 .bss.__malloc_sbrk_start
                0x200000a4        0x4 c:/siliconlabs/simplicitystudio/v4/developer/toolchains/gnu_arm/4.9_2015q3/bin/../lib/gcc/arm-none-eabi/4.9.3/../../../../arm-none-eabi/lib/armv7-m\libc_nano.a(lib_a-nano-mallocr.o)
                0x200000a4                __malloc_sbrk_start
 .bss.__malloc_free_list
                0x200000a8        0x4 c:/siliconlabs/simplicitystudio/v4/developer/toolchains/gnu_arm/4.9_2015q3/bin/../lib/gcc/arm-none-eabi/4.9.3/../../../../arm-none-eabi/lib/armv7-m\libc_nano.a(lib_a-nano-mallocr.o)
                0x200000a8                __malloc_free_list
 .bss.heap_end.4079
                0x200000ac        0x4 c:/siliconlabs/simplicitystudio/v4/developer/toolchains/gnu_arm/4.9_2015q3/bin/../lib/gcc/arm-none-eabi/4.9.3/../../../../arm-none-eabi/lib/armv7-m\libnosys.a(sbrk.o)
 *(COMMON)
 COMMON         0x200000b0        0x4 c:/siliconlabs/simplicitystudio/v4/developer/toolchains/gnu_arm/4.9_2015q3/bin/../lib/gcc/arm-none-eabi/4.9.3/../../../../arm-none-eabi/lib/armv7-m\libc_nano.a(lib_a-reent.o)
                0x200000b0                errno
                0x200000b4                . = ALIGN (0x4)
                0x200000b4                __bss_end__ = .

.heap           0x200000b8      0xc00
                0x200000b8                __HeapBase = .
                0x200000b8                __end__ = .
                0x200000b8                end = __end__
                0x200000b8                _end = __end__
 *(.heap*)
 .heap          0x200000b8      0xc00 ./CMSIS/EFM32GG/startup_efm32gg.o
                0x20000cb8                __HeapLimit = .

.stack_dummy    0x200000b8      0x400
 *(.stack*)
 .stack         0x200000b8      0x400 ./CMSIS/EFM32GG/startup_efm32gg.o
                0x20020000                __StackTop = (ORIGIN (RAM) + 0x20000)
                0x2001fc00                __StackLimit = (__StackTop - SIZEOF (.stack_dummy))
                0x20020000                PROVIDE (__stack, __StackTop)
                0x00000001                ASSERT ((__StackLimit >= __HeapLimit), region RAM overflowed with stack)
                0x00000001                ASSERT ((0x100000 >= (__etext + SIZEOF (.data))), FLASH memory overflowed !)
OUTPUT(QMSat_Embeded.axf elf32-littlearm)

.ARM.attributes
                0x00000000       0x29
 .ARM.attributes
                0x00000000       0x1d c:/siliconlabs/simplicitystudio/v4/developer/toolchains/gnu_arm/4.9_2015q3/bin/../lib/gcc/arm-none-eabi/4.9.3/armv7-m/crti.o
 .ARM.attributes
                0x0000001d       0x2d c:/siliconlabs/simplicitystudio/v4/developer/toolchains/gnu_arm/4.9_2015q3/bin/../lib/gcc/arm-none-eabi/4.9.3/armv7-m/crtbegin.o
 .ARM.attributes
                0x0000004a       0x1b c:/siliconlabs/simplicitystudio/v4/developer/toolchains/gnu_arm/4.9_2015q3/bin/../lib/gcc/arm-none-eabi/4.9.3/../../../../arm-none-eabi/lib/armv7-m/crt0.o
 .ARM.attributes
                0x00000065       0x1b ./CMSIS/EFM32GG/startup_efm32gg.o
 .ARM.attributes
                0x00000080       0x33 ./CMSIS/EFM32GG/system_efm32gg.o
 .ARM.attributes
                0x000000b3       0x33 ./Factory/Factory.o
 .ARM.attributes
                0x000000e6       0x33 ./Source/Application/InitState.o
 .ARM.attributes
                0x00000119       0x33 ./Source/Application/RunState.o
 .ARM.attributes
                0x0000014c       0x33 ./Source/Application/StateManager.o
 .ARM.attributes
                0x0000017f       0x33 ./Source/Application/main.o
 .ARM.attributes
                0x000001b2       0x33 ./Source/EFM32/EFM32_GPIO.o
 .ARM.attributes
                0x000001e5       0x33 ./Source/EFM32/EFM32_Timer0.o
 .ARM.attributes
                0x00000218       0x33 ./Source/Peripherals/Constants.o
 .ARM.attributes
                0x0000024b       0x33 ./emlib/em_system.o
 .ARM.attributes
                0x0000027e       0x2d c:/siliconlabs/simplicitystudio/v4/developer/toolchains/gnu_arm/4.9_2015q3/bin/../lib/gcc/arm-none-eabi/4.9.3/armv7-m\libgcc.a(unwind-arm.o)
 .ARM.attributes
                0x000002ab       0x1d c:/siliconlabs/simplicitystudio/v4/developer/toolchains/gnu_arm/4.9_2015q3/bin/../lib/gcc/arm-none-eabi/4.9.3/armv7-m\libgcc.a(libunwind.o)
 .ARM.attributes
                0x000002c8       0x2d c:/siliconlabs/simplicitystudio/v4/developer/toolchains/gnu_arm/4.9_2015q3/bin/../lib/gcc/arm-none-eabi/4.9.3/armv7-m\libgcc.a(pr-support.o)
 .ARM.attributes
                0x000002f5       0x2d c:/siliconlabs/simplicitystudio/v4/developer/toolchains/gnu_arm/4.9_2015q3/bin/../lib/gcc/arm-none-eabi/4.9.3/../../../../arm-none-eabi/lib/armv7-m\libstdc++_nano.a(del_op.o)
 .ARM.attributes
                0x00000322       0x2d c:/siliconlabs/simplicitystudio/v4/developer/toolchains/gnu_arm/4.9_2015q3/bin/../lib/gcc/arm-none-eabi/4.9.3/../../../../arm-none-eabi/lib/armv7-m\libstdc++_nano.a(si_class_type_info.o)
 .ARM.attributes
                0x0000034f       0x2d c:/siliconlabs/simplicitystudio/v4/developer/toolchains/gnu_arm/4.9_2015q3/bin/../lib/gcc/arm-none-eabi/4.9.3/../../../../arm-none-eabi/lib/armv7-m\libstdc++_nano.a(eh_terminate.o)
 .ARM.attributes
                0x0000037c       0x2d c:/siliconlabs/simplicitystudio/v4/developer/toolchains/gnu_arm/4.9_2015q3/bin/../lib/gcc/arm-none-eabi/4.9.3/../../../../arm-none-eabi/lib/armv7-m\libstdc++_nano.a(tinfo.o)
 .ARM.attributes
                0x000003a9       0x2d c:/siliconlabs/simplicitystudio/v4/developer/toolchains/gnu_arm/4.9_2015q3/bin/../lib/gcc/arm-none-eabi/4.9.3/../../../../arm-none-eabi/lib/armv7-m\libstdc++_nano.a(eh_arm.o)
 .ARM.attributes
                0x000003d6       0x2d c:/siliconlabs/simplicitystudio/v4/developer/toolchains/gnu_arm/4.9_2015q3/bin/../lib/gcc/arm-none-eabi/4.9.3/../../../../arm-none-eabi/lib/armv7-m\libstdc++_nano.a(class_type_info.o)
 .ARM.attributes
                0x00000403       0x2d c:/siliconlabs/simplicitystudio/v4/developer/toolchains/gnu_arm/4.9_2015q3/bin/../lib/gcc/arm-none-eabi/4.9.3/../../../../arm-none-eabi/lib/armv7-m\libstdc++_nano.a(pure.o)
 .ARM.attributes
                0x00000430       0x2d c:/siliconlabs/simplicitystudio/v4/developer/toolchains/gnu_arm/4.9_2015q3/bin/../lib/gcc/arm-none-eabi/4.9.3/../../../../arm-none-eabi/lib/armv7-m\libstdc++_nano.a(eh_call.o)
 .ARM.attributes
                0x0000045d       0x2d c:/siliconlabs/simplicitystudio/v4/developer/toolchains/gnu_arm/4.9_2015q3/bin/../lib/gcc/arm-none-eabi/4.9.3/../../../../arm-none-eabi/lib/armv7-m\libstdc++_nano.a(eh_catch.o)
 .ARM.attributes
                0x0000048a       0x2d c:/siliconlabs/simplicitystudio/v4/developer/toolchains/gnu_arm/4.9_2015q3/bin/../lib/gcc/arm-none-eabi/4.9.3/../../../../arm-none-eabi/lib/armv7-m\libstdc++_nano.a(eh_term_handler.o)
 .ARM.attributes
                0x000004b7       0x2d c:/siliconlabs/simplicitystudio/v4/developer/toolchains/gnu_arm/4.9_2015q3/bin/../lib/gcc/arm-none-eabi/4.9.3/../../../../arm-none-eabi/lib/armv7-m\libstdc++_nano.a(eh_unex_handler.o)
 .ARM.attributes
                0x000004e4       0x2d c:/siliconlabs/simplicitystudio/v4/developer/toolchains/gnu_arm/4.9_2015q3/bin/../lib/gcc/arm-none-eabi/4.9.3/../../../../arm-none-eabi/lib/armv7-m\libstdc++_nano.a(eh_globals.o)
 .ARM.attributes
                0x00000511       0x2d c:/siliconlabs/simplicitystudio/v4/developer/toolchains/gnu_arm/4.9_2015q3/bin/../lib/gcc/arm-none-eabi/4.9.3/../../../../arm-none-eabi/lib/armv7-m\libstdc++_nano.a(eh_exception.o)
 .ARM.attributes
                0x0000053e       0x2d c:/siliconlabs/simplicitystudio/v4/developer/toolchains/gnu_arm/4.9_2015q3/bin/../lib/gcc/arm-none-eabi/4.9.3/../../../../arm-none-eabi/lib/armv7-m\libstdc++_nano.a(vterminate.o)
 .ARM.attributes
                0x0000056b       0x2d c:/siliconlabs/simplicitystudio/v4/developer/toolchains/gnu_arm/4.9_2015q3/bin/../lib/gcc/arm-none-eabi/4.9.3/../../../../arm-none-eabi/lib/armv7-m\libstdc++_nano.a(cp-demangle.o)
 .ARM.attributes
                0x00000598       0x2d c:/siliconlabs/simplicitystudio/v4/developer/toolchains/gnu_arm/4.9_2015q3/bin/../lib/gcc/arm-none-eabi/4.9.3/../../../../arm-none-eabi/lib/armv7-m\libstdc++_nano.a(eh_type.o)
 .ARM.attributes
                0x000005c5       0x2d c:/siliconlabs/simplicitystudio/v4/developer/toolchains/gnu_arm/4.9_2015q3/bin/../lib/gcc/arm-none-eabi/4.9.3/../../../../arm-none-eabi/lib/armv7-m\libc_nano.a(lib_a-abort.o)
 .ARM.attributes
                0x000005f2       0x2d c:/siliconlabs/simplicitystudio/v4/developer/toolchains/gnu_arm/4.9_2015q3/bin/../lib/gcc/arm-none-eabi/4.9.3/../../../../arm-none-eabi/lib/armv7-m\libc_nano.a(lib_a-exit.o)
 .ARM.attributes
                0x0000061f       0x2d c:/siliconlabs/simplicitystudio/v4/developer/toolchains/gnu_arm/4.9_2015q3/bin/../lib/gcc/arm-none-eabi/4.9.3/../../../../arm-none-eabi/lib/armv7-m\libc_nano.a(lib_a-fputs.o)
 .ARM.attributes
                0x0000064c       0x2d c:/siliconlabs/simplicitystudio/v4/developer/toolchains/gnu_arm/4.9_2015q3/bin/../lib/gcc/arm-none-eabi/4.9.3/../../../../arm-none-eabi/lib/armv7-m\libc_nano.a(lib_a-impure.o)
 .ARM.attributes
                0x00000679       0x2d c:/siliconlabs/simplicitystudio/v4/developer/toolchains/gnu_arm/4.9_2015q3/bin/../lib/gcc/arm-none-eabi/4.9.3/../../../../arm-none-eabi/lib/armv7-m\libc_nano.a(lib_a-init.o)
 .ARM.attributes
                0x000006a6       0x2d c:/siliconlabs/simplicitystudio/v4/developer/toolchains/gnu_arm/4.9_2015q3/bin/../lib/gcc/arm-none-eabi/4.9.3/../../../../arm-none-eabi/lib/armv7-m\libc_nano.a(lib_a-malloc.o)
 .ARM.attributes
                0x000006d3       0x2d c:/siliconlabs/simplicitystudio/v4/developer/toolchains/gnu_arm/4.9_2015q3/bin/../lib/gcc/arm-none-eabi/4.9.3/../../../../arm-none-eabi/lib/armv7-m\libc_nano.a(lib_a-memcmp.o)
 .ARM.attributes
                0x00000700       0x2d c:/siliconlabs/simplicitystudio/v4/developer/toolchains/gnu_arm/4.9_2015q3/bin/../lib/gcc/arm-none-eabi/4.9.3/../../../../arm-none-eabi/lib/armv7-m\libc_nano.a(lib_a-memcpy.o)
 .ARM.attributes
                0x0000072d       0x2d c:/siliconlabs/simplicitystudio/v4/developer/toolchains/gnu_arm/4.9_2015q3/bin/../lib/gcc/arm-none-eabi/4.9.3/../../../../arm-none-eabi/lib/armv7-m\libc_nano.a(lib_a-memset.o)
 .ARM.attributes
                0x0000075a       0x2d c:/siliconlabs/simplicitystudio/v4/developer/toolchains/gnu_arm/4.9_2015q3/bin/../lib/gcc/arm-none-eabi/4.9.3/../../../../arm-none-eabi/lib/armv7-m\libc_nano.a(lib_a-nano-freer.o)
 .ARM.attributes
                0x00000787       0x2d c:/siliconlabs/simplicitystudio/v4/developer/toolchains/gnu_arm/4.9_2015q3/bin/../lib/gcc/arm-none-eabi/4.9.3/../../../../arm-none-eabi/lib/armv7-m\libc_nano.a(lib_a-nano-mallocr.o)
 .ARM.attributes
                0x000007b4       0x2d c:/siliconlabs/simplicitystudio/v4/developer/toolchains/gnu_arm/4.9_2015q3/bin/../lib/gcc/arm-none-eabi/4.9.3/../../../../arm-none-eabi/lib/armv7-m\libc_nano.a(lib_a-realloc.o)
 .ARM.attributes
                0x000007e1       0x2d c:/siliconlabs/simplicitystudio/v4/developer/toolchains/gnu_arm/4.9_2015q3/bin/../lib/gcc/arm-none-eabi/4.9.3/../../../../arm-none-eabi/lib/armv7-m\libc_nano.a(lib_a-sbrkr.o)
 .ARM.attributes
                0x0000080e       0x2d c:/siliconlabs/simplicitystudio/v4/developer/toolchains/gnu_arm/4.9_2015q3/bin/../lib/gcc/arm-none-eabi/4.9.3/../../../../arm-none-eabi/lib/armv7-m\libc_nano.a(lib_a-signal.o)
 .ARM.attributes
                0x0000083b       0x2d c:/siliconlabs/simplicitystudio/v4/developer/toolchains/gnu_arm/4.9_2015q3/bin/../lib/gcc/arm-none-eabi/4.9.3/../../../../arm-none-eabi/lib/armv7-m\libc_nano.a(lib_a-signalr.o)
 .ARM.attributes
                0x00000868       0x2d c:/siliconlabs/simplicitystudio/v4/developer/toolchains/gnu_arm/4.9_2015q3/bin/../lib/gcc/arm-none-eabi/4.9.3/../../../../arm-none-eabi/lib/armv7-m\libc_nano.a(lib_a-sprintf.o)
 .ARM.attributes
                0x00000895       0x1b c:/siliconlabs/simplicitystudio/v4/developer/toolchains/gnu_arm/4.9_2015q3/bin/../lib/gcc/arm-none-eabi/4.9.3/../../../../arm-none-eabi/lib/armv7-m\libc_nano.a(lib_a-strcmp.o)
 .ARM.attributes
                0x000008b0       0x2d c:/siliconlabs/simplicitystudio/v4/developer/toolchains/gnu_arm/4.9_2015q3/bin/../lib/gcc/arm-none-eabi/4.9.3/../../../../arm-none-eabi/lib/armv7-m\libc_nano.a(lib_a-strlen.o)
 .ARM.attributes