******************************************************************************
                  MSP430 Linker PC v18.1.3                     
******************************************************************************
>> Linked Wed Dec 12 13:17:42 2018

OUTPUT FILE NAME:   <QMSat_Alim.out>
ENTRY POINT SYMBOL: "_c_int00_noargs"  address: 000083c8


MEMORY CONFIGURATION

         name            origin    length      used     unused   attr    fill
----------------------  --------  ---------  --------  --------  ----  --------
  SFR                   00000000   00000010  00000000  00000010  RWIX
  PERIPHERALS_8BIT      00000010   000000f0  00000000  000000f0  RWIX
  PERIPHERALS_16BIT     00000100   00000100  00000000  00000100  RWIX
  RAM                   00000200   00000400  00000092  0000036e  RWIX
  INFOD                 00001000   00000040  00000000  00000040  RWIX
  INFOC                 00001040   00000040  00000000  00000040  RWIX
  INFOB                 00001080   00000040  00000000  00000040  RWIX
  INFOA                 000010c0   00000040  00000000  00000040  RWIX
  FLASH                 00008000   00007fde  00000522  00007abc  RWIX
  BSLSIGNATURE          0000ffde   00000002  00000002  00000000  RWIX  ffff 
  INT00                 0000ffe0   00000002  00000000  00000002  RWIX
  INT01                 0000ffe2   00000002  00000000  00000002  RWIX
  INT02                 0000ffe4   00000002  00000002  00000000  RWIX
  INT03                 0000ffe6   00000002  00000002  00000000  RWIX
  INT04                 0000ffe8   00000002  00000000  00000002  RWIX
  INT05                 0000ffea   00000002  00000002  00000000  RWIX
  INT06                 0000ffec   00000002  00000002  00000000  RWIX
  INT07                 0000ffee   00000002  00000002  00000000  RWIX
  INT08                 0000fff0   00000002  00000002  00000000  RWIX
  INT09                 0000fff2   00000002  00000002  00000000  RWIX
  INT10                 0000fff4   00000002  00000002  00000000  RWIX
  INT11                 0000fff6   00000002  00000000  00000002  RWIX
  INT12                 0000fff8   00000002  00000002  00000000  RWIX
  INT13                 0000fffa   00000002  00000002  00000000  RWIX
  INT14                 0000fffc   00000002  00000002  00000000  RWIX
  RESET                 0000fffe   00000002  00000002  00000000  RWIX


SECTION ALLOCATION MAP

 output                                  attributes/
section   page    origin      length       input sections
--------  ----  ----------  ----------   ----------------
.bss       0    00000200    00000040     UNINITIALIZED
                  00000200    00000032     (.common:RxBuffer)
                  00000232    00000004     (.common:value)
                  00000236    00000004     (.common:voltage_mV)
                  0000023a    00000002     (.common:RxBufferIndex)
                  0000023c    00000002     (.common:elapsedTime_millisecond)
                  0000023e    00000002     (.common:switchState)

.data      0    00000240    00000002     UNINITIALIZED
                  00000240    00000002     MSP430_UART.obj (.data)

.stack     0    000005b0    00000050     UNINITIALIZED
                  000005b0    00000002     rts430_eabi.lib : boot.c.obj (.stack)
                  000005b2    0000004e     --HOLE--

.text      0    00008000    00000502     
                  00008000    000000ba     main.obj (.text:main)
                  000080ba    0000007c     rts430_eabi.lib : copy_decompress_lzss.c.obj (.text:decompress:lzss:__TI_decompress_lzss)
                  00008136    0000005a     MSP430_GPIO.obj (.text:setSwitchState)
                  00008190    00000058     MSP430_UART.obj (.text:USCI0RX_ISR)
                  000081e8    00000058     rts430_eabi.lib : div32u.asm.obj (.text)
                  00008240    00000050     MSP430_UART.obj (.text:initMSP430_UART)
                  00008290    0000004c     rts430_eabi.lib : lsr16.asm.obj (.text)
                  000082dc    00000042                     : autoinit.c.obj (.text:__TI_auto_init_nobinit_nopinit:__TI_auto_init_nobinit_nopinit)
                  0000831e    0000002c                     : lsl16.asm.obj (.text)
                  0000834a    00000026                     : mult32.asm.obj (.text)
                  00008370    0000001e     MSP430_ADC.obj (.text:sendBatterieVoltage)
                  0000838e    0000001e     MSP430_GPIO.obj (.text:sendSwitchState)
                  000083ac    0000001c     MSP430_ADC.obj (.text:ConfigureAdc)
                  000083c8    0000001c     rts430_eabi.lib : boot.c.obj (.text:_c_int00_noargs)
                  000083e4    0000001a     MSP430_GPIO.obj (.text:ConfigureSwitchGpioInit)
                  000083fe    00000018     main.obj (.text:ConfigureTimerA)
                  00008416    00000014     rts430_eabi.lib : copy_zero_init.c.obj (.text:decompress:ZI:__TI_zero_init_nomemset:__TI_zero_init_nomemset)
                  0000842a    00000012     main.obj (.text:ADC10_ISR)
                  0000843c    00000012     rts430_eabi.lib : copy_decompress_none.c.obj (.text:decompress:none:__TI_decompress_none)
                  0000844e    00000012     MSP430_GPIO.obj (.text:getSwitchState)
                  00008460    00000012     rts430_eabi.lib : memcpy.c.obj (.text:memcpy)
                  00008472    00000012     MSP430_UART.obj (.text:uart_puts)
                  00008484    00000010     rts430_eabi.lib : epilog.asm.obj (.text)
                  00008494    0000000c     main.obj (.text:Timer_A)
                  000084a0    0000000c     MSP430_UART.obj (.text:uart_getc)
                  000084ac    0000000c     MSP430_UART.obj (.text:uart_putc)
                  000084b8    00000008     rts430_eabi.lib : isr_trap.asm.obj (.text:_isr:__TI_ISR_TRAP)
                  000084c0    00000008     MSP430_GPIO.obj (.text:disableAttitudeSubsystem)
                  000084c8    00000008     MSP430_GPIO.obj (.text:enableAttitudeSubsystem)
                  000084d0    00000006     rts430_eabi.lib : exit.c.obj (.text:abort)
                  000084d6    00000006     MSP430_GPIO.obj (.text:disableOBCSubsystem)
                  000084dc    00000006     MSP430_GPIO.obj (.text:disablePayloadSubsystem)
                  000084e2    00000006     MSP430_GPIO.obj (.text:disableTelecommunicationSubsystem)
                  000084e8    00000006     MSP430_GPIO.obj (.text:enableOBCSubsystem)
                  000084ee    00000006     MSP430_GPIO.obj (.text:enablePayloadSubsystem)
                  000084f4    00000006     MSP430_GPIO.obj (.text:enableTelecommunicationSubsystem)
                  000084fa    00000004     rts430_eabi.lib : pre_init.c.obj (.text:_system_pre_init)
                  000084fe    00000002     MSP430_UART.obj (.text:USCI0TX_ISR)
                  00008500    00000002     rts430_eabi.lib : startup.c.obj (.text:_system_post_cinit)

.const     0    00008502    00000008     
                  00008502    00000004     MSP430_ADC.obj (.const:.string)
                  00008506    00000004     MSP430_GPIO.obj (.const:.string)

.cinit     0    0000850a    00000018     
                  0000850a    00000006     (.cinit..data.load) [load image]
                  00008510    00000006     (__TI_handler_table)
                  00008516    00000004     (.cinit..bss.load) [load image, compression = zero_init]
                  0000851a    00000008     (__TI_cinit_table)

.binit     0    00008000    00000000     

.init_array 
*          0    00008000    00000000     UNINITIALIZED

PORT1      0    0000ffe4    00000002     
                  0000ffe4    00000002     rts430_eabi.lib : int02.asm.obj (.int02)

PORT2      0    0000ffe6    00000002     
                  0000ffe6    00000002     rts430_eabi.lib : int03.asm.obj (.int03)

ADC10      0    0000ffea    00000002     
                  0000ffea    00000002     main.obj (.int05)

USCIAB0TX 
*          0    0000ffec    00000002     
                  0000ffec    00000002     MSP430_UART.obj (.int06)

USCIAB0RX 
*          0    0000ffee    00000002     
                  0000ffee    00000002     MSP430_UART.obj (.int07)

TIMERA1    0    0000fff0    00000002     
                  0000fff0    00000002     rts430_eabi.lib : int08.asm.obj (.int08)

TIMERA0    0    0000fff2    00000002     
                  0000fff2    00000002     main.obj (.int09)

WDT        0    0000fff4    00000002     
                  0000fff4    00000002     rts430_eabi.lib : int10.asm.obj (.int10)

TIMERB1    0    0000fff8    00000002     
                  0000fff8    00000002     rts430_eabi.lib : int12.asm.obj (.int12)

TIMERB0    0    0000fffa    00000002     
                  0000fffa    00000002     rts430_eabi.lib : int13.asm.obj (.int13)

NMI        0    0000fffc    00000002     
                  0000fffc    00000002     rts430_eabi.lib : int14.asm.obj (.int14)

.reset     0    0000fffe    00000002     
                  0000fffe    00000002     rts430_eabi.lib : boot.c.obj (.reset)

$fill000   0    0000ffde    00000002     
                  0000ffde    00000002     --HOLE-- [fill = ffff]

MODULE SUMMARY

       Module                       code   ro data   rw data
       ------                       ----   -------   -------
    .\Source\Application\
       main.obj                     240    4         12     
    +--+----------------------------+------+---------+---------+
       Total:                       240    4         12     
                                                            
    .\Source\MSP430\
       MSP430_UART.obj              212    4         54     
       MSP430_GPIO.obj              216    4         0      
       MSP430_ADC.obj               58     4         0      
    +--+----------------------------+------+---------+---------+
       Total:                       486    12        54     
                                                            
    C:\ti\ccsv8\tools\compiler\ti-cgt-msp430_18.1.3.LTS\lib\rts430_eabi.lib
       copy_decompress_lzss.c.obj   124    0         0      
       div32u.asm.obj               88     0         0      
       lsr16.asm.obj                76     0         0      
       autoinit.c.obj               66     0         0      
       lsl16.asm.obj                44     0         0      
       mult32.asm.obj               38     0         0      
       boot.c.obj                   28     2         0      
       copy_zero_init.c.obj         20     0         0      
       copy_decompress_none.c.obj   18     0         0      
       memcpy.c.obj                 18     0         0      
       epilog.asm.obj               16     0         0      
       isr_trap.asm.obj             8      0         0      
       exit.c.obj                   6      0         0      
       pre_init.c.obj               4      0         0      
       int02.asm.obj                0      2         0      
       int03.asm.obj                0      2         0      
       int08.asm.obj                0      2         0      
       int10.asm.obj                0      2         0      
       int12.asm.obj                0      2         0      
       int13.asm.obj                0      2         0      
       int14.asm.obj                0      2         0      
       startup.c.obj                2      0         0      
    +--+----------------------------+------+---------+---------+
       Total:                       556    16        0      
                                                            
       Stack:                       0      0         80     
       Linker Generated:            0      24        0      
    +--+----------------------------+------+---------+---------+
       Grand Total:                 1282   56        146    


LINKER GENERATED COPY TABLES

__TI_cinit_table @ 0000851a records: 2, size/record: 4, table size: 8
	.data: load addr=0000850a, load size=00000006 bytes, run addr=00000240, run size=00000002 bytes, compression=copy
	.bss: load addr=00008516, load size=00000004 bytes, run addr=00000200, run size=00000040 bytes, compression=zero_init


LINKER GENERATED HANDLER TABLE

__TI_handler_table @ 00008510 records: 3, size/record: 2, table size: 6
	index: 0, handler: __TI_zero_init
	index: 1, handler: __TI_decompress_lzss
	index: 2, handler: __TI_decompress_none


GLOBAL SYMBOLS: SORTED ALPHABETICALLY BY Name 

address   name                             
-------   ----                             
0000004a  ADC10AE0                         
0000004b  ADC10AE1                         
000001b0  ADC10CTL0                        
000001b2  ADC10CTL1                        
00000048  ADC10DTC0                        
00000049  ADC10DTC1                        
000001b4  ADC10MEM                         
000001bc  ADC10SA                          
0000842a  ADC10_ISR                        
00000057  BCSCTL1                          
00000058  BCSCTL2                          
00000053  BCSCTL3                          
000084d0  C$$EXIT                          
000010fb  CALBC1_12MHZ                     
000010f9  CALBC1_16MHZ                     
000010ff  CALBC1_1MHZ                      
000010fd  CALBC1_8MHZ                      
000010fa  CALDCO_12MHZ                     
000010f8  CALDCO_16MHZ                     
000010fe  CALDCO_1MHZ                      
000010fc  CALDCO_8MHZ                      
000083ac  ConfigureAdc                     
000083e4  ConfigureSwitchGpioInit          
000083fe  ConfigureTimerA                  
00000056  DCOCTL                           
00000128  FCTL1                            
0000012a  FCTL2                            
0000012c  FCTL3                            
00000000  IE1                              
00000001  IE2                              
00000002  IFG1                             
00000003  IFG2                             
00000240  IsReceiving                      
000000c0  OA0CTL0                          
000000c1  OA0CTL1                          
000000c2  OA1CTL0                          
000000c3  OA1CTL1                          
00000022  P1DIR                            
00000025  P1IE                             
00000024  P1IES                            
00000023  P1IFG                            
00000020  P1IN                             
00000021  P1OUT                            
00000027  P1REN                            
00000026  P1SEL                            
0000002a  P2DIR                            
0000002d  P2IE                             
0000002c  P2IES                            
0000002b  P2IFG                            
00000028  P2IN                             
00000029  P2OUT                            
0000002f  P2REN                            
0000002e  P2SEL                            
0000001a  P3DIR                            
00000018  P3IN                             
00000019  P3OUT                            
00000010  P3REN                            
0000001b  P3SEL                            
0000001e  P4DIR                            
0000001c  P4IN                             
0000001d  P4OUT                            
00000011  P4REN                            
0000001f  P4SEL                            
00000200  RxBuffer                         
0000023a  RxBufferIndex                    
00000172  TACCR0                           
00000174  TACCR1                           
00000176  TACCR2                           
00000162  TACCTL0                          
00000164  TACCTL1                          
00000166  TACCTL2                          
00000160  TACTL                            
0000012e  TAIV                             
00000170  TAR                              
00000192  TBCCR0                           
00000194  TBCCR1                           
00000196  TBCCR2                           
00000182  TBCCTL0                          
00000184  TBCCTL1                          
00000186  TBCCTL2                          
00000180  TBCTL                            
0000011e  TBIV                             
00000190  TBR                              
00008494  Timer_A                          
0000005d  UCA0ABCTL                        
00000062  UCA0BR0                          
00000063  UCA0BR1                          
00000060  UCA0CTL0                         
00000061  UCA0CTL1                         
0000005f  UCA0IRRCTL                       
0000005e  UCA0IRTCTL                       
00000064  UCA0MCTL                         
00000066  UCA0RXBUF                        
00000065  UCA0STAT                         
00000067  UCA0TXBUF                        
0000006a  UCB0BR0                          
0000006b  UCB0BR1                          
00000068  UCB0CTL0                         
00000069  UCB0CTL1                         
0000006c  UCB0I2CIE                        
00000118  UCB0I2COA                        
0000011a  UCB0I2CSA                        
0000006e  UCB0RXBUF                        
0000006d  UCB0STAT                         
0000006f  UCB0TXBUF                        
00008190  USCI0RX_ISR                      
000084fe  USCI0TX_ISR                      
00000120  WDTCTL                           
00000600  __STACK_END                      
00000050  __STACK_SIZE                     
0000851a  __TI_CINIT_Base                  
00008522  __TI_CINIT_Limit                 
00008510  __TI_Handler_Table_Base          
00008516  __TI_Handler_Table_Limit         
000084b8  __TI_ISR_TRAP                    
000082dc  __TI_auto_init_nobinit_nopinit   
000080ba  __TI_decompress_lzss             
0000843c  __TI_decompress_none             
0000ffe4  __TI_int02                       
0000ffe6  __TI_int03                       
0000ffea  __TI_int05                       
0000ffec  __TI_int06                       
0000ffee  __TI_int07                       
0000fff0  __TI_int08                       
0000fff2  __TI_int09                       
0000fff4  __TI_int10                       
0000fff8  __TI_int12                       
0000fffa  __TI_int13                       
0000fffc  __TI_int14                       
ffffffff  __TI_pprof_out_hndl              
ffffffff  __TI_prof_data_size              
ffffffff  __TI_prof_data_start             
00008416  __TI_zero_init_nomemset          
ffffffff  __c_args__                       
000081e8  __mspabi_divul                   
00008490  __mspabi_func_epilog_1           
0000848e  __mspabi_func_epilog_2           
0000848c  __mspabi_func_epilog_3           
0000848a  __mspabi_func_epilog_4           
00008488  __mspabi_func_epilog_5           
00008486  __mspabi_func_epilog_6           
00008484  __mspabi_func_epilog_7           
0000834a  __mspabi_mpyl                    
0000834a  __mspabi_mpyl_sw                 
000081e8  __mspabi_remul                   
0000831e  __mspabi_slli                    
00008346  __mspabi_slli_1                  
00008334  __mspabi_slli_10                 
00008332  __mspabi_slli_11                 
00008330  __mspabi_slli_12                 
0000832e  __mspabi_slli_13                 
0000832c  __mspabi_slli_14                 
0000832a  __mspabi_slli_15                 
00008344  __mspabi_slli_2                  
00008342  __mspabi_slli_3                  
00008340  __mspabi_slli_4                  
0000833e  __mspabi_slli_5                  
0000833c  __mspabi_slli_6                  
0000833a  __mspabi_slli_7                  
00008338  __mspabi_slli_8                  
00008336  __mspabi_slli_9                  
00008290  __mspabi_srli                    
000082d6  __mspabi_srli_1                  
000082b2  __mspabi_srli_10                 
000082ae  __mspabi_srli_11                 
000082aa  __mspabi_srli_12                 
000082a6  __mspabi_srli_13                 
000082a2  __mspabi_srli_14                 
0000829e  __mspabi_srli_15                 
000082d2  __mspabi_srli_2                  
000082ce  __mspabi_srli_3                  
000082ca  __mspabi_srli_4                  
000082c6  __mspabi_srli_5                  
000082c2  __mspabi_srli_6                  
000082be  __mspabi_srli_7                  
000082ba  __mspabi_srli_8                  
000082b6  __mspabi_srli_9                  
000083c8  _c_int00_noargs                  
0000fffe  _reset_vector                    
000005b0  _stack                           
00008500  _system_post_cinit               
000084fa  _system_pre_init                 
000084d0  abort                            
000084c0  disableAttitudeSubsystem         
000084d6  disableOBCSubsystem              
000084dc  disablePayloadSubsystem          
000084e2  disableTelecommunicationSubsystem
0000023c  elapsedTime_millisecond          
000084c8  enableAttitudeSubsystem          
000084e8  enableOBCSubsystem               
000084ee  enablePayloadSubsystem           
000084f4  enableTelecommunicationSubsystem 
0000844e  getSwitchState                   
00008240  initMSP430_UART                  
00008000  main                             
00008460  memcpy                           
00008370  sendBatterieVoltage              
0000838e  sendSwitchState                  
00008136  setSwitchState                   
0000023e  switchState                      
000084a0  uart_getc                        
000084ac  uart_putc                        
00008472  uart_puts                        
00000232  value                            
00000236  voltage_mV                       


GLOBAL SYMBOLS: SORTED BY Symbol Address 

address   name                             
-------   ----                             
00000000  IE1                              
00000001  IE2                              
00000002  IFG1                             
00000003  IFG2                             
00000010  P3REN                            
00000011  P4REN                            
00000018  P3IN                             
00000019  P3OUT                            
0000001a  P3DIR                            
0000001b  P3SEL                            
0000001c  P4IN                             
0000001d  P4OUT                            
0000001e  P4DIR                            
0000001f  P4SEL                            
00000020  P1IN                             
00000021  P1OUT                            
00000022  P1DIR                            
00000023  P1IFG                            
00000024  P1IES                            
00000025  P1IE                             
00000026  P1SEL                            
00000027  P1REN                            
00000028  P2IN                             
00000029  P2OUT                            
0000002a  P2DIR                            
0000002b  P2IFG                            
0000002c  P2IES                            
0000002d  P2IE                             
0000002e  P2SEL                            
0000002f  P2REN                            
00000048  ADC10DTC0                        
00000049  ADC10DTC1                        
0000004a  ADC10AE0                         
0000004b  ADC10AE1                         
00000050  __STACK_SIZE                     
00000053  BCSCTL3                          
00000056  DCOCTL                           
00000057  BCSCTL1                          
00000058  BCSCTL2                          
0000005d  UCA0ABCTL                        
0000005e  UCA0IRTCTL                       
0000005f  UCA0IRRCTL                       
00000060  UCA0CTL0                         
00000061  UCA0CTL1                         
00000062  UCA0BR0                          
00000063  UCA0BR1                          
00000064  UCA0MCTL                         
00000065  UCA0STAT                         
00000066  UCA0RXBUF                        
00000067  UCA0TXBUF                        
00000068  UCB0CTL0                         
00000069  UCB0CTL1                         
0000006a  UCB0BR0                          
0000006b  UCB0BR1                          
0000006c  UCB0I2CIE                        
0000006d  UCB0STAT                         
0000006e  UCB0RXBUF                        
0000006f  UCB0TXBUF                        
000000c0  OA0CTL0                          
000000c1  OA0CTL1                          
000000c2  OA1CTL0                          
000000c3  OA1CTL1                          
00000118  UCB0I2COA                        
0000011a  UCB0I2CSA                        
0000011e  TBIV                             
00000120  WDTCTL                           
00000128  FCTL1                            
0000012a  FCTL2                            
0000012c  FCTL3                            
0000012e  TAIV                             
00000160  TACTL                            
00000162  TACCTL0                          
00000164  TACCTL1                          
00000166  TACCTL2                          
00000170  TAR                              
00000172  TACCR0                           
00000174  TACCR1                           
00000176  TACCR2                           
00000180  TBCTL                            
00000182  TBCCTL0                          
00000184  TBCCTL1                          
00000186  TBCCTL2                          
00000190  TBR                              
00000192  TBCCR0                           
00000194  TBCCR1                           
00000196  TBCCR2                           
000001b0  ADC10CTL0                        
000001b2  ADC10CTL1                        
000001b4  ADC10MEM                         
000001bc  ADC10SA                          
00000200  RxBuffer                         
00000232  value                            
00000236  voltage_mV                       
0000023a  RxBufferIndex                    
0000023c  elapsedTime_millisecond          
0000023e  switchState                      
00000240  IsReceiving                      
000005b0  _stack                           
00000600  __STACK_END                      
000010f8  CALDCO_16MHZ                     
000010f9  CALBC1_16MHZ                     
000010fa  CALDCO_12MHZ                     
000010fb  CALBC1_12MHZ                     
000010fc  CALDCO_8MHZ                      
000010fd  CALBC1_8MHZ                      
000010fe  CALDCO_1MHZ                      
000010ff  CALBC1_1MHZ                      
00008000  main                             
000080ba  __TI_decompress_lzss             
00008136  setSwitchState                   
00008190  USCI0RX_ISR                      
000081e8  __mspabi_divul                   
000081e8  __mspabi_remul                   
00008240  initMSP430_UART                  
00008290  __mspabi_srli                    
0000829e  __mspabi_srli_15                 
000082a2  __mspabi_srli_14                 
000082a6  __mspabi_srli_13                 
000082aa  __mspabi_srli_12                 
000082ae  __mspabi_srli_11                 
000082b2  __mspabi_srli_10                 
000082b6  __mspabi_srli_9                  
000082ba  __mspabi_srli_8                  
000082be  __mspabi_srli_7                  
000082c2  __mspabi_srli_6                  
000082c6  __mspabi_srli_5                  
000082ca  __mspabi_srli_4                  
000082ce  __mspabi_srli_3                  
000082d2  __mspabi_srli_2                  
000082d6  __mspabi_srli_1                  
000082dc  __TI_auto_init_nobinit_nopinit   
0000831e  __mspabi_slli                    
0000832a  __mspabi_slli_15                 
0000832c  __mspabi_slli_14                 
0000832e  __mspabi_slli_13                 
00008330  __mspabi_slli_12                 
00008332  __mspabi_slli_11                 
00008334  __mspabi_slli_10                 
00008336  __mspabi_slli_9                  
00008338  __mspabi_slli_8                  
0000833a  __mspabi_slli_7                  
0000833c  __mspabi_slli_6                  
0000833e  __mspabi_slli_5                  
00008340  __mspabi_slli_4                  
00008342  __mspabi_slli_3                  
00008344  __mspabi_slli_2                  
00008346  __mspabi_slli_1                  
0000834a  __mspabi_mpyl                    
0000834a  __mspabi_mpyl_sw                 
00008370  sendBatterieVoltage              
0000838e  sendSwitchState                  
000083ac  ConfigureAdc                     
000083c8  _c_int00_noargs                  
000083e4  ConfigureSwitchGpioInit          
000083fe  ConfigureTimerA                  
00008416  __TI_zero_init_nomemset          
0000842a  ADC10_ISR                        
0000843c  __TI_decompress_none             
0000844e  getSwitchState                   
00008460  memcpy                           
00008472  uart_puts                        
00008484  __mspabi_func_epilog_7           
00008486  __mspabi_func_epilog_6           
00008488  __mspabi_func_epilog_5           
0000848a  __mspabi_func_epilog_4           
0000848c  __mspabi_func_epilog_3           
0000848e  __mspabi_func_epilog_2           
00008490  __mspabi_func_epilog_1           
00008494  Timer_A                          
000084a0  uart_getc                        
000084ac  uart_putc                        
000084b8  __TI_ISR_TRAP                    
000084c0  disableAttitudeSubsystem         
000084c8  enableAttitudeSubsystem          
000084d0  C$$EXIT                          
000084d0  abort                            
000084d6  disableOBCSubsystem              
000084dc  disablePayloadSubsystem          
000084e2  disableTelecommunicationSubsystem
000084e8  enableOBCSubsystem               
000084ee  enablePayloadSubsystem           
000084f4  enableTelecommunicationSubsystem 
000084fa  _system_pre_init                 
000084fe  USCI0TX_ISR                      
00008500  _system_post_cinit               
00008510  __TI_Handler_Table_Base          
00008516  __TI_Handler_Table_Limit         
0000851a  __TI_CINIT_Base                  
00008522  __TI_CINIT_Limit                 
0000ffe4  __TI_int02                       
0000ffe6  __TI_int03                       
0000ffea  __TI_int05                       
0000ffec  __TI_int06                       
0000ffee  __TI_int07                       
0000fff0  __TI_int08                       
0000fff2  __TI_int09                       
0000fff4  __TI_int10                       
0000fff8  __TI_int12                       
0000fffa  __TI_int13                       
0000fffc  __TI_int14                       
0000fffe  _reset_vector                    
ffffffff  __TI_pprof_out_hndl              
ffffffff  __TI_prof_data_size              
ffffffff  __TI_prof_data_start             
ffffffff  __c_args__                       

[205 symbols]
